Archive member included to satisfy reference by file (symbol)

C:/devkitPro/libctru/lib\libcitro2d.a(base.o)
                              main.o (C2D_Init)
C:/devkitPro/libctru/lib\libcitro2d.a(render2d.shbin.o)
                              C:/devkitPro/libctru/lib\libcitro2d.a(base.o) (render2d_shbin_size)
C:/devkitPro/libctru/lib\libcitro3d.a(base.o)
                              main.o (C3D_Init)
C:/devkitPro/libctru/lib\libcitro3d.a(renderqueue.o)
                              main.o (C3D_FrameBegin)
C:/devkitPro/libctru/lib\libcitro3d.a(texture.o)
                              C:/devkitPro/libctru/lib\libcitro2d.a(base.o) (C3D_TexBind)
C:/devkitPro/libctru/lib\libcitro3d.a(framebuffer.o)
                              C:/devkitPro/libctru/lib\libcitro3d.a(renderqueue.o) (C3D_CalcColorBufSize)
C:/devkitPro/libctru/lib\libcitro3d.a(texenv.o)
                              C:/devkitPro/libctru/lib\libcitro2d.a(base.o) (C3D_GetTexEnv)
C:/devkitPro/libctru/lib\libcitro3d.a(proctex.o)
                              C:/devkitPro/libctru/lib\libcitro2d.a(base.o) (C3D_ProcTexInit)
C:/devkitPro/libctru/lib\libcitro3d.a(buffers.o)
                              C:/devkitPro/libctru/lib\libcitro2d.a(base.o) (BufInfo_Init)
C:/devkitPro/libctru/lib\libcitro3d.a(drawArrays.o)
                              C:/devkitPro/libctru/lib\libcitro2d.a(base.o) (C3D_DrawArrays)
C:/devkitPro/libctru/lib\libcitro3d.a(effect.o)
                              C:/devkitPro/libctru/lib\libcitro3d.a(base.o) (C3D_DepthMap)
C:/devkitPro/libctru/lib\libcitro3d.a(attribs.o)
                              C:/devkitPro/libctru/lib\libcitro2d.a(base.o) (AttrInfo_Init)
C:/devkitPro/libctru/lib\libcitro3d.a(immediate.o)
                              C:/devkitPro/libctru/lib\libcitro3d.a(base.o) (C3D_ImmSendAttrib)
C:/devkitPro/libctru/lib\libcitro3d.a(uniforms.o)
                              C:/devkitPro/libctru/lib\libcitro3d.a(base.o) (C3D_UpdateUniforms)
C:/devkitPro/libctru/lib\libcitro3d.a(mtx_ortho.o)
                              C:/devkitPro/libctru/lib\libcitro2d.a(base.o) (Mtx_Ortho)
C:/devkitPro/libctru/lib\libcitro3d.a(mtx_orthotilt.o)
                              C:/devkitPro/libctru/lib\libcitro2d.a(base.o) (Mtx_OrthoTilt)
C:/devkitPro/libctru/lib\libctru.a(vram.o)
                              C:/devkitPro/libctru/lib\libcitro3d.a(renderqueue.o) (vramAlloc)
C:/devkitPro/libctru/lib\libctru.a(linear.o)
                              C:/devkitPro/libctru/lib\libcitro2d.a(base.o) (linearAlloc)
C:/devkitPro/libctru/lib\libctru.a(mem_pool.o)
                              C:/devkitPro/libctru/lib\libctru.a(vram.o) (MemPool::Allocate(MemChunk&, unsigned long, int))
C:/devkitPro/libctru/lib\libctru.a(os.o)
                              C:/devkitPro/libctru/lib\libcitro3d.a(texture.o) (osConvertVirtToPhys)
C:/devkitPro/libctru/lib\libctru.a(console.o)
                              main.o (consoleInit)
C:/devkitPro/libctru/lib\libctru.a(gfx.o)
                              C:/devkitPro/libctru/lib\libcitro3d.a(renderqueue.o) (gfxIs3D)
C:/devkitPro/libctru/lib\libctru.a(shaderProgram.o)
                              C:/devkitPro/libctru/lib\libcitro2d.a(base.o) (shaderInstanceGetUniformLocation)
C:/devkitPro/libctru/lib\libctru.a(shbin.o)
                              C:/devkitPro/libctru/lib\libcitro2d.a(base.o) (DVLB_ParseFile)
C:/devkitPro/libctru/lib\libctru.a(gx.o)
                              C:/devkitPro/libctru/lib\libctru.a(gfx.o) (gxCmdBuf)
C:/devkitPro/libctru/lib\libctru.a(gxqueue.o)
                              C:/devkitPro/libctru/lib\libcitro3d.a(renderqueue.o) (gxCmdQueueClear)
C:/devkitPro/libctru/lib\libctru.a(gpu.o)
                              C:/devkitPro/libctru/lib\libcitro3d.a(base.o) (gpuCmdBufOffset)
C:/devkitPro/libctru/lib\libctru.a(gspgpu.o)
                              C:/devkitPro/libctru/lib\libctru.a(gfx.o) (gspInit)
C:/devkitPro/libctru/lib\libctru.a(apt.o)
                              C:/devkitPro/libctru/lib\libcitro3d.a(base.o) (aptHook)
C:/devkitPro/libctru/lib\libctru.a(hid.o)
                              main.o (hidScanInput)
C:/devkitPro/libctru/lib\libctru.a(ptmsysm.o)
                              C:/devkitPro/libctru/lib\libctru.a(os.o) (ptmSysmInit)
C:/devkitPro/libctru/lib\libctru.a(rbtree_init.o)
                              C:/devkitPro/libctru/lib\libctru.a(vram.o) (rbtree_init)
C:/devkitPro/libctru/lib\libctru.a(rbtree_insert.o)
                              C:/devkitPro/libctru/lib\libctru.a(vram.o) (rbtree_insert)
C:/devkitPro/libctru/lib\libctru.a(rbtree_rotate.o)
                              C:/devkitPro/libctru/lib\libctru.a(rbtree_insert.o) (rbtree_rotate)
C:/devkitPro/libctru/lib\libctru.a(rbtree_remove.o)
                              C:/devkitPro/libctru/lib\libctru.a(vram.o) (rbtree_remove)
C:/devkitPro/libctru/lib\libctru.a(rbtree_find.o)
                              C:/devkitPro/libctru/lib\libctru.a(vram.o) (rbtree_find)
C:/devkitPro/libctru/lib\libctru.a(initSystem.o)
[...]
Memory Configuration

Name             Origin             Length             Attributes
*default*        0x0000000000000000 0xffffffffffffffff

Linker script and memory map

                0x0000000000100000                PROVIDE (__start__ = 0x100000)
                0x0000000000100000                . = __start__

.text           0x0000000000100000    0x21d84
 *(.crt0)
 .crt0          0x0000000000100000       0x94 c:/devkitpro/devkitarm/bin/../lib/gcc/arm-none-eabi/9.1.0/../../../../arm-none-eabi/lib/armv6k/fpu/3dsx_crt0.o
                0x0000000000100000                _start
                0x0000000000100008                __service_ptr
                0x000000000010000c                __apt_appid
                0x0000000000100010                __heap_size
                0x0000000000100014                __linear_heap_size
                0x0000000000100018                __system_arglist
                0x000000000010001c                __system_runflags
 *(.init)
 .init          0x0000000000100094        0xc c:/devkitpro/devkitarm/bin/../lib/gcc/arm-none-eabi/9.1.0/armv6k/fpu/crti.o
                0x0000000000100094                _init
 .init          0x00000000001000a0        0xc c:/devkitpro/devkitarm/bin/../lib/gcc/arm-none-eabi/9.1.0/armv6k/fpu/crtn.o
                0x00000000001000ac                . = ALIGN (0x4)
 *(.text)
 .text          0x00000000001000ac       0x64 C:/devkitPro/libctru/lib\libctru.a(stack_adjust.o)
                0x00000000001000ac                initSystem
                0x00000000001000f0                __ctru_exit
 .text          0x0000000000100110      0x240 c:/devkitpro/devkitarm/bin/../lib/gcc/arm-none-eabi/9.1.0/armv6k/fpu\libgcc.a(_divsi3.o)
                0x0000000000100110                __divsi3
                0x0000000000100110                __aeabi_idiv
                0x0000000000100330                __aeabi_idivmod
 .text          0x0000000000100350        0x4 c:/devkitpro/devkitarm/bin/../lib/gcc/arm-none-eabi/9.1.0/armv6k/fpu\libgcc.a(_dvmd_tls.o)
                0x0000000000100350                __aeabi_idiv0
                0x0000000000100350                __aeabi_ldiv0
 .text          0x0000000000100354      0x3c0 c:/devkitpro/devkitarm/bin/../lib/gcc/arm-none-eabi/9.1.0/armv6k/fpu\libgcc.a(_arm_addsubdf3.o)
                0x0000000000100354                __aeabi_drsub
                0x000000000010035c                __aeabi_dsub
                0x000000000010035c                __subdf3
                0x0000000000100360                __aeabi_dadd
                0x0000000000100360                __adddf3
                0x000000000010060c                __floatunsidf
                0x000000000010060c                __aeabi_ui2d
                0x0000000000100630                __floatsidf
                0x0000000000100630                __aeabi_i2d
                0x0000000000100658                __aeabi_f2d
                0x0000000000100658                __extendsfdf2
                0x00000000001006a0                __floatundidf
                0x00000000001006a0                __aeabi_ul2d
                0x00000000001006b4                __floatdidf
                0x00000000001006b4                __aeabi_l2d
 .text          0x0000000000100714       0x3c c:/devkitpro/devkitarm/bin/../lib/gcc/arm-none-eabi/9.1.0/armv6k/fpu\libgcc.a(_aeabi_uldivmod.o)
                0x0000000000100714                __aeabi_uldivmod
 *fill*         0x0000000000100750       0x10 
 .text          0x0000000000100760      0x390 c:/devkitpro/devkitarm/bin/../lib/gcc/arm-none-eabi/9.1.0/../../../../arm-none-eabi/lib/armv6k/fpu\libg.a(lib_a-strcmp.o)
                0x0000000000100768                strcmp
 .text          0x0000000000100af0      0x20c c:/devkitpro/devkitarm/bin/../lib/gcc/arm-none-eabi/9.1.0/armv6k/fpu\libgcc.a(_udivsi3.o)
                0x0000000000100af0                __aeabi_uidiv
                0x0000000000100af0                __udivsi3
                0x0000000000100cdc                __aeabi_uidivmod
 *(.text.*)
 .text.deregister_tm_clones
                0x0000000000100cfc       0x2c c:/devkitpro/devkitarm/bin/../lib/gcc/arm-none-eabi/9.1.0/armv6k/fpu/crtbegin.o
 .text.register_tm_clones
                0x0000000000100d28       0x38 c:/devkitpro/devkitarm/bin/../lib/gcc/arm-none-eabi/9.1.0/armv6k/fpu/crtbegin.o
 .text.__do_global_dtors_aux
                0x0000000000100d60       0x44 c:/devkitpro/devkitarm/bin/../lib/gcc/arm-none-eabi/9.1.0/armv6k/fpu/crtbegin.o
 .text.frame_dummy
                0x0000000000100da4       0x34 c:/devkitpro/devkitarm/bin/../lib/gcc/arm-none-eabi/9.1.0/armv6k/fpu/crtbegin.o
 .text.startup.main
                0x0000000000100dd8      0x26c main.o
                0x0000000000100dd8                main
 .text.C2D_Init
                0x0000000000101044      0x330 C:/devkitPro/libctru/lib\libcitro2d.a(base.o)
                0x0000000000101044                C2D_Init
 .text.C2D_Fini
                0x0000000000101374       0x44 C:/devkitPro/libctru/lib\libcitro2d.a(base.o)
                0x0000000000101374                C2D_Fini
 .text.C2D_Prepare
                0x00000000001013b8       0xc8 C:/devkitPro/libctru/lib\libcitro2d.a(base.o)
                0x00000000001013b8                C2D_Prepare
 .text.C2D_SceneSize
                0x0000000000101480      0x10c C:/devkitPro/libctru/lib\libcitro2d.a(base.o)
                0x0000000000101480                C2D_SceneSize
 .text.C2D_CreateScreenTarget
                0x000000000010158c       0x44 C:/devkitPro/libctru/lib\libcitro2d.a(base.o)
                0x000000000010158c                C2D_CreateScreenTarget
 .text.C2Di_FlushVtxBuf
                0x00000000001015d0       0x30 C:/devkitPro/libctru/lib\libcitro2d.a(base.o)
                0x00000000001015d0                C2Di_FlushVtxBuf
 .text.C2Di_FrameEndHook
                0x0000000000101600       0x20 C:/devkitPro/libctru/lib\libcitro2d.a(base.o)
 .text.C2D_Flush
                0x0000000000101620       0x18 C:/devkitPro/libctru/lib\libcitro2d.a(base.o)
                0x0000000000101620                C2D_Flush
 .text.C2D_TargetClear
                0x0000000000101638       0x30 C:/devkitPro/libctru/lib\libcitro2d.a(base.o)
                0x0000000000101638                C2D_TargetClear
 .text.C2Di_Update
                0x0000000000101668      0x210 C:/devkitPro/libctru/lib\libcitro2d.a(base.o)
                0x0000000000101668                C2Di_Update
 .text.C2D_DrawTriangle
                0x0000000000101878      0x11c C:/devkitPro/libctru/lib\libcitro2d.a(base.o)
                0x0000000000101878                C2D_DrawTriangle
 .text.C2D_DrawRectangle
                0x0000000000101994      0x19c C:/devkitPro/libctru/lib\libcitro2d.a(base.o)
                0x0000000000101994                C2D_DrawRectangle
 .text.C2D_DrawEllipse
                0x0000000000101b30      0x190 C:/devkitPro/libctru/lib\libcitro2d.a(base.o)
                0x0000000000101b30                C2D_DrawEllipse
 .text.C3Di_SplitFrame.part.1
                0x0000000000101cc0       0xc4 C:/devkitPro/libctru/lib\libcitro3d.a(base.o)
 .text.C3Di_LightEnvUpdate
                0x0000000000101d84        0x4 C:/devkitPro/libctru/lib\libcitro3d.a(base.o)
                0x0000000000101d84                C3Di_LightEnvUpdate
 .text.C3Di_LightEnvDirty
                0x0000000000101d88        0x4 C:/devkitPro/libctru/lib\libcitro3d.a(base.o)
                0x0000000000101d88                C3Di_LightEnvDirty
 .text.C3Di_AptEventHook
                0x0000000000101d8c       0xac C:/devkitPro/libctru/lib\libcitro3d.a(base.o)
 .text.C3Di_GasUpdate
                0x0000000000101e38        0x4 C:/devkitPro/libctru/lib\libcitro3d.a(base.o)
                0x0000000000101e38                C3Di_GasUpdate
 .text.C3D_Init
                0x0000000000101e3c      0x21c C:/devkitPro/libctru/lib\libcitro3d.a(base.o)
                0x0000000000101e3c                C3D_Init
 .text.C3D_SetViewport
                0x0000000000102058       0x98 C:/devkitPro/libctru/lib\libcitro3d.a(base.o)
                0x0000000000102058                C3D_SetViewport
 .text.C3Di_UpdateContext
                0x00000000001020f0      0x50c C:/devkitPro/libctru/lib\libcitro3d.a(base.o)
                0x00000000001020f0                C3Di_UpdateContext
 .text.C3Di_SplitFrame
                0x00000000001025fc       0x20 C:/devkitPro/libctru/lib\libcitro3d.a(base.o)
                0x00000000001025fc                C3Di_SplitFrame
 .text.C3D_GetCmdBufUsage
                0x000000000010261c       0x10 C:/devkitPro/libctru/lib\libcitro3d.a(base.o)
                0x000000000010261c                C3D_GetCmdBufUsage
 .text.C3D_Fini
                0x000000000010262c       0x64 C:/devkitPro/libctru/lib\libcitro3d.a(base.o)
                0x000000000010262c                C3D_Fini
 .text.C3D_BindProgram
                0x0000000000102690      0x114 C:/devkitPro/libctru/lib\libcitro3d.a(base.o)
                0x0000000000102690                C3D_BindProgram
 .text.C3Di_RenderQueueInit
                0x00000000001027a4       0x54 C:/devkitPro/libctru/lib\libcitro3d.a(renderqueue.o)
 .text.C3Di_RenderTargetDestroy
                0x00000000001027f8       0x80 C:/devkitPro/libctru/lib\libcitro3d.a(renderqueue.o)
 .text.onVBlank1
                0x0000000000102878       0xac C:/devkitPro/libctru/lib\libcitro3d.a(renderqueue.o)
 .text.onVBlank0
                0x0000000000102924      0x13c C:/devkitPro/libctru/lib\libcitro3d.a(renderqueue.o)
 .text.C3Di_RenderTargetNew
                0x0000000000102a60        0xc C:/devkitPro/libctru/lib\libcitro3d.a(renderqueue.o)
 .text.C3Di_WaitAndClearQueue
                0x0000000000102a6c       0x7c C:/devkitPro/libctru/lib\libcitro3d.a(renderqueue.o)
 .text.onQueueFinish
                0x0000000000102ae8       0xc0 C:/devkitPro/libctru/lib\libcitro3d.a(renderqueue.o)
 .text.C3D_FrameSplit.part.6
                0x0000000000102ba8       0x44 C:/devkitPro/libctru/lib\libcitro3d.a(renderqueue.o)
 .text.C3D_FrameSync
                0x0000000000102bec       0x30 C:/devkitPro/libctru/lib\libcitro3d.a(renderqueue.o)
                0x0000000000102bec                C3D_FrameSync
 .text.C3Di_RenderQueueExit
                0x0000000000102c1c       0xa0 C:/devkitPro/libctru/lib\libcitro3d.a(renderqueue.o)
                0x0000000000102c1c                C3Di_RenderQueueExit
 .text.C3Di_RenderQueueWaitDone
                0x0000000000102cbc       0x20 C:/devkitPro/libctru/lib\libcitro3d.a(renderqueue.o)
                0x0000000000102cbc                C3Di_RenderQueueWaitDone
 .text.C3D_FrameBegin
                0x0000000000102cdc       0x7c C:/devkitPro/libctru/lib\libcitro3d.a(renderqueue.o)
                0x0000000000102cdc                C3D_FrameBegin
 .text.C3D_FrameDrawOn
                0x0000000000102d58       0x48 C:/devkitPro/libctru/lib\libcitro3d.a(renderqueue.o)
                0x0000000000102d58                C3D_FrameDrawOn
 .text.C3D_FrameSplit
                0x0000000000102da0       0x18 C:/devkitPro/libctru/lib\libcitro3d.a(renderqueue.o)
                0x0000000000102da0                C3D_FrameSplit
 .text.C3D_FrameEnd
                0x0000000000102db8      0x164 C:/devkitPro/libctru/lib\libcitro3d.a(renderqueue.o)
                0x0000000000102db8                C3D_FrameEnd
 .text.C3D_FrameEndHook
                0x0000000000102f1c       0x1c C:/devkitPro/libctru/lib\libcitro3d.a(renderqueue.o)
                0x0000000000102f1c                C3D_FrameEndHook
 .text.C3D_GetDrawingTime
                0x0000000000102f38       0x18 C:/devkitPro/libctru/lib\libcitro3d.a(renderqueue.o)
                0x0000000000102f38                C3D_GetDrawingTime
 .text.C3D_GetProcessingTime
                0x0000000000102f50       0x18 C:/devkitPro/libctru/lib\libcitro3d.a(renderqueue.o)
                0x0000000000102f50                C3D_GetProcessingTime
 .text.C3D_RenderTargetCreate
                0x0000000000102f68      0x17c C:/devkitPro/libctru/lib\libcitro3d.a(renderqueue.o)
                0x0000000000102f68                C3D_RenderTargetCreate
 .text.C3D_RenderTargetSetOutput
                0x00000000001030e4       0x4c C:/devkitPro/libctru/lib\libcitro3d.a(renderqueue.o)
                0x00000000001030e4                C3D_RenderTargetSetOutput
 .text.C3D_TexBind
                0x0000000000103130       0x48 C:/devkitPro/libctru/lib\libcitro3d.a(texture.o)
                0x0000000000103130                C3D_TexBind
 .text.C3Di_SetTex
                0x0000000000103178      0x174 C:/devkitPro/libctru/lib\libcitro3d.a(texture.o)
                0x0000000000103178                C3Di_SetTex
 .text.C3D_CalcColorBufSize
                0x00000000001032ec       0x1c C:/devkitPro/libctru/lib\libcitro3d.a(framebuffer.o)
                0x00000000001032ec                C3D_CalcColorBufSize
 .text.C3D_CalcDepthBufSize
                0x0000000000103308       0x1c C:/devkitPro/libctru/lib\libcitro3d.a(framebuffer.o)
                0x0000000000103308                C3D_CalcDepthBufSize
 .text.C3D_SetFrameBuf
                0x0000000000103324       0x44 C:/devkitPro/libctru/lib\libcitro3d.a(framebuffer.o)
                0x0000000000103324                C3D_SetFrameBuf
 .text.C3Di_FrameBufBind
                0x0000000000103368      0x168 C:/devkitPro/libctru/lib\libcitro3d.a(framebuffer.o)
                0x0000000000103368                C3Di_FrameBufBind
 .text.C3D_FrameBufClear
                0x00000000001034d0       0xc8 C:/devkitPro/libctru/lib\libcitro3d.a(framebuffer.o)
                0x00000000001034d0                C3D_FrameBufClear
 .text.C3D_FrameBufTransfer
                0x0000000000103598       0x48 C:/devkitPro/libctru/lib\libcitro3d.a(framebuffer.o)
                0x0000000000103598                C3D_FrameBufTransfer
 .text.C3D_GetTexEnv
                0x00000000001035e0       0x34 C:/devkitPro/libctru/lib\libcitro3d.a(texenv.o)
                0x00000000001035e0                C3D_GetTexEnv
 .text.C3Di_TexEnvBind
                0x0000000000103614       0x24 C:/devkitPro/libctru/lib\libcitro3d.a(texenv.o)
                0x0000000000103614                C3Di_TexEnvBind
 .text.C3D_ProcTexInit
                0x0000000000103638       0x6c C:/devkitPro/libctru/lib\libcitro3d.a(proctex.o)
                0x0000000000103638                C3D_ProcTexInit
 .text.C3D_ProcTexBind
                0x00000000001036a4       0x50 C:/devkitPro/libctru/lib\libcitro3d.a(proctex.o)
                0x00000000001036a4                C3D_ProcTexBind
 .text.C3D_ProcTexLutBind
                0x00000000001036f4       0x60 C:/devkitPro/libctru/lib\libcitro3d.a(proctex.o)
                0x00000000001036f4                C3D_ProcTexLutBind
 .text.ProcTexLut_FromArray
                0x0000000000103754       0xa4 C:/devkitPro/libctru/lib\libcitro3d.a(proctex.o)
                0x0000000000103754                ProcTexLut_FromArray
 .text.C3Di_ProcTexUpdate
                0x00000000001037f8      0x174 C:/devkitPro/libctru/lib\libcitro3d.a(proctex.o)
                0x00000000001037f8                C3Di_ProcTexUpdate
 .text.C3Di_ProcTexDirty
                0x000000000010396c       0x68 C:/devkitPro/libctru/lib\libcitro3d.a(proctex.o)
                0x000000000010396c                C3Di_ProcTexDirty
 .text.BufInfo_Init
                0x00000000001039d4       0x24 C:/devkitPro/libctru/lib\libcitro3d.a(buffers.o)
                0x00000000001039d4                BufInfo_Init
 .text.BufInfo_Add
                0x00000000001039f8       0x84 C:/devkitPro/libctru/lib\libcitro3d.a(buffers.o)
                0x00000000001039f8                BufInfo_Add
 .text.C3D_SetBufInfo
                0x0000000000103a7c       0x40 C:/devkitPro/libctru/lib\libcitro3d.a(buffers.o)
                0x0000000000103a7c                C3D_SetBufInfo
 .text.C3Di_BufInfoBind
                0x0000000000103abc       0x48 C:/devkitPro/libctru/lib\libcitro3d.a(buffers.o)
                0x0000000000103abc                C3Di_BufInfoBind
 .text.C3D_DrawArrays
                0x0000000000103b04      0x148 C:/devkitPro/libctru/lib\libcitro3d.a(drawArrays.o)
                0x0000000000103b04                C3D_DrawArrays
 .text.C3D_DepthMap
                0x0000000000103c4c       0x40 C:/devkitPro/libctru/lib\libcitro3d.a(effect.o)
                0x0000000000103c4c                C3D_DepthMap
 .text.C3D_CullFace
                0x0000000000103c8c       0x1c C:/devkitPro/libctru/lib\libcitro3d.a(effect.o)
                0x0000000000103c8c                C3D_CullFace
 .text.C3D_StencilTest
                0x0000000000103ca8       0x40 C:/devkitPro/libctru/lib\libcitro3d.a(effect.o)
                0x0000000000103ca8                C3D_StencilTest
 .text.C3D_StencilOp
                0x0000000000103ce8       0x24 C:/devkitPro/libctru/lib\libcitro3d.a(effect.o)
                0x0000000000103ce8                C3D_StencilOp
 .text.C3D_BlendingColor
                0x0000000000103d0c       0x1c C:/devkitPro/libctru/lib\libcitro3d.a(effect.o)
                0x0000000000103d0c                C3D_BlendingColor
 .text.C3D_EarlyDepthTest
                0x0000000000103d28       0x24 C:/devkitPro/libctru/lib\libcitro3d.a(effect.o)
                0x0000000000103d28                C3D_EarlyDepthTest
 .text.C3D_DepthTest
                0x0000000000103d4c       0x2c C:/devkitPro/libctru/lib\libcitro3d.a(effect.o)
                0x0000000000103d4c                C3D_DepthTest
 .text.C3D_AlphaTest
                0x0000000000103d78       0x2c C:/devkitPro/libctru/lib\libcitro3d.a(effect.o)
                0x0000000000103d78                C3D_AlphaTest
 .text.C3D_AlphaBlend
                0x0000000000103da4       0x50 C:/devkitPro/libctru/lib\libcitro3d.a(effect.o)
                0x0000000000103da4                C3D_AlphaBlend
 .text.C3D_FragOpMode
                0x0000000000103df4       0x30 C:/devkitPro/libctru/lib\libcitro3d.a(effect.o)
                0x0000000000103df4                C3D_FragOpMode
 .text.C3D_FragOpShadow
                0x0000000000103e24       0x44 C:/devkitPro/libctru/lib\libcitro3d.a(effect.o)
                0x0000000000103e24                C3D_FragOpShadow
 .text.C3Di_EffectBind
                0x0000000000103e68      0x1ac C:/devkitPro/libctru/lib\libcitro3d.a(effect.o)
                0x0000000000103e68                C3Di_EffectBind
 .text.AttrInfo_Init
                0x0000000000104014       0x28 C:/devkitPro/libctru/lib\libcitro3d.a(attribs.o)
                0x0000000000104014                AttrInfo_Init
 .text.AttrInfo_AddLoader
                0x000000000010403c       0xa0 C:/devkitPro/libctru/lib\libcitro3d.a(attribs.o)
                0x000000000010403c                AttrInfo_AddLoader
 .text.C3D_SetAttrInfo
                0x00000000001040dc       0x54 C:/devkitPro/libctru/lib\libcitro3d.a(attribs.o)
                0x00000000001040dc                C3D_SetAttrInfo
 .text.C3Di_AttrInfoBind
                0x0000000000104130       0x80 C:/devkitPro/libctru/lib\libcitro3d.a(attribs.o)
                0x0000000000104130                C3Di_AttrInfoBind
 .text.C3D_ImmSendAttrib
                0x00000000001041b0       0xa4 C:/devkitPro/libctru/lib\libcitro3d.a(immediate.o)
                0x00000000001041b0                C3D_ImmSendAttrib
 .text.C3D_UpdateUniforms
                0x0000000000104254      0x2b8 C:/devkitPro/libctru/lib\libcitro3d.a(uniforms.o)
                0x0000000000104254                C3D_UpdateUniforms
 .text.C3Di_DirtyUniforms
                0x000000000010450c       0xc0 C:/devkitPro/libctru/lib\libcitro3d.a(uniforms.o)
                0x000000000010450c                C3Di_DirtyUniforms
 .text.C3Di_LoadShaderUniforms
                0x00000000001045cc       0xe0 C:/devkitPro/libctru/lib\libcitro3d.a(uniforms.o)
                0x00000000001045cc                C3Di_LoadShaderUniforms
 .text.C3Di_ClearShaderUniforms
                0x00000000001046ac       0x28 C:/devkitPro/libctru/lib\libcitro3d.a(uniforms.o)
                0x00000000001046ac                C3Di_ClearShaderUniforms
 .text.Mtx_Ortho
                0x00000000001046d4       0xcc C:/devkitPro/libctru/lib\libcitro3d.a(mtx_ortho.o)
                0x00000000001046d4                Mtx_Ortho
 .text.Mtx_OrthoTilt
                0x00000000001047a0       0xcc C:/devkitPro/libctru/lib\libcitro3d.a(mtx_orthotilt.o)
                0x00000000001047a0                Mtx_OrthoTilt
 .text._ZL21addrMapNodeComparatorPK11rbtree_nodeS1_
                0x000000000010486c       0x24 C:/devkitPro/libctru/lib\libctru.a(vram.o)
 .text._ZL21addrMapNodeDestructorP11rbtree_node
                0x0000000000104890        0x4 C:/devkitPro/libctru/lib\libctru.a(vram.o)
 .text.vramMemAlign
                0x0000000000104894      0x114 C:/devkitPro/libctru/lib\libctru.a(vram.o)
                0x0000000000104894                vramMemAlign
 .text.vramAlloc
                0x00000000001049a8        0x8 C:/devkitPro/libctru/lib\libctru.a(vram.o)
                0x00000000001049a8                vramAlloc
 .text.vramFree
                0x00000000001049b0       0x54 C:/devkitPro/libctru/lib\libctru.a(vram.o)
                0x00000000001049b0                vramFree
 .text._ZL21addrMapNodeComparatorPK11rbtree_nodeS1_
                0x0000000000104a04       0x24 C:/devkitPro/libctru/lib\libctru.a(linear.o)
 .text._ZL21addrMapNodeDestructorP11rbtree_node
                0x0000000000104a28        0x4 C:/devkitPro/libctru/lib\libctru.a(linear.o)
 .text.linearMemAlign
                0x0000000000104a2c      0x124 C:/devkitPro/libctru/lib\libctru.a(linear.o)
                0x0000000000104a2c                linearMemAlign
 .text.linearAlloc
                0x0000000000104b50        0x8 C:/devkitPro/libctru/lib\libctru.a(linear.o)
                0x0000000000104b50                linearAlloc
 .text.linearFree
                0x0000000000104b58       0x54 C:/devkitPro/libctru/lib\libctru.a(linear.o)
                0x0000000000104b58                linearFree
 .text._ZN7MemPool13CoalesceRightEP8MemBlock
                0x0000000000104bac       0x8c C:/devkitPro/libctru/lib\libctru.a(mem_pool.o)
                0x0000000000104bac                MemPool::CoalesceRight(MemBlock*)
 .text._ZN7MemPool8AllocateER8MemChunkmi
                0x0000000000104c38      0x174 C:/devkitPro/libctru/lib\libctru.a(mem_pool.o)
                0x0000000000104c38                MemPool::Allocate(MemChunk&, unsigned long, int)
 .text._ZN7MemPool10DeallocateERK8MemChunk
                0x0000000000104dac       0xfc C:/devkitPro/libctru/lib\libctru.a(mem_pool.o)
                0x0000000000104dac                MemPool::Deallocate(MemChunk const&)
 .text.getSysTime
                0x0000000000104ea8       0x58 C:/devkitPro/libctru/lib\libctru.a(os.o)
 .text.__ctru_speedup_config.part.0
                0x0000000000104f00       0x28 C:/devkitPro/libctru/lib\libctru.a(os.o)
 .text.osConvertVirtToPhys
                0x0000000000104f28       0x4c C:/devkitPro/libctru/lib\libctru.a(os.o)
                0x0000000000104f28                osConvertVirtToPhys
 .text.osGetMemRegionUsed
                0x0000000000104f74       0x24 C:/devkitPro/libctru/lib\libctru.a(os.o)
                0x0000000000104f74                osGetMemRegionUsed
 .text.__libctru_gtod
                0x0000000000104f98      0x128 C:/devkitPro/libctru/lib\libctru.a(os.o)
                0x0000000000104f98                __libctru_gtod
 .text.osTickCounterRead
                0x00000000001050c0       0x38 C:/devkitPro/libctru/lib\libctru.a(os.o)
                0x00000000001050c0                osTickCounterRead
 .text.__ctru_speedup_config
                0x00000000001050f8       0x18 C:/devkitPro/libctru/lib\libctru.a(os.o)
                0x00000000001050f8                __ctru_speedup_config
 .text.consoleDrawChar
                0x0000000000105110      0x1b8 C:/devkitPro/libctru/lib\libctru.a(console.o)
                0x0000000000105110                consoleDrawChar
 .text.consolePrintChar
                0x00000000001052c8      0x124 C:/devkitPro/libctru/lib\libctru.a(console.o)
                0x00000000001052c8                consolePrintChar
 .text.consoleCls
                0x00000000001053ec      0x15c C:/devkitPro/libctru/lib\libctru.a(console.o)
 .text.consoleInit
                0x0000000000105548      0x104 C:/devkitPro/libctru/lib\libctru.a(console.o)
                0x0000000000105548                consoleInit
 .text.consoleClearLine
                0x000000000010564c      0x10c C:/devkitPro/libctru/lib\libctru.a(console.o)
 .text.newRow   0x0000000000105758       0xc4 C:/devkitPro/libctru/lib\libctru.a(console.o)
 .text.con_write
                0x000000000010581c      0x7cc C:/devkitPro/libctru/lib\libctru.a(console.o)
                0x000000000010581c                con_write
 .text.gfxSetFramebufferInfo.part.0
                0x0000000000105fe8       0x8c C:/devkitPro/libctru/lib\libctru.a(gfx.o)
 .text.gfxSetFramebufferInfo
                0x0000000000106074       0x6c C:/devkitPro/libctru/lib\libctru.a(gfx.o)
 .text.gfxGetFramebuffer.part.0
                0x00000000001060e0       0x58 C:/devkitPro/libctru/lib\libctru.a(gfx.o)
 .text.gfxIs3D  0x0000000000106138       0x10 C:/devkitPro/libctru/lib\libctru.a(gfx.o)
                0x0000000000106138                gfxIs3D
 .text.__get_bytes_per_pixel
                0x0000000000106148       0x18 C:/devkitPro/libctru/lib\libctru.a(gfx.o)
                0x0000000000106148                __get_bytes_per_pixel
 .text.gfxSetScreenFormat
                0x0000000000106160      0x184 C:/devkitPro/libctru/lib\libctru.a(gfx.o)
                0x0000000000106160                gfxSetScreenFormat
 .text.gfxSetDoubleBuffering
                0x00000000001062e4       0x10 C:/devkitPro/libctru/lib\libctru.a(gfx.o)
                0x00000000001062e4                gfxSetDoubleBuffering
 .text.gfxInit  0x00000000001062f4      0x214 C:/devkitPro/libctru/lib\libctru.a(gfx.o)
                0x00000000001062f4                gfxInit
 .text.gfxInitDefault
                0x0000000000106508       0x10 C:/devkitPro/libctru/lib\libctru.a(gfx.o)
                0x0000000000106508                gfxInitDefault
 .text.gfxExit  0x0000000000106518       0xe0 C:/devkitPro/libctru/lib\libctru.a(gfx.o)
                0x0000000000106518                gfxExit
 .text.gfxGetFramebuffer
                0x00000000001065f8       0x64 C:/devkitPro/libctru/lib\libctru.a(gfx.o)
                0x00000000001065f8                gfxGetFramebuffer
 .text.gfxFlushBuffers
                0x000000000010665c       0xcc C:/devkitPro/libctru/lib\libctru.a(gfx.o)
                0x000000000010665c                gfxFlushBuffers
 .text.gfxConfigScreen
                0x0000000000106728       0xf4 C:/devkitPro/libctru/lib\libctru.a(gfx.o)
                0x0000000000106728                gfxConfigScreen
 .text.gfxSwapBuffersGpu
                0x000000000010681c       0x20 C:/devkitPro/libctru/lib\libctru.a(gfx.o)
                0x000000000010681c                gfxSwapBuffersGpu
 .text.shaderInstanceInit
                0x000000000010683c      0x1f0 C:/devkitPro/libctru/lib\libctru.a(shaderProgram.o)
                0x000000000010683c                shaderInstanceInit
 .text.shaderInstanceFree
                0x0000000000106a2c       0x34 C:/devkitPro/libctru/lib\libctru.a(shaderProgram.o)
                0x0000000000106a2c                shaderInstanceFree
 .text.shaderInstanceGetUniformLocation
                0x0000000000106a60       0x18 C:/devkitPro/libctru/lib\libctru.a(shaderProgram.o)
                0x0000000000106a60                shaderInstanceGetUniformLocation
 .text.shaderProgramInit
                0x0000000000106a78       0x18 C:/devkitPro/libctru/lib\libctru.a(shaderProgram.o)
                0x0000000000106a78                shaderProgramInit
 .text.shaderProgramFree
                0x0000000000106a90       0x2c C:/devkitPro/libctru/lib\libctru.a(shaderProgram.o)
                0x0000000000106a90                shaderProgramFree
 .text.shaderProgramSetVsh
                0x0000000000106abc       0x6c C:/devkitPro/libctru/lib\libctru.a(shaderProgram.o)
                0x0000000000106abc                shaderProgramSetVsh
 .text.shaderProgramConfigure
                0x0000000000106b28      0x8b4 C:/devkitPro/libctru/lib\libctru.a(shaderProgram.o)
                0x0000000000106b28                shaderProgramConfigure
 .text.DVLE_GenerateOutmap.part.0
                0x00000000001073dc      0x1f8 C:/devkitPro/libctru/lib\libctru.a(shbin.o)
 .text.DVLB_ParseFile
                0x00000000001075d4      0x1c8 C:/devkitPro/libctru/lib\libctru.a(shbin.o)
                0x00000000001075d4                DVLB_ParseFile
 .text.DVLB_Free
                0x000000000010779c       0x38 C:/devkitPro/libctru/lib\libctru.a(shbin.o)
                0x000000000010779c                DVLB_Free
 .text.DVLE_GetUniformRegister
                0x00000000001077d4       0x78 C:/devkitPro/libctru/lib\libctru.a(shbin.o)
                0x00000000001077d4                DVLE_GetUniformRegister
 .text.submitGxCommand
                0x000000000010784c       0x38 C:/devkitPro/libctru/lib\libctru.a(gx.o)
 .text.GX_BindQueue
                0x0000000000107884       0x10 C:/devkitPro/libctru/lib\libctru.a(gx.o)
                0x0000000000107884                GX_BindQueue
 .text.GX_ProcessCommandList
                0x0000000000107894       0x50 C:/devkitPro/libctru/lib\libctru.a(gx.o)
                0x0000000000107894                GX_ProcessCommandList
 .text.GX_MemoryFill
                0x00000000001078e4       0x54 C:/devkitPro/libctru/lib\libctru.a(gx.o)
                0x00000000001078e4                GX_MemoryFill
 .text.GX_DisplayTransfer
                0x0000000000107938       0x48 C:/devkitPro/libctru/lib\libctru.a(gx.o)
                0x0000000000107938                GX_DisplayTransfer
 .text.gxCmdQueueDoCommands.part.0
                0x0000000000107980       0x74 C:/devkitPro/libctru/lib\libctru.a(gxqueue.o)
 .text.gxCmdQueueInterrupt
                0x00000000001079f4       0xc8 C:/devkitPro/libctru/lib\libctru.a(gxqueue.o)
                0x00000000001079f4                gxCmdQueueInterrupt
 .text.gxCmdQueueClear
                0x0000000000107abc       0x4c C:/devkitPro/libctru/lib\libctru.a(gxqueue.o)
                0x0000000000107abc                gxCmdQueueClear
 .text.gxCmdQueueAdd
                0x0000000000107b08       0xf8 C:/devkitPro/libctru/lib\libctru.a(gxqueue.o)
                0x0000000000107b08                gxCmdQueueAdd
 .text.gxCmdQueueRun
                0x0000000000107c00       0x80 C:/devkitPro/libctru/lib\libctru.a(gxqueue.o)
                0x0000000000107c00                gxCmdQueueRun
 .text.gxCmdQueueStop
                0x0000000000107c80       0x60 C:/devkitPro/libctru/lib\libctru.a(gxqueue.o)
                0x0000000000107c80                gxCmdQueueStop
 .text.gxCmdQueueWait
                0x0000000000107ce0       0x84 C:/devkitPro/libctru/lib\libctru.a(gxqueue.o)
                0x0000000000107ce0                gxCmdQueueWait
 .text.GPUCMD_Add
                0x0000000000107d64      0x13c C:/devkitPro/libctru/lib\libctru.a(gpu.o)
                0x0000000000107d64                GPUCMD_Add
 .text.GPUCMD_Split
                0x0000000000107ea0       0xb0 C:/devkitPro/libctru/lib\libctru.a(gpu.o)
                0x0000000000107ea0                GPUCMD_Split
 .text.f32tof16
                0x0000000000107f50       0x40 C:/devkitPro/libctru/lib\libctru.a(gpu.o)
                0x0000000000107f50                f32tof16
 .text.f32tof24
                0x0000000000107f90       0x40 C:/devkitPro/libctru/lib\libctru.a(gpu.o)
                0x0000000000107f90                f32tof24
 .text.f32tof31
                0x0000000000107fd0       0x44 C:/devkitPro/libctru/lib\libctru.a(gpu.o)
                0x0000000000107fd0                f32tof31
 .text.gspInit  0x0000000000108014       0x74 C:/devkitPro/libctru/lib\libctru.a(gspgpu.o)
                0x0000000000108014                gspInit
 .text.gspExit  0x0000000000108088       0x3c C:/devkitPro/libctru/lib\libctru.a(gspgpu.o)
                0x0000000000108088                gspExit
 .text.gspSetEventCallback
                0x00000000001080c4       0x34 C:/devkitPro/libctru/lib\libctru.a(gspgpu.o)
                0x00000000001080c4                gspSetEventCallback
 .text.gspInitEventHandler
                0x00000000001080f8       0xa4 C:/devkitPro/libctru/lib\libctru.a(gspgpu.o)
                0x00000000001080f8                gspInitEventHandler
 .text.gspExitEventHandler
                0x000000000010819c       0x40 C:/devkitPro/libctru/lib\libctru.a(gspgpu.o)
                0x000000000010819c                gspExitEventHandler
 .text.gspWaitForEvent
                0x00000000001081dc       0x50 C:/devkitPro/libctru/lib\libctru.a(gspgpu.o)
                0x00000000001081dc                gspWaitForEvent
 .text.gspWaitForAnyEvent
                0x000000000010822c       0x64 C:/devkitPro/libctru/lib\libctru.a(gspgpu.o)
                0x000000000010822c                gspWaitForAnyEvent
 .text.gspEventThreadMain
                0x0000000000108290      0x178 C:/devkitPro/libctru/lib\libctru.a(gspgpu.o)
 .text.gspSubmitGxCommand
                0x0000000000108408      0x124 C:/devkitPro/libctru/lib\libctru.a(gspgpu.o)
                0x0000000000108408                gspSubmitGxCommand
 .text.GSPGPU_SetBufferSwap
                0x000000000010852c       0x6c C:/devkitPro/libctru/lib\libctru.a(gspgpu.o)
                0x000000000010852c                GSPGPU_SetBufferSwap
 .text.GSPGPU_FlushDataCache
                0x0000000000108598       0x4c C:/devkitPro/libctru/lib\libctru.a(gspgpu.o)
                0x0000000000108598                GSPGPU_FlushDataCache
 .text.GSPGPU_SetLcdForceBlack
                0x00000000001085e4       0x34 C:/devkitPro/libctru/lib\libctru.a(gspgpu.o)
                0x00000000001085e4                GSPGPU_SetLcdForceBlack
 .text.GSPGPU_RegisterInterruptRelayQueue
                0x0000000000108618       0x64 C:/devkitPro/libctru/lib\libctru.a(gspgpu.o)
                0x0000000000108618                GSPGPU_RegisterInterruptRelayQueue
 .text.GSPGPU_UnregisterInterruptRelayQueue
                0x000000000010867c       0x2c C:/devkitPro/libctru/lib\libctru.a(gspgpu.o)
                0x000000000010867c                GSPGPU_UnregisterInterruptRelayQueue
 .text.GSPGPU_AcquireRight
                0x00000000001086a8       0x48 C:/devkitPro/libctru/lib\libctru.a(gspgpu.o)
                0x00000000001086a8                GSPGPU_AcquireRight
 .text.GSPGPU_ReleaseRight
                0x00000000001086f0       0x2c C:/devkitPro/libctru/lib\libctru.a(gspgpu.o)
                0x00000000001086f0                GSPGPU_ReleaseRight
 .text.GSPGPU_ImportDisplayCaptureInfo
                0x000000000010871c       0x80 C:/devkitPro/libctru/lib\libctru.a(gspgpu.o)
                0x000000000010871c                GSPGPU_ImportDisplayCaptureInfo
 .text.GSPGPU_SaveVramSysArea
                0x000000000010879c       0x2c C:/devkitPro/libctru/lib\libctru.a(gspgpu.o)
                0x000000000010879c                GSPGPU_SaveVramSysArea
 .text.GSPGPU_RestoreVramSysArea
                0x00000000001087c8       0x2c C:/devkitPro/libctru/lib\libctru.a(gspgpu.o)
                0x00000000001087c8                GSPGPU_RestoreVramSysArea
 .text._aptDebug
                0x00000000001087f4        0x4 C:/devkitPro/libctru/lib\libctru.a(apt.o)
                0x00000000001087f4                _aptDebug
 .text.aptSendCommand
                0x00000000001087f8      0x170 C:/devkitPro/libctru/lib\libctru.a(apt.o)
                0x00000000001087f8                aptSendCommand
 .text.aptExitProcess
                0x0000000000108968       0x3c C:/devkitPro/libctru/lib\libctru.a(apt.o)
 .text.aptHook  0x00000000001089a4       0x30 C:/devkitPro/libctru/lib\libctru.a(apt.o)
                0x00000000001089a4                aptHook
 .text.aptUnhook
                0x00000000001089d4       0x30 C:/devkitPro/libctru/lib\libctru.a(apt.o)
                0x00000000001089d4                aptUnhook
 .text.APT_InquireNotification
                0x0000000000108a04       0x50 C:/devkitPro/libctru/lib\libctru.a(apt.o)
                0x0000000000108a04                APT_InquireNotification
 .text.aptEventHandler
                0x0000000000108a54      0x194 C:/devkitPro/libctru/lib\libctru.a(apt.o)
 .text.APT_AppletUtility
                0x0000000000108be8       0x74 C:/devkitPro/libctru/lib\libctru.a(apt.o)
                0x0000000000108be8                APT_AppletUtility
 .text.aptSetSleepAllowed
                0x0000000000108c5c       0xb0 C:/devkitPro/libctru/lib\libctru.a(apt.o)
                0x0000000000108c5c                aptSetSleepAllowed
 .text.APT_GlanceParameter
                0x0000000000108d0c       0xb4 C:/devkitPro/libctru/lib\libctru.a(apt.o)
                0x0000000000108d0c                APT_GlanceParameter
 .text.APT_ReceiveParameter
                0x0000000000108dc0       0xc8 C:/devkitPro/libctru/lib\libctru.a(apt.o)
                0x0000000000108dc0                APT_ReceiveParameter
 .text.aptReceiveParameter.constprop.0
                0x0000000000108e88       0xbc C:/devkitPro/libctru/lib\libctru.a(apt.o)
 *fill*         0x0000000000108f44        0x4 
 .text.aptScreenTransfer
                0x0000000000108f48      0x1e0 C:/devkitPro/libctru/lib\libctru.a(apt.o)
 .text.aptWaitForWakeUp
                0x0000000000109128      0x210 C:/devkitPro/libctru/lib\libctru.a(apt.o)
 .text.APT_CancelParameter
                0x0000000000109338       0x70 C:/devkitPro/libctru/lib\libctru.a(apt.o)
                0x0000000000109338                APT_CancelParameter
 .text.aptInit  0x00000000001093a8      0x25c C:/devkitPro/libctru/lib\libctru.a(apt.o)
                0x00000000001093a8                aptInit
 .text.aptClearParamQueue
                0x0000000000109604       0x88 C:/devkitPro/libctru/lib\libctru.a(apt.o)
 .text.aptMainLoop
                0x000000000010968c      0x264 C:/devkitPro/libctru/lib\libctru.a(apt.o)
                0x000000000010968c                aptMainLoop
 .text.aptExit  0x00000000001098f0      0x254 C:/devkitPro/libctru/lib\libctru.a(apt.o)
                0x00000000001098f0                aptExit
 .text.APT_CheckNew3DS
                0x0000000000109b44       0x7c C:/devkitPro/libctru/lib\libctru.a(apt.o)
                0x0000000000109b44                APT_CheckNew3DS
 .text.hidCheckSectionUpdateTime.part.0
                0x0000000000109bc0       0x28 C:/devkitPro/libctru/lib\libctru.a(hid.o)
 .text.hidExit  0x0000000000109be8       0xd0 C:/devkitPro/libctru/lib\libctru.a(hid.o)
                0x0000000000109be8                hidExit
 .text.hidScanInput
                0x0000000000109cb8      0x1d8 C:/devkitPro/libctru/lib\libctru.a(hid.o)
                0x0000000000109cb8                hidScanInput
 .text.hidKeysDown
                0x0000000000109e90       0x10 C:/devkitPro/libctru/lib\libctru.a(hid.o)
                0x0000000000109e90                hidKeysDown
 .text.HIDUSER_GetHandles
                0x0000000000109ea0       0x90 C:/devkitPro/libctru/lib\libctru.a(hid.o)
                0x0000000000109ea0                HIDUSER_GetHandles
 .text.hidInit  0x0000000000109f30      0x1a4 C:/devkitPro/libctru/lib\libctru.a(hid.o)
                0x0000000000109f30                hidInit
 .text.ptmSysmInit
                0x000000000010a0d4       0x74 C:/devkitPro/libctru/lib\libctru.a(ptmsysm.o)
                0x000000000010a0d4                ptmSysmInit
 .text.ptmSysmExit
                0x000000000010a148       0x3c C:/devkitPro/libctru/lib\libctru.a(ptmsysm.o)
                0x000000000010a148                ptmSysmExit
 .text.PTMSYSM_ConfigureNew3DSCPU
                0x000000000010a184       0x34 C:/devkitPro/libctru/lib\libctru.a(ptmsysm.o)
                0x000000000010a184                PTMSYSM_ConfigureNew3DSCPU
 .text.rbtree_init
                0x000000000010a1b8       0x14 C:/devkitPro/libctru/lib\libctru.a(rbtree_init.o)
                0x000000000010a1b8                rbtree_init
 .text.do_insert
                0x000000000010a1cc      0x1a4 C:/devkitPro/libctru/lib\libctru.a(rbtree_insert.o)
 .text.rbtree_insert
                0x000000000010a370        0x8 C:/devkitPro/libctru/lib\libctru.a(rbtree_insert.o)
                0x000000000010a370                rbtree_insert
 .text.rbtree_rotate
                0x000000000010a378       0x90 C:/devkitPro/libctru/lib\libctru.a(rbtree_rotate.o)
                0x000000000010a378                rbtree_rotate
 .text.rbtree_remove
                0x000000000010a408      0x334 C:/devkitPro/libctru/lib\libctru.a(rbtree_remove.o)
                0x000000000010a408                rbtree_remove
 .text.rbtree_find
                0x000000000010a73c       0x74 C:/devkitPro/libctru/lib\libctru.a(rbtree_find.o)
                0x000000000010a73c                rbtree_find
 .text.__libctru_init
                0x000000000010a7b0       0x38 C:/devkitPro/libctru/lib\libctru.a(initSystem.o)
                0x000000000010a7b0                __libctru_init
 .text.__libctru_nanosleep
                0x000000000010a7e8       0x34 C:/devkitPro/libctru/lib\libctru.a(syscalls.o)
 .text.__ctru_get_reent
                0x000000000010a81c       0x30 C:/devkitPro/libctru/lib\libctru.a(syscalls.o)
 .text.__system_initSyscalls
                0x000000000010a84c       0xfc C:/devkitPro/libctru/lib\libctru.a(syscalls.o)
                0x000000000010a84c                __system_initSyscalls
 .text.__system_allocateHeaps
                0x000000000010a948      0x100 C:/devkitPro/libctru/lib\libctru.a(allocateHeaps.o)
                0x000000000010a948                __system_allocateHeaps
 .text.__system_initArgv
                0x000000000010aa48       0xf0 C:/devkitPro/libctru/lib\libctru.a(initArgv.o)
                0x000000000010aa48                __system_initArgv
 .text.svcControlMemory
                0x000000000010ab38       0x20 C:/devkitPro/libctru/lib\libctru.a(svc.o)
                0x000000000010ab38                svcControlMemory
 .text.svcExitProcess
                0x000000000010ab58        0x8 C:/devkitPro/libctru/lib\libctru.a(svc.o)
                0x000000000010ab58                svcExitProcess
 .text.svcCreateThread
                0x000000000010ab60       0x20 C:/devkitPro/libctru/lib\libctru.a(svc.o)
                0x000000000010ab60                svcCreateThread
 .text.svcExitThread
                0x000000000010ab80        0x8 C:/devkitPro/libctru/lib\libctru.a(svc.o)
                0x000000000010ab80                svcExitThread
 .text.svcSleepThread
                0x000000000010ab88        0x8 C:/devkitPro/libctru/lib\libctru.a(svc.o)
                0x000000000010ab88                svcSleepThread
 .text.svcReleaseMutex
                0x000000000010ab90        0x8 C:/devkitPro/libctru/lib\libctru.a(svc.o)
                0x000000000010ab90                svcReleaseMutex
 .text.svcCreateEvent
                0x000000000010ab98       0x14 C:/devkitPro/libctru/lib\libctru.a(svc.o)
                0x000000000010ab98                svcCreateEvent
 .text.svcSignalEvent
                0x000000000010abac        0x8 C:/devkitPro/libctru/lib\libctru.a(svc.o)
                0x000000000010abac                svcSignalEvent
 .text.svcClearEvent
                0x000000000010abb4        0x8 C:/devkitPro/libctru/lib\libctru.a(svc.o)
                0x000000000010abb4                svcClearEvent
 .text.svcMapMemoryBlock
                0x000000000010abbc        0x8 C:/devkitPro/libctru/lib\libctru.a(svc.o)
                0x000000000010abbc                svcMapMemoryBlock
 .text.svcUnmapMemoryBlock
                0x000000000010abc4        0x8 C:/devkitPro/libctru/lib\libctru.a(svc.o)
                0x000000000010abc4                svcUnmapMemoryBlock
 .text.svcCreateAddressArbiter
                0x000000000010abcc       0x14 C:/devkitPro/libctru/lib\libctru.a(svc.o)
                0x000000000010abcc                svcCreateAddressArbiter
 .text.svcArbitrateAddress
                0x000000000010abe0       0x18 C:/devkitPro/libctru/lib\libctru.a(svc.o)
                0x000000000010abe0                svcArbitrateAddress
 .text.svcCloseHandle
                0x000000000010abf8        0x8 C:/devkitPro/libctru/lib\libctru.a(svc.o)
                0x000000000010abf8                svcCloseHandle
 .text.svcWaitSynchronization
                0x000000000010ac00        0x8 C:/devkitPro/libctru/lib\libctru.a(svc.o)
                0x000000000010ac00                svcWaitSynchronization
 .text.svcWaitSynchronizationN
                0x000000000010ac08       0x28 C:/devkitPro/libctru/lib\libctru.a(svc.o)
                0x000000000010ac08                svcWaitSynchronizationN
 .text.svcDuplicateHandle
                0x000000000010ac30       0x14 C:/devkitPro/libctru/lib\libctru.a(svc.o)
                0x000000000010ac30                svcDuplicateHandle
 .text.svcGetSystemTick
                0x000000000010ac44        0x8 C:/devkitPro/libctru/lib\libctru.a(svc.o)
                0x000000000010ac44                svcGetSystemTick
 .text.svcGetSystemInfo
                0x000000000010ac4c       0x18 C:/devkitPro/libctru/lib\libctru.a(svc.o)
                0x000000000010ac4c                svcGetSystemInfo
 .text.svcConnectToPort
                0x000000000010ac64       0x14 C:/devkitPro/libctru/lib\libctru.a(svc.o)
                0x000000000010ac64                svcConnectToPort
 .text.svcSendSyncRequest
                0x000000000010ac78        0x8 C:/devkitPro/libctru/lib\libctru.a(svc.o)
                0x000000000010ac78                svcSendSyncRequest
 .text.svcBreak
                0x000000000010ac80        0x8 C:/devkitPro/libctru/lib\libctru.a(svc.o)
                0x000000000010ac80                svcBreak
 .text._ZL21addrMapNodeComparatorPK11rbtree_nodeS1_
                0x000000000010ac88       0x24 C:/devkitPro/libctru/lib\libctru.a(mappable.o)
 .text._ZL21addrMapNodeDestructorP11rbtree_node
                0x000000000010acac        0x4 C:/devkitPro/libctru/lib\libctru.a(mappable.o)
 .text.mappableAlloc
                0x000000000010acb0       0xe8 C:/devkitPro/libctru/lib\libctru.a(mappable.o)
                0x000000000010acb0                mappableAlloc
 .text.mappableFree
                0x000000000010ad98       0x54 C:/devkitPro/libctru/lib\libctru.a(mappable.o)
                0x000000000010ad98                mappableFree
 .text.LightLock_Unlock.part.0
                0x000000000010adec       0x38 C:/devkitPro/libctru/lib\libctru.a(synchronization.o)
 .text.__sync_init
                0x000000000010ae24        0xc C:/devkitPro/libctru/lib\libctru.a(synchronization.o)
                0x000000000010ae24                __sync_init
 .text.__sync_fini
                0x000000000010ae30       0x18 C:/devkitPro/libctru/lib\libctru.a(synchronization.o)
                0x000000000010ae30                __sync_fini
 .text.__sync_get_arbiter
                0x000000000010ae48       0x10 C:/devkitPro/libctru/lib\libctru.a(synchronization.o)
                0x000000000010ae48                __sync_get_arbiter
 .text.LightLock_Init
                0x000000000010ae58       0x18 C:/devkitPro/libctru/lib\libctru.a(synchronization.o)
                0x000000000010ae58                LightLock_Init
 .text.LightLock_Lock
                0x000000000010ae70       0x90 C:/devkitPro/libctru/lib\libctru.a(synchronization.o)
                0x000000000010ae70                LightLock_Lock
 .text.LightLock_TryLock
                0x000000000010af00       0x34 C:/devkitPro/libctru/lib\libctru.a(synchronization.o)
                0x000000000010af00                LightLock_TryLock
 .text.LightLock_Unlock
                0x000000000010af34       0x20 C:/devkitPro/libctru/lib\libctru.a(synchronization.o)
                0x000000000010af34                LightLock_Unlock
 .text.RecursiveLock_Init
                0x000000000010af54       0x24 C:/devkitPro/libctru/lib\libctru.a(synchronization.o)
                0x000000000010af54                RecursiveLock_Init
 .text.RecursiveLock_Lock
                0x000000000010af78       0x30 C:/devkitPro/libctru/lib\libctru.a(synchronization.o)
                0x000000000010af78                RecursiveLock_Lock
 .text.RecursiveLock_TryLock
                0x000000000010afa8       0x58 C:/devkitPro/libctru/lib\libctru.a(synchronization.o)
                0x000000000010afa8                RecursiveLock_TryLock
 .text.RecursiveLock_Unlock
                0x000000000010b000       0x38 C:/devkitPro/libctru/lib\libctru.a(synchronization.o)
                0x000000000010b000                RecursiveLock_Unlock
 .text.LightEvent_Init
                0x000000000010b038       0x38 C:/devkitPro/libctru/lib\libctru.a(synchronization.o)
                0x000000000010b038                LightEvent_Init
 .text.LightEvent_Clear
                0x000000000010b070       0x7c C:/devkitPro/libctru/lib\libctru.a(synchronization.o)
                0x000000000010b070                LightEvent_Clear
 .text.LightEvent_Signal
                0x000000000010b0ec       0xdc C:/devkitPro/libctru/lib\libctru.a(synchronization.o)
                0x000000000010b0ec                LightEvent_Signal
 .text.LightEvent_Wait
                0x000000000010b1c8       0xc0 C:/devkitPro/libctru/lib\libctru.a(synchronization.o)
                0x000000000010b1c8                LightEvent_Wait
 .text.srvExit  0x000000000010b288       0x58 C:/devkitPro/libctru/lib\libctru.a(srv.o)
                0x000000000010b288                srvExit
 .text.srvRegisterClient
                0x000000000010b2e0       0x38 C:/devkitPro/libctru/lib\libctru.a(srv.o)
                0x000000000010b2e0                srvRegisterClient
 .text.srvInit  0x000000000010b318       0xcc C:/devkitPro/libctru/lib\libctru.a(srv.o)
                0x000000000010b318                srvInit
 .text.srvGetServiceHandleDirect
                0x000000000010b3e4       0x80 C:/devkitPro/libctru/lib\libctru.a(srv.o)
                0x000000000010b3e4                srvGetServiceHandleDirect
 .text.srvGetServiceHandle
                0x000000000010b464       0x48 C:/devkitPro/libctru/lib\libctru.a(srv.o)
                0x000000000010b464                srvGetServiceHandle
 .text.threadFree.part.0
                0x000000000010b4ac       0x1c C:/devkitPro/libctru/lib\libctru.a(thread.o)
 .text.threadCreate
                0x000000000010b4c8      0x180 C:/devkitPro/libctru/lib\libctru.a(thread.o)
                0x000000000010b4c8                threadCreate
 .text.threadJoin
                0x000000000010b648       0x24 C:/devkitPro/libctru/lib\libctru.a(thread.o)
                0x000000000010b648                threadJoin
 .text.threadExit
                0x000000000010b66c       0x68 C:/devkitPro/libctru/lib\libctru.a(thread.o)
                0x000000000010b66c                threadExit
 .text._thread_begin
                0x000000000010b6d4       0x48 C:/devkitPro/libctru/lib\libctru.a(thread.o)
 .text.irrstScanInput
                0x000000000010b71c       0xac C:/devkitPro/libctru/lib\libctru.a(irrst.o)
                0x000000000010b71c                irrstScanInput
 .text.irrstKeysHeld
                0x000000000010b7c8       0x24 C:/devkitPro/libctru/lib\libctru.a(irrst.o)
                0x000000000010b7c8                irrstKeysHeld
 .text.IRRST_GetHandles
                0x000000000010b7ec       0x50 C:/devkitPro/libctru/lib\libctru.a(irrst.o)
                0x000000000010b7ec                IRRST_GetHandles
 .text.irrstInit
                0x000000000010b83c      0x154 C:/devkitPro/libctru/lib\libctru.a(irrst.o)
                0x000000000010b83c                irrstInit
 .text.IRRST_Shutdown
                0x000000000010b990       0x2c C:/devkitPro/libctru/lib\libctru.a(irrst.o)
                0x000000000010b990                IRRST_Shutdown
 .text.irrstExit
                0x000000000010b9bc       0xac C:/devkitPro/libctru/lib\libctru.a(irrst.o)
                0x000000000010b9bc                irrstExit
 .text.srvPmGetSessionHandle
                0x000000000010ba68        0xc C:/devkitPro/libctru/lib\libctru.a(srvpm.o)
                0x000000000010ba68                srvPmGetSessionHandle
 .text.rbtree_node_next
                0x000000000010ba74       0x50 C:/devkitPro/libctru/lib\libctru.a(rbtree_iterator.o)
                0x000000000010ba74                rbtree_node_next
 .text.__appInit
                0x000000000010bac4       0x1c C:/devkitPro/libctru/lib\libctru.a(appInit.o)
                0x000000000010bac4                __appInit
 .text.__appExit
                0x000000000010bae0       0x1c C:/devkitPro/libctru/lib\libctru.a(appExit.o)
                0x000000000010bae0                __appExit
 .text.__libctru_exit
                0x000000000010bafc       0xa0 C:/devkitPro/libctru/lib\libctru.a(ctru_exit.o)
                0x000000000010bafc                __libctru_exit
 .text.envGetHandle
                0x000000000010bb9c       0x84 C:/devkitPro/libctru/lib\libctru.a(env.o)
                0x000000000010bb9c                envGetHandle
 .text.envDestroyHandles
                0x000000000010bc20       0x4c C:/devkitPro/libctru/lib\libctru.a(env.o)
                0x000000000010bc20                envDestroyHandles
 .text.sdmc_link
                0x000000000010bc6c       0x14 C:/devkitPro/libctru/lib\libctru.a(sdmc_dev.o)
 .text.sdmc_dirreset
                0x000000000010bc80       0x14 C:/devkitPro/libctru/lib\libctru.a(sdmc_dev.o)
 .text.sdmc_chmod
                0x000000000010bc94       0x14 C:/devkitPro/libctru/lib\libctru.a(sdmc_dev.o)
 .text.error_cmp
                0x000000000010bca8       0x24 C:/devkitPro/libctru/lib\libctru.a(sdmc_dev.o)
 .text.sdmc_translate_error
                0x000000000010bccc       0x50 C:/devkitPro/libctru/lib\libctru.a(sdmc_dev.o)
 .text.sdmc_fsync
                0x000000000010bd1c       0x34 C:/devkitPro/libctru/lib\libctru.a(sdmc_dev.o)
 .text.sdmc_ftruncate
                0x000000000010bd50       0x54 C:/devkitPro/libctru/lib\libctru.a(sdmc_dev.o)
 .text.sdmc_statvfs
                0x000000000010bda4       0xbc C:/devkitPro/libctru/lib\libctru.a(sdmc_dev.o)
 .text.sdmc_dirclose
                0x000000000010be60       0x38 C:/devkitPro/libctru/lib\libctru.a(sdmc_dev.o)
 .text.sdmc_dirnext
                0x000000000010be98      0x13c C:/devkitPro/libctru/lib\libctru.a(sdmc_dev.o)
 .text.sdmc_close
                0x000000000010bfd4       0x34 C:/devkitPro/libctru/lib\libctru.a(sdmc_dev.o)
 .text.sdmc_fstat
                0x000000000010c008       0x70 C:/devkitPro/libctru/lib\libctru.a(sdmc_dev.o)
 .text.sdmc_seek
                0x000000000010c078       0xd4 C:/devkitPro/libctru/lib\libctru.a(sdmc_dev.o)
 .text.sdmc_read
                0x000000000010c14c       0x78 C:/devkitPro/libctru/lib\libctru.a(sdmc_dev.o)
 .text.sdmc_write
                0x000000000010c1c4       0xac C:/devkitPro/libctru/lib\libctru.a(sdmc_dev.o)
 .text.sdmc_utf16path
                0x000000000010c270      0x1b0 C:/devkitPro/libctru/lib\libctru.a(sdmc_dev.o)
 .text.sdmc_rmdir
                0x000000000010c420       0x74 C:/devkitPro/libctru/lib\libctru.a(sdmc_dev.o)
 .text.sdmc_diropen
                0x000000000010c494       0xa4 C:/devkitPro/libctru/lib\libctru.a(sdmc_dev.o)
 .text.sdmc_chdir
                0x000000000010c538       0xac C:/devkitPro/libctru/lib\libctru.a(sdmc_dev.o)
 .text.sdmc_mkdir
                0x000000000010c5e4       0x98 C:/devkitPro/libctru/lib\libctru.a(sdmc_dev.o)
 .text.sdmc_rename
                0x000000000010c67c      0x108 C:/devkitPro/libctru/lib\libctru.a(sdmc_dev.o)
 .text.sdmc_unlink
                0x000000000010c784       0x74 C:/devkitPro/libctru/lib\libctru.a(sdmc_dev.o)
 .text.sdmc_stat
                0x000000000010c7f8      0x108 C:/devkitPro/libctru/lib\libctru.a(sdmc_dev.o)
 .text.sdmc_open
                0x000000000010c900      0x198 C:/devkitPro/libctru/lib\libctru.a(sdmc_dev.o)
 .text.sdmc_fchmod
                0x000000000010ca98       0x14 C:/devkitPro/libctru/lib\libctru.a(sdmc_dev.o)
 .text.sdmcInit
                0x000000000010caac      0x168 C:/devkitPro/libctru/lib\libctru.a(sdmc_dev.o)
                0x000000000010caac                sdmcInit
 .text.sdmcExit
                0x000000000010cc14       0x60 C:/devkitPro/libctru/lib\libctru.a(sdmc_dev.o)
                0x000000000010cc14                sdmcExit
 .text.fsSessionForArchive.part.0
                0x000000000010cc74       0x28 C:/devkitPro/libctru/lib\libctru.a(fs.o)
 .text.fsInit   0x000000000010cc9c       0xc4 C:/devkitPro/libctru/lib\libctru.a(fs.o)
                0x000000000010cc9c                fsInit
 .text.fsExit   0x000000000010cd60       0x3c C:/devkitPro/libctru/lib\libctru.a(fs.o)
                0x000000000010cd60                fsExit
 .text.fsExemptFromSession
                0x000000000010cd9c       0x64 C:/devkitPro/libctru/lib\libctru.a(fs.o)
                0x000000000010cd9c                fsExemptFromSession
 .text.fsUnexemptFromSession
                0x000000000010ce00       0x5c C:/devkitPro/libctru/lib\libctru.a(fs.o)
                0x000000000010ce00                fsUnexemptFromSession
 .text.FSUSER_OpenFile
                0x000000000010ce5c       0xbc C:/devkitPro/libctru/lib\libctru.a(fs.o)
                0x000000000010ce5c                FSUSER_OpenFile
 .text.FSUSER_DeleteFile
                0x000000000010cf18       0xac C:/devkitPro/libctru/lib\libctru.a(fs.o)
                0x000000000010cf18                FSUSER_DeleteFile
 .text.FSUSER_RenameFile
                0x000000000010cfc4       0xe8 C:/devkitPro/libctru/lib\libctru.a(fs.o)
                0x000000000010cfc4                FSUSER_RenameFile
 .text.FSUSER_DeleteDirectory
                0x000000000010d0ac       0xac C:/devkitPro/libctru/lib\libctru.a(fs.o)
                0x000000000010d0ac                FSUSER_DeleteDirectory
 .text.FSUSER_CreateFile
                0x000000000010d158       0xc4 C:/devkitPro/libctru/lib\libctru.a(fs.o)
                0x000000000010d158                FSUSER_CreateFile
 .text.FSUSER_CreateDirectory
                0x000000000010d21c       0xb4 C:/devkitPro/libctru/lib\libctru.a(fs.o)
                0x000000000010d21c                FSUSER_CreateDirectory
 .text.FSUSER_RenameDirectory
                0x000000000010d2d0       0xe8 C:/devkitPro/libctru/lib\libctru.a(fs.o)
                0x000000000010d2d0                FSUSER_RenameDirectory
 .text.FSUSER_OpenDirectory
                0x000000000010d3b8       0xa0 C:/devkitPro/libctru/lib\libctru.a(fs.o)
                0x000000000010d3b8                FSUSER_OpenDirectory
 .text.FSUSER_OpenArchive
                0x000000000010d458       0x98 C:/devkitPro/libctru/lib\libctru.a(fs.o)
                0x000000000010d458                FSUSER_OpenArchive
 .text.FSUSER_CloseArchive
                0x000000000010d4f0       0x78 C:/devkitPro/libctru/lib\libctru.a(fs.o)
                0x000000000010d4f0                FSUSER_CloseArchive
 .text.FSUSER_GetSdmcArchiveResource
                0x000000000010d568       0x78 C:/devkitPro/libctru/lib\libctru.a(fs.o)
                0x000000000010d568                FSUSER_GetSdmcArchiveResource
 .text.FSUSER_IsSdmcWritable
                0x000000000010d5e0       0x64 C:/devkitPro/libctru/lib\libctru.a(fs.o)
                0x000000000010d5e0                FSUSER_IsSdmcWritable
 .text.FSFILE_Read
                0x000000000010d644       0x5c C:/devkitPro/libctru/lib\libctru.a(fs.o)
                0x000000000010d644                FSFILE_Read
 .text.FSFILE_Write
                0x000000000010d6a0       0x64 C:/devkitPro/libctru/lib\libctru.a(fs.o)
                0x000000000010d6a0                FSFILE_Write
 .text.FSFILE_GetSize
                0x000000000010d704       0x38 C:/devkitPro/libctru/lib\libctru.a(fs.o)
                0x000000000010d704                FSFILE_GetSize
 .text.FSFILE_SetSize
                0x000000000010d73c       0x28 C:/devkitPro/libctru/lib\libctru.a(fs.o)
                0x000000000010d73c                FSFILE_SetSize
 .text.FSFILE_Close
                0x000000000010d764       0x3c C:/devkitPro/libctru/lib\libctru.a(fs.o)
                0x000000000010d764                FSFILE_Close
 .text.FSFILE_Flush
                0x000000000010d7a0       0x24 C:/devkitPro/libctru/lib\libctru.a(fs.o)
                0x000000000010d7a0                FSFILE_Flush
 .text.FSDIR_Read
                0x000000000010d7c4       0x54 C:/devkitPro/libctru/lib\libctru.a(fs.o)
                0x000000000010d7c4                FSDIR_Read
 .text.FSDIR_Close
                0x000000000010d818       0x3c C:/devkitPro/libctru/lib\libctru.a(fs.o)
                0x000000000010d818                FSDIR_Close
 .text.utf16_to_utf8
                0x000000000010d854       0xe8 C:/devkitPro/libctru/lib\libctru.a(utf16_to_utf8.o)
                0x000000000010d854                utf16_to_utf8
 .text.decode_utf16
                0x000000000010d93c       0x60 C:/devkitPro/libctru/lib\libctru.a(decode_utf16.o)
                0x000000000010d93c                decode_utf16
 .text.decode_utf8
                0x000000000010d99c      0x138 C:/devkitPro/libctru/lib\libctru.a(decode_utf8.o)
                0x000000000010d99c                decode_utf8
 .text.utf8_to_utf16
                0x000000000010dad4       0xc0 C:/devkitPro/libctru/lib\libctru.a(utf8_to_utf16.o)
                0x000000000010dad4                utf8_to_utf16
 .text.__aeabi_read_tp
                0x000000000010db94        0xc C:/devkitPro/libctru/lib\libctru.a(readtp.o)
                0x000000000010db94                __aeabi_read_tp
 .text.encode_utf16
                0x000000000010dba0       0x68 C:/devkitPro/libctru/lib\libctru.a(encode_utf16.o)
                0x000000000010dba0                encode_utf16
 .text.encode_utf8
                0x000000000010dc08      0x104 C:/devkitPro/libctru/lib\libctru.a(encode_utf8.o)
                0x000000000010dc08                encode_utf8
 .text.__fixdfdi
                0x000000000010dd0c       0x38 c:/devkitpro/devkitarm/bin/../lib/gcc/arm-none-eabi/9.1.0/armv6k/fpu\libgcc.a(_fixdfdi.o)
                0x000000000010dd0c                __fixdfdi
                0x000000000010dd0c                __aeabi_d2lz
 *fill*         0x000000000010dd44        0x4 
 .text.__fixunsdfdi
                0x000000000010dd48       0x40 c:/devkitpro/devkitarm/bin/../lib/gcc/arm-none-eabi/9.1.0/armv6k/fpu\libgcc.a(_fixunsdfdi.o)
                0x000000000010dd48                __fixunsdfdi
                0x000000000010dd48                __aeabi_d2ulz
 .text.__udivmoddi4
                0x000000000010dd88      0x130 c:/devkitpro/devkitarm/bin/../lib/gcc/arm-none-eabi/9.1.0/armv6k/fpu\libgcc.a(_udivmoddi4.o)
                0x000000000010dd88                __udivmoddi4
 .text.bsearch  0x000000000010deb8       0x7c c:/devkitpro/devkitarm/bin/../lib/gcc/arm-none-eabi/9.1.0/../../../../arm-none-eabi/lib/armv6k/fpu\libg.a(lib_a-bsearch.o)
                0x000000000010deb8                bsearch
 .text.calloc   0x000000000010df34       0x28 c:/devkitpro/devkitarm/bin/../lib/gcc/arm-none-eabi/9.1.0/../../../../arm-none-eabi/lib/armv6k/fpu\libg.a(lib_a-calloc.o)
                0x000000000010df34                calloc
 .text._calloc_r
                0x000000000010df5c       0x94 c:/devkitpro/devkitarm/bin/../lib/gcc/arm-none-eabi/9.1.0/../../../../arm-none-eabi/lib/armv6k/fpu\libg.a(lib_a-callocr.o)
                0x000000000010df5c                _calloc_r
 .text.exit     0x000000000010dff0       0x34 c:/devkitpro/devkitarm/bin/../lib/gcc/arm-none-eabi/9.1.0/../../../../arm-none-eabi/lib/armv6k/fpu\libg.a(lib_a-exit.o)
                0x000000000010dff0                exit
 .text.__libc_fini_array
                0x000000000010e024       0x3c c:/devkitpro/devkitarm/bin/../lib/gcc/arm-none-eabi/9.1.0/../../../../arm-none-eabi/lib/armv6k/fpu\libg.a(lib_a-fini.o)
                0x000000000010e024                __libc_fini_array
 .text.__libc_init_array
                0x000000000010e060       0x7c c:/devkitpro/devkitarm/bin/../lib/gcc/arm-none-eabi/9.1.0/../../../../arm-none-eabi/lib/armv6k/fpu\libg.a(lib_a-init.o)
                0x000000000010e060                __libc_init_array
 .text.memalign
                0x000000000010e0dc       0x28 c:/devkitpro/devkitarm/bin/../lib/gcc/arm-none-eabi/9.1.0/../../../../arm-none-eabi/lib/armv6k/fpu\libg.a(lib_a-malign.o)
                0x000000000010e0dc                memalign
 .text._memalign_r
                0x000000000010e104      0x14c c:/devkitpro/devkitarm/bin/../lib/gcc/arm-none-eabi/9.1.0/../../../../arm-none-eabi/lib/armv6k/fpu\libg.a(lib_a-malignr.o)
                0x000000000010e104                _memalign_r
 .text.malloc   0x000000000010e250       0x20 c:/devkitpro/devkitarm/bin/../lib/gcc/arm-none-eabi/9.1.0/../../../../arm-none-eabi/lib/armv6k/fpu\libg.a(lib_a-malloc.o)
                0x000000000010e250                malloc
 .text.free     0x000000000010e270       0x20 c:/devkitpro/devkitarm/bin/../lib/gcc/arm-none-eabi/9.1.0/../../../../arm-none-eabi/lib/armv6k/fpu\libg.a(lib_a-malloc.o)
                0x000000000010e270                free
 .text._malloc_r
                0x000000000010e290      0x7d0 c:/devkitpro/devkitarm/bin/../lib/gcc/arm-none-eabi/9.1.0/../../../../arm-none-eabi/lib/armv6k/fpu\libg.a(lib_a-mallocr.o)
                0x000000000010e290                _malloc_r
 .text.memchr   0x000000000010ea60       0xe0 c:/devkitpro/devkitarm/bin/../lib/gcc/arm-none-eabi/9.1.0/../../../../arm-none-eabi/lib/armv6k/fpu\libg.a(lib_a-memchr-stub.o)
                0x000000000010ea60                memchr
 .text.memcpy   0x000000000010eb40      0x120 c:/devkitpro/devkitarm/bin/../lib/gcc/arm-none-eabi/9.1.0/../../../../arm-none-eabi/lib/armv6k/fpu\libg.a(lib_a-memcpy-stub.o)
                0x000000000010eb40                memcpy
 .text.memset   0x000000000010ec60      0x118 c:/devkitpro/devkitarm/bin/../lib/gcc/arm-none-eabi/9.1.0/../../../../arm-none-eabi/lib/armv6k/fpu\libg.a(lib_a-memset.o)
                0x000000000010ec60                memset
 .text.__malloc_lock
                0x000000000010ed78        0xc c:/devkitpro/devkitarm/bin/../lib/gcc/arm-none-eabi/9.1.0/../../../../arm-none-eabi/lib/armv6k/fpu\libg.a(lib_a-mlock.o)
                0x000000000010ed78                __malloc_lock
 .text.__malloc_unlock
                0x000000000010ed84        0xc c:/devkitpro/devkitarm/bin/../lib/gcc/arm-none-eabi/9.1.0/../../../../arm-none-eabi/lib/armv6k/fpu\libg.a(lib_a-mlock.o)
                0x000000000010ed84                __malloc_unlock
 .text.printf   0x000000000010ed90       0x34 c:/devkitpro/devkitarm/bin/../lib/gcc/arm-none-eabi/9.1.0/../../../../arm-none-eabi/lib/armv6k/fpu\libg.a(lib_a-printf.o)
                0x000000000010ed90                printf
 .text.setvbuf  0x000000000010edc4      0x260 c:/devkitpro/devkitarm/bin/../lib/gcc/arm-none-eabi/9.1.0/../../../../arm-none-eabi/lib/armv6k/fpu\libg.a(lib_a-setvbuf.o)
                0x000000000010edc4                setvbuf
 .text.sscanf   0x000000000010f024       0x74 c:/devkitpro/devkitarm/bin/../lib/gcc/arm-none-eabi/9.1.0/../../../../arm-none-eabi/lib/armv6k/fpu\libg.a(lib_a-sscanf.o)
                0x000000000010f024                sscanf
 .text.__sread  0x000000000010f098       0x3c c:/devkitpro/devkitarm/bin/../lib/gcc/arm-none-eabi/9.1.0/../../../../arm-none-eabi/lib/armv6k/fpu\libg.a(lib_a-stdio.o)
                0x000000000010f098                __sread
 .text.__seofread
                0x000000000010f0d4        0x8 c:/devkitpro/devkitarm/bin/../lib/gcc/arm-none-eabi/9.1.0/../../../../arm-none-eabi/lib/armv6k/fpu\libg.a(lib_a-stdio.o)
                0x000000000010f0d4                __seofread
 .text.__swrite
                0x000000000010f0dc       0x68 c:/devkitpro/devkitarm/bin/../lib/gcc/arm-none-eabi/9.1.0/../../../../arm-none-eabi/lib/armv6k/fpu\libg.a(lib_a-stdio.o)
                0x000000000010f0dc                __swrite
 .text.__sseek  0x000000000010f144       0x58 c:/devkitpro/devkitarm/bin/../lib/gcc/arm-none-eabi/9.1.0/../../../../arm-none-eabi/lib/armv6k/fpu\libg.a(lib_a-stdio.o)
                0x000000000010f144                __sseek
 .text.__sclose
                0x000000000010f19c        0x8 c:/devkitpro/devkitarm/bin/../lib/gcc/arm-none-eabi/9.1.0/../../../../arm-none-eabi/lib/armv6k/fpu\libg.a(lib_a-stdio.o)
                0x000000000010f19c                __sclose
 .text.strlen   0x000000000010f1a4       0x5c c:/devkitpro/devkitarm/bin/../lib/gcc/arm-none-eabi/9.1.0/../../../../arm-none-eabi/lib/armv6k/fpu\libg.a(lib_a-strlen-stub.o)
                0x000000000010f1a4                strlen
 .text.strncat  0x000000000010f200       0x98 c:/devkitpro/devkitarm/bin/../lib/gcc/arm-none-eabi/9.1.0/../../../../arm-none-eabi/lib/armv6k/fpu\libg.a(lib_a-strncat.o)
                0x000000000010f200                strncat
 .text.strncpy  0x000000000010f298       0xc0 c:/devkitpro/devkitarm/bin/../lib/gcc/arm-none-eabi/9.1.0/../../../../arm-none-eabi/lib/armv6k/fpu\libg.a(lib_a-strncpy.o)
                0x000000000010f298                strncpy
 .text.strnlen  0x000000000010f358       0x48 c:/devkitpro/devkitarm/bin/../lib/gcc/arm-none-eabi/9.1.0/../../../../arm-none-eabi/lib/armv6k/fpu\libg.a(lib_a-strnlen.o)
                0x000000000010f358                strnlen
 .text.get_arg  0x000000000010f3a0       0x48 c:/devkitpro/devkitarm/bin/../lib/gcc/arm-none-eabi/9.1.0/../../../../arm-none-eabi/lib/armv6k/fpu\libg.a(lib_a-svfscanf.o)
 .text.__ssvfscanf_r
                0x000000000010f3e8     0x2b84 c:/devkitpro/devkitarm/bin/../lib/gcc/arm-none-eabi/9.1.0/../../../../arm-none-eabi/lib/armv6k/fpu\libg.a(lib_a-svfscanf.o)
                0x000000000010f3e8                __ssvfscanf_r
 .text.__sprint_r
                0x0000000000111f6c       0x34 c:/devkitpro/devkitarm/bin/../lib/gcc/arm-none-eabi/9.1.0/../../../../arm-none-eabi/lib/armv6k/fpu\libg.a(lib_a-vfiprintf.o)
                0x0000000000111f6c                __sprint_r
 .text.get_arg  0x0000000000111fa0      0x650 c:/devkitpro/devkitarm/bin/../lib/gcc/arm-none-eabi/9.1.0/../../../../arm-none-eabi/lib/armv6k/fpu\libg.a(lib_a-vfprintf.o)
 .text._vfprintf_r
                0x00000000001125f0     0x38e0 c:/devkitpro/devkitarm/bin/../lib/gcc/arm-none-eabi/9.1.0/../../../../arm-none-eabi/lib/armv6k/fpu\libg.a(lib_a-vfprintf.o)
                0x00000000001125f0                _vfprintf_r
 .text.__sbprintf
                0x0000000000115ed0       0xd4 c:/devkitpro/devkitarm/bin/../lib/gcc/arm-none-eabi/9.1.0/../../../../arm-none-eabi/lib/armv6k/fpu\libg.a(lib_a-vfprintf.o)
 .text._wcrtomb_r
                0x0000000000115fa4       0x54 c:/devkitpro/devkitarm/bin/../lib/gcc/arm-none-eabi/9.1.0/../../../../arm-none-eabi/lib/armv6k/fpu\libg.a(lib_a-wcrtomb.o)
                0x0000000000115fa4                _wcrtomb_r
 .text._wcsrtombs_r
                0x0000000000115ff8       0x20 c:/devkitpro/devkitarm/bin/../lib/gcc/arm-none-eabi/9.1.0/../../../../arm-none-eabi/lib/armv6k/fpu\libg.a(lib_a-wcsrtombs.o)
                0x0000000000115ff8                _wcsrtombs_r
 .text.__swsetup_r
                0x0000000000116018      0x150 c:/devkitpro/devkitarm/bin/../lib/gcc/arm-none-eabi/9.1.0/../../../../arm-none-eabi/lib/armv6k/fpu\libg.a(lib_a-wsetup.o)
                0x0000000000116018                __swsetup_r
 .text.__call_exitprocs
                0x0000000000116168      0x118 c:/devkitpro/devkitarm/bin/../lib/gcc/arm-none-eabi/9.1.0/../../../../arm-none-eabi/lib/armv6k/fpu\libg.a(lib_a-__call_atexit.o)
                0x0000000000116168                __call_exitprocs
 .text.quorem   0x0000000000116280      0x1a8 c:/devkitpro/devkitarm/bin/../lib/gcc/arm-none-eabi/9.1.0/../../../../arm-none-eabi/lib/armv6k/fpu\libg.a(lib_a-dtoa.o)
 .text._dtoa_r  0x0000000000116428     0x12ac c:/devkitpro/devkitarm/bin/../lib/gcc/arm-none-eabi/9.1.0/../../../../arm-none-eabi/lib/armv6k/fpu\libg.a(lib_a-dtoa.o)
                0x0000000000116428                _dtoa_r
 .text.__sflush_r
                0x00000000001176d4      0x278 c:/devkitpro/devkitarm/bin/../lib/gcc/arm-none-eabi/9.1.0/../../../../arm-none-eabi/lib/armv6k/fpu\libg.a(lib_a-fflush.o)
                0x00000000001176d4                __sflush_r
 .text._fflush_r
                0x000000000011794c       0x94 c:/devkitpro/devkitarm/bin/../lib/gcc/arm-none-eabi/9.1.0/../../../../arm-none-eabi/lib/armv6k/fpu\libg.a(lib_a-fflush.o)
                0x000000000011794c                _fflush_r
 .text.std      0x00000000001179e0       0x78 c:/devkitpro/devkitarm/bin/../lib/gcc/arm-none-eabi/9.1.0/../../../../arm-none-eabi/lib/armv6k/fpu\libg.a(lib_a-findfp.o)
 .text._cleanup_r
                0x0000000000117a58        0xc c:/devkitpro/devkitarm/bin/../lib/gcc/arm-none-eabi/9.1.0/../../../../arm-none-eabi/lib/armv6k/fpu\libg.a(lib_a-findfp.o)
                0x0000000000117a58                _cleanup_r
 .text.__sinit  0x0000000000117a64       0x8c c:/devkitpro/devkitarm/bin/../lib/gcc/arm-none-eabi/9.1.0/../../../../arm-none-eabi/lib/armv6k/fpu\libg.a(lib_a-findfp.o)
                0x0000000000117a64                __sinit
 .text.__sfp_lock_acquire
                0x0000000000117af0        0xc c:/devkitpro/devkitarm/bin/../lib/gcc/arm-none-eabi/9.1.0/../../../../arm-none-eabi/lib/armv6k/fpu\libg.a(lib_a-findfp.o)
                0x0000000000117af0                __sfp_lock_acquire
 .text.__sfp_lock_release
                0x0000000000117afc        0xc c:/devkitpro/devkitarm/bin/../lib/gcc/arm-none-eabi/9.1.0/../../../../arm-none-eabi/lib/armv6k/fpu\libg.a(lib_a-findfp.o)
                0x0000000000117afc                __sfp_lock_release
 .text._malloc_trim_r
                0x0000000000117b08       0xf8 c:/devkitpro/devkitarm/bin/../lib/gcc/arm-none-eabi/9.1.0/../../../../arm-none-eabi/lib/armv6k/fpu\libg.a(lib_a-freer.o)
                0x0000000000117b08                _malloc_trim_r
 .text._free_r  0x0000000000117c00      0x2e8 c:/devkitpro/devkitarm/bin/../lib/gcc/arm-none-eabi/9.1.0/../../../../arm-none-eabi/lib/armv6k/fpu\libg.a(lib_a-freer.o)
                0x0000000000117c00                _free_r
 .text.__sfvwrite_r
                0x0000000000117ee8      0x4a4 c:/devkitpro/devkitarm/bin/../lib/gcc/arm-none-eabi/9.1.0/../../../../arm-none-eabi/lib/armv6k/fpu\libg.a(lib_a-fvwrite.o)
                0x0000000000117ee8                __sfvwrite_r
 .text._fwalk_reent
                0x000000000011838c       0x70 c:/devkitpro/devkitarm/bin/../lib/gcc/arm-none-eabi/9.1.0/../../../../arm-none-eabi/lib/armv6k/fpu\libg.a(lib_a-fwalk.o)
                0x000000000011838c                _fwalk_reent
 .text.iswspace
                0x00000000001183fc        0x8 c:/devkitpro/devkitarm/bin/../lib/gcc/arm-none-eabi/9.1.0/../../../../arm-none-eabi/lib/armv6k/fpu\libg.a(lib_a-iswspace.o)
                0x00000000001183fc                iswspace
 .text._localeconv_r
                0x0000000000118404        0xc c:/devkitpro/devkitarm/bin/../lib/gcc/arm-none-eabi/9.1.0/../../../../arm-none-eabi/lib/armv6k/fpu\libg.a(lib_a-localeconv.o)
                0x0000000000118404                _localeconv_r
 .text.__locale_mb_cur_max
                0x0000000000118410       0x10 c:/devkitpro/devkitarm/bin/../lib/gcc/arm-none-eabi/9.1.0/../../../../arm-none-eabi/lib/armv6k/fpu\libg.a(lib_a-locale.o)
                0x0000000000118410                __locale_mb_cur_max
 .text.__swhatbuf_r
                0x0000000000118420       0x94 c:/devkitpro/devkitarm/bin/../lib/gcc/arm-none-eabi/9.1.0/../../../../arm-none-eabi/lib/armv6k/fpu\libg.a(lib_a-makebuf.o)
                0x0000000000118420                __swhatbuf_r
 .text.__smakebuf_r
                0x00000000001184b4       0xf8 c:/devkitpro/devkitarm/bin/../lib/gcc/arm-none-eabi/9.1.0/../../../../arm-none-eabi/lib/armv6k/fpu\libg.a(lib_a-makebuf.o)
                0x00000000001184b4                __smakebuf_r
 .text._mbrtowc_r
                0x00000000001185ac       0x60 c:/devkitpro/devkitarm/bin/../lib/gcc/arm-none-eabi/9.1.0/../../../../arm-none-eabi/lib/armv6k/fpu\libg.a(lib_a-mbrtowc.o)
                0x00000000001185ac                _mbrtowc_r
 .text.__utf8_mbtowc
                0x000000000011860c      0x2fc c:/devkitpro/devkitarm/bin/../lib/gcc/arm-none-eabi/9.1.0/../../../../arm-none-eabi/lib/armv6k/fpu\libg.a(lib_a-mbtowc_r.o)
                0x000000000011860c                __utf8_mbtowc
 .text.memmove  0x0000000000118908      0x154 c:/devkitpro/devkitarm/bin/../lib/gcc/arm-none-eabi/9.1.0/../../../../arm-none-eabi/lib/armv6k/fpu\libg.a(lib_a-memmove.o)
                0x0000000000118908                memmove
 .text._Balloc  0x0000000000118a5c       0x88 c:/devkitpro/devkitarm/bin/../lib/gcc/arm-none-eabi/9.1.0/../../../../arm-none-eabi/lib/armv6k/fpu\libg.a(lib_a-mprec.o)
                0x0000000000118a5c                _Balloc
 .text._Bfree   0x0000000000118ae4       0x1c c:/devkitpro/devkitarm/bin/../lib/gcc/arm-none-eabi/9.1.0/../../../../arm-none-eabi/lib/armv6k/fpu\libg.a(lib_a-mprec.o)
                0x0000000000118ae4                _Bfree
 .text.__multadd
                0x0000000000118b00       0xd0 c:/devkitpro/devkitarm/bin/../lib/gcc/arm-none-eabi/9.1.0/../../../../arm-none-eabi/lib/armv6k/fpu\libg.a(lib_a-mprec.o)
                0x0000000000118b00                __multadd
 .text.__s2b    0x0000000000118bd0       0xec c:/devkitpro/devkitarm/bin/../lib/gcc/arm-none-eabi/9.1.0/../../../../arm-none-eabi/lib/armv6k/fpu\libg.a(lib_a-mprec.o)
                0x0000000000118bd0                __s2b
 .text.__hi0bits
                0x0000000000118cbc       0x58 c:/devkitpro/devkitarm/bin/../lib/gcc/arm-none-eabi/9.1.0/../../../../arm-none-eabi/lib/armv6k/fpu\libg.a(lib_a-mprec.o)
                0x0000000000118cbc                __hi0bits
 .text.__lo0bits
                0x0000000000118d14       0x9c c:/devkitpro/devkitarm/bin/../lib/gcc/arm-none-eabi/9.1.0/../../../../arm-none-eabi/lib/armv6k/fpu\libg.a(lib_a-mprec.o)
                0x0000000000118d14                __lo0bits
 .text.__i2b    0x0000000000118db0       0x20 c:/devkitpro/devkitarm/bin/../lib/gcc/arm-none-eabi/9.1.0/../../../../arm-none-eabi/lib/armv6k/fpu\libg.a(lib_a-mprec.o)
                0x0000000000118db0                __i2b
 .text.__multiply
                0x0000000000118dd0      0x1e0 c:/devkitpro/devkitarm/bin/../lib/gcc/arm-none-eabi/9.1.0/../../../../arm-none-eabi/lib/armv6k/fpu\libg.a(lib_a-mprec.o)
                0x0000000000118dd0                __multiply
 .text.__pow5mult
                0x0000000000118fb0      0x100 c:/devkitpro/devkitarm/bin/../lib/gcc/arm-none-eabi/9.1.0/../../../../arm-none-eabi/lib/armv6k/fpu\libg.a(lib_a-mprec.o)
                0x0000000000118fb0                __pow5mult
 .text.__lshift
                0x00000000001190b0      0x114 c:/devkitpro/devkitarm/bin/../lib/gcc/arm-none-eabi/9.1.0/../../../../arm-none-eabi/lib/armv6k/fpu\libg.a(lib_a-mprec.o)
                0x00000000001190b0                __lshift
 .text.__mcmp   0x00000000001191c4       0x58 c:/devkitpro/devkitarm/bin/../lib/gcc/arm-none-eabi/9.1.0/../../../../arm-none-eabi/lib/armv6k/fpu\libg.a(lib_a-mprec.o)
                0x00000000001191c4                __mcmp
 .text.__mdiff  0x000000000011921c      0x190 c:/devkitpro/devkitarm/bin/../lib/gcc/arm-none-eabi/9.1.0/../../../../arm-none-eabi/lib/armv6k/fpu\libg.a(lib_a-mprec.o)
                0x000000000011921c                __mdiff
 .text.__ulp    0x00000000001193ac       0x88 c:/devkitpro/devkitarm/bin/../lib/gcc/arm-none-eabi/9.1.0/../../../../arm-none-eabi/lib/armv6k/fpu\libg.a(lib_a-mprec.o)
                0x00000000001193ac                __ulp
 .text.__b2d    0x0000000000119434       0xd4 c:/devkitpro/devkitarm/bin/../lib/gcc/arm-none-eabi/9.1.0/../../../../arm-none-eabi/lib/armv6k/fpu\libg.a(lib_a-mprec.o)
                0x0000000000119434                __b2d
 .text.__d2b    0x0000000000119508      0x104 c:/devkitpro/devkitarm/bin/../lib/gcc/arm-none-eabi/9.1.0/../../../../arm-none-eabi/lib/armv6k/fpu\libg.a(lib_a-mprec.o)
                0x0000000000119508                __d2b
 .text.__ratio  0x000000000011960c       0x84 c:/devkitpro/devkitarm/bin/../lib/gcc/arm-none-eabi/9.1.0/../../../../arm-none-eabi/lib/armv6k/fpu\libg.a(lib_a-mprec.o)
                0x000000000011960c                __ratio
 .text.__copybits
                0x0000000000119690       0x6c c:/devkitpro/devkitarm/bin/../lib/gcc/arm-none-eabi/9.1.0/../../../../arm-none-eabi/lib/armv6k/fpu\libg.a(lib_a-mprec.o)
                0x0000000000119690                __copybits
 .text.__any_on
                0x00000000001196fc       0x5c c:/devkitpro/devkitarm/bin/../lib/gcc/arm-none-eabi/9.1.0/../../../../arm-none-eabi/lib/armv6k/fpu\libg.a(lib_a-mprec.o)
                0x00000000001196fc                __any_on
 .text.realloc  0x0000000000119758       0x28 c:/devkitpro/devkitarm/bin/../lib/gcc/arm-none-eabi/9.1.0/../../../../arm-none-eabi/lib/armv6k/fpu\libg.a(lib_a-realloc.o)
                0x0000000000119758                realloc
 .text._realloc_r
                0x0000000000119780      0x4bc c:/devkitpro/devkitarm/bin/../lib/gcc/arm-none-eabi/9.1.0/../../../../arm-none-eabi/lib/armv6k/fpu\libg.a(lib_a-reallocr.o)
                0x0000000000119780                _realloc_r
 .text.__sccl   0x0000000000119c3c       0xe8 c:/devkitpro/devkitarm/bin/../lib/gcc/arm-none-eabi/9.1.0/../../../../arm-none-eabi/lib/armv6k/fpu\libg.a(lib_a-sccl.o)
                0x0000000000119c3c                __sccl
 .text.nanf     0x0000000000119d24        0xc c:/devkitpro/devkitarm/bin/../lib/gcc/arm-none-eabi/9.1.0/../../../../arm-none-eabi/lib/armv6k/fpu\libg.a(lib_a-sf_nan.o)
                0x0000000000119d24                nanf
 .text.frexp    0x0000000000119d30       0xa8 c:/devkitpro/devkitarm/bin/../lib/gcc/arm-none-eabi/9.1.0/../../../../arm-none-eabi/lib/armv6k/fpu\libg.a(lib_a-s_frexp.o)
                0x0000000000119d30                frexp
 .text.sprintf  0x0000000000119dd8       0x64 c:/devkitpro/devkitarm/bin/../lib/gcc/arm-none-eabi/9.1.0/../../../../arm-none-eabi/lib/armv6k/fpu\libg.a(lib_a-sprintf.o)
                0x0000000000119dd8                sprintf
 .text.stpncpy  0x0000000000119e3c       0xb8 c:/devkitpro/devkitarm/bin/../lib/gcc/arm-none-eabi/9.1.0/../../../../arm-none-eabi/lib/armv6k/fpu\libg.a(lib_a-stpncpy.o)
                0x0000000000119e3c                stpncpy
 .text.strchr   0x0000000000119ef4      0x144 c:/devkitpro/devkitarm/bin/../lib/gcc/arm-none-eabi/9.1.0/../../../../arm-none-eabi/lib/armv6k/fpu\libg.a(lib_a-strchr.o)
                0x0000000000119ef4                strchr
 .text.strncmp  0x000000000011a038       0xec c:/devkitpro/devkitarm/bin/../lib/gcc/arm-none-eabi/9.1.0/../../../../arm-none-eabi/lib/armv6k/fpu\libg.a(lib_a-strncmp.o)
                0x000000000011a038                strncmp
 .text.sulp     0x000000000011a124       0x54 c:/devkitpro/devkitarm/bin/../lib/gcc/arm-none-eabi/9.1.0/../../../../arm-none-eabi/lib/armv6k/fpu\libg.a(lib_a-strtod.o)
 .text._strtod_l
                0x000000000011a178     0x1414 c:/devkitpro/devkitarm/bin/../lib/gcc/arm-none-eabi/9.1.0/../../../../arm-none-eabi/lib/armv6k/fpu\libg.a(lib_a-strtod.o)
                0x000000000011a178                _strtod_l
 .text._strtod_r
                0x000000000011b58c        0xc c:/devkitpro/devkitarm/bin/../lib/gcc/arm-none-eabi/9.1.0/../../../../arm-none-eabi/lib/armv6k/fpu\libg.a(lib_a-strtod.o)
                0x000000000011b58c                _strtod_r
 .text._strtoll_l.isra.0
                0x000000000011b598      0x23c c:/devkitpro/devkitarm/bin/../lib/gcc/arm-none-eabi/9.1.0/../../../../arm-none-eabi/lib/armv6k/fpu\libg.a(lib_a-strtoll.o)
 .text._strtoll_r
                0x000000000011b7d4        0x4 c:/devkitpro/devkitarm/bin/../lib/gcc/arm-none-eabi/9.1.0/../../../../arm-none-eabi/lib/armv6k/fpu\libg.a(lib_a-strtoll.o)
                0x000000000011b7d4                _strtoll_r
 .text._strtol_l.isra.0
                0x000000000011b7d8      0x1b4 c:/devkitpro/devkitarm/bin/../lib/gcc/arm-none-eabi/9.1.0/../../../../arm-none-eabi/lib/armv6k/fpu\libg.a(lib_a-strtol.o)
 .text._strtol_r
                0x000000000011b98c        0x4 c:/devkitpro/devkitarm/bin/../lib/gcc/arm-none-eabi/9.1.0/../../../../arm-none-eabi/lib/armv6k/fpu\libg.a(lib_a-strtol.o)
                0x000000000011b98c                _strtol_r
 .text._strtoull_l.isra.0
                0x000000000011b990      0x24c c:/devkitpro/devkitarm/bin/../lib/gcc/arm-none-eabi/9.1.0/../../../../arm-none-eabi/lib/armv6k/fpu\libg.a(lib_a-strtoull.o)
 .text._strtoull_r
                0x000000000011bbdc        0x4 c:/devkitpro/devkitarm/bin/../lib/gcc/arm-none-eabi/9.1.0/../../../../arm-none-eabi/lib/armv6k/fpu\libg.a(lib_a-strtoull.o)
                0x000000000011bbdc                _strtoull_r
 .text._strtoul_l.isra.0
                0x000000000011bbe0      0x1c8 c:/devkitpro/devkitarm/bin/../lib/gcc/arm-none-eabi/9.1.0/../../../../arm-none-eabi/lib/armv6k/fpu\libg.a(lib_a-strtoul.o)
 .text._strtoul_r
                0x000000000011bda8        0x4 c:/devkitpro/devkitarm/bin/../lib/gcc/arm-none-eabi/9.1.0/../../../../arm-none-eabi/lib/armv6k/fpu\libg.a(lib_a-strtoul.o)
                0x000000000011bda8                _strtoul_r
 .text.__ssprint_r
                0x000000000011bdac      0x188 c:/devkitpro/devkitarm/bin/../lib/gcc/arm-none-eabi/9.1.0/../../../../arm-none-eabi/lib/armv6k/fpu\libg.a(lib_a-svfiprintf.o)
                0x000000000011bdac                __ssprint_r
 .text._sungetc_r
                0x000000000011bf34       0xe0 c:/devkitpro/devkitarm/bin/../lib/gcc/arm-none-eabi/9.1.0/../../../../arm-none-eabi/lib/armv6k/fpu\libg.a(lib_a-svfiscanf.o)
                0x000000000011bf34                _sungetc_r
 .text.__ssrefill_r
                0x000000000011c014       0x6c c:/devkitpro/devkitarm/bin/../lib/gcc/arm-none-eabi/9.1.0/../../../../arm-none-eabi/lib/armv6k/fpu\libg.a(lib_a-svfiscanf.o)
                0x000000000011c014                __ssrefill_r
 .text._sfread_r
                0x000000000011c080       0xc8 c:/devkitpro/devkitarm/bin/../lib/gcc/arm-none-eabi/9.1.0/../../../../arm-none-eabi/lib/armv6k/fpu\libg.a(lib_a-svfiscanf.o)
                0x000000000011c080                _sfread_r
 .text.get_arg  0x000000000011c148      0x650 c:/devkitpro/devkitarm/bin/../lib/gcc/arm-none-eabi/9.1.0/../../../../arm-none-eabi/lib/armv6k/fpu\libg.a(lib_a-svfprintf.o)
 .text._svfprintf_r
                0x000000000011c798     0x3814 c:/devkitpro/devkitarm/bin/../lib/gcc/arm-none-eabi/9.1.0/../../../../arm-none-eabi/lib/armv6k/fpu\libg.a(lib_a-svfprintf.o)
                0x000000000011c798                _svfprintf_r
 .text.__submore
                0x000000000011ffac       0xa8 c:/devkitpro/devkitarm/bin/../lib/gcc/arm-none-eabi/9.1.0/../../../../arm-none-eabi/lib/armv6k/fpu\libg.a(lib_a-ungetc.o)
                0x000000000011ffac                __submore
 .text._wcsnrtombs_l
                0x0000000000120054      0x190 c:/devkitpro/devkitarm/bin/../lib/gcc/arm-none-eabi/9.1.0/../../../../arm-none-eabi/lib/armv6k/fpu\libg.a(lib_a-wcsnrtombs.o)
                0x0000000000120054                _wcsnrtombs_l
 .text._wcsnrtombs_r
                0x00000000001201e4       0x48 c:/devkitpro/devkitarm/bin/../lib/gcc/arm-none-eabi/9.1.0/../../../../arm-none-eabi/lib/armv6k/fpu\libg.a(lib_a-wcsnrtombs.o)
                0x00000000001201e4                _wcsnrtombs_r
 .text.__utf8_wctomb
                0x000000000012022c       0xf0 c:/devkitpro/devkitarm/bin/../lib/gcc/arm-none-eabi/9.1.0/../../../../arm-none-eabi/lib/armv6k/fpu\libg.a(lib_a-wctomb_r.o)
                0x000000000012022c                __utf8_wctomb
 .text._fclose_r
                0x000000000012031c      0x160 c:/devkitpro/devkitarm/bin/../lib/gcc/arm-none-eabi/9.1.0/../../../../arm-none-eabi/lib/armv6k/fpu\libg.a(lib_a-fclose.o)
                0x000000000012031c                _fclose_r
 .text.rshift   0x000000000012047c       0xec c:/devkitpro/devkitarm/bin/../lib/gcc/arm-none-eabi/9.1.0/../../../../arm-none-eabi/lib/armv6k/fpu\libg.a(lib_a-gdtoa-gethex.o)
 .text.__gethex
                0x0000000000120568      0x828 c:/devkitpro/devkitarm/bin/../lib/gcc/arm-none-eabi/9.1.0/../../../../arm-none-eabi/lib/armv6k/fpu\libg.a(lib_a-gdtoa-gethex.o)
                0x0000000000120568                __gethex
 .text.__match  0x0000000000120d90       0x60 c:/devkitpro/devkitarm/bin/../lib/gcc/arm-none-eabi/9.1.0/../../../../arm-none-eabi/lib/armv6k/fpu\libg.a(lib_a-gdtoa-hexnan.o)
                0x0000000000120d90                __match
 .text.__hexnan
                0x0000000000120df0      0x28c c:/devkitpro/devkitarm/bin/../lib/gcc/arm-none-eabi/9.1.0/../../../../arm-none-eabi/lib/armv6k/fpu\libg.a(lib_a-gdtoa-hexnan.o)
                0x0000000000120df0                __hexnan
 .text.iswspace_l
                0x000000000012107c       0x3c c:/devkitpro/devkitarm/bin/../lib/gcc/arm-none-eabi/9.1.0/../../../../arm-none-eabi/lib/armv6k/fpu\libg.a(lib_a-iswspace_l.o)
                0x000000000012107c                iswspace_l
 .text.__jp2uc  0x00000000001210b8      0x1e0 c:/devkitpro/devkitarm/bin/../lib/gcc/arm-none-eabi/9.1.0/../../../../arm-none-eabi/lib/armv6k/fpu\libg.a(lib_a-jp2uc.o)
 .text._jp2uc_l
                0x0000000000121298       0x94 c:/devkitpro/devkitarm/bin/../lib/gcc/arm-none-eabi/9.1.0/../../../../arm-none-eabi/lib/armv6k/fpu\libg.a(lib_a-jp2uc.o)
                0x0000000000121298                _jp2uc_l
 *fill*         0x000000000012132c        0x4 
 .text.nan      0x0000000000121330       0x10 c:/devkitpro/devkitarm/bin/../lib/gcc/arm-none-eabi/9.1.0/../../../../arm-none-eabi/lib/armv6k/fpu\libg.a(lib_a-s_nan.o)
                0x0000000000121330                nan
 .text.category
                0x0000000000121340       0x88 c:/devkitpro/devkitarm/bin/../lib/gcc/arm-none-eabi/9.1.0/../../../../arm-none-eabi/lib/armv6k/fpu\libg.a(lib_a-categories.o)
                0x0000000000121340                category
 .text.null_write
                0x00000000001213c8        0x8 c:/devkitpro/devkitarm/bin/../lib/gcc/arm-none-eabi/9.1.0/../../../../arm-none-eabi/lib/armv6k/fpu\libsysbase.a(iosupport.o)
 .text.setDefaultDevice
                0x00000000001213d0       0x18 c:/devkitpro/devkitarm/bin/../lib/gcc/arm-none-eabi/9.1.0/../../../../arm-none-eabi/lib/armv6k/fpu\libsysbase.a(iosupport.o)
                0x00000000001213d0                setDefaultDevice
 .text.FindDevice
                0x00000000001213e8       0xc8 c:/devkitpro/devkitarm/bin/../lib/gcc/arm-none-eabi/9.1.0/../../../../arm-none-eabi/lib/armv6k/fpu\libsysbase.a(iosupport.o)
                0x00000000001213e8                FindDevice
 .text.RemoveDevice
                0x00000000001214b0       0x28 c:/devkitpro/devkitarm/bin/../lib/gcc/arm-none-eabi/9.1.0/../../../../arm-none-eabi/lib/armv6k/fpu\libsysbase.a(iosupport.o)
                0x00000000001214b0                RemoveDevice
 .text.AddDevice
                0x00000000001214d8       0x9c c:/devkitpro/devkitarm/bin/../lib/gcc/arm-none-eabi/9.1.0/../../../../arm-none-eabi/lib/armv6k/fpu\libsysbase.a(iosupport.o)
                0x00000000001214d8                AddDevice
 .text._fstat_r
                0x0000000000121574       0x78 c:/devkitpro/devkitarm/bin/../lib/gcc/arm-none-eabi/9.1.0/../../../../arm-none-eabi/lib/armv6k/fpu\libsysbase.a(fstat.o)
                0x0000000000121574                _fstat_r
 .text._isatty_r
                0x00000000001215ec        0x8 c:/devkitpro/devkitarm/bin/../lib/gcc/arm-none-eabi/9.1.0/../../../../arm-none-eabi/lib/armv6k/fpu\libsysbase.a(isatty.o)
                0x00000000001215ec                _isatty_r
 .text._lseek_r
                0x00000000001215f4       0x84 c:/devkitpro/devkitarm/bin/../lib/gcc/arm-none-eabi/9.1.0/../../../../arm-none-eabi/lib/armv6k/fpu\libsysbase.a(lseek.o)
                0x00000000001215f4                _lseek_r
 .text._read_r  0x0000000000121678       0x80 c:/devkitpro/devkitarm/bin/../lib/gcc/arm-none-eabi/9.1.0/../../../../arm-none-eabi/lib/armv6k/fpu\libsysbase.a(read.o)
                0x0000000000121678                _read_r
 .text._sbrk_r  0x00000000001216f8       0x78 c:/devkitpro/devkitarm/bin/../lib/gcc/arm-none-eabi/9.1.0/../../../../arm-none-eabi/lib/armv6k/fpu\libsysbase.a(sbrk.o)
                0x00000000001216f8                _sbrk_r
 .text._write_r
                0x0000000000121770       0x80 c:/devkitpro/devkitarm/bin/../lib/gcc/arm-none-eabi/9.1.0/../../../../arm-none-eabi/lib/armv6k/fpu\libsysbase.a(write.o)
                0x0000000000121770                _write_r
 .text._exit    0x00000000001217f0       0x24 c:/devkitpro/devkitarm/bin/../lib/gcc/arm-none-eabi/9.1.0/../../../../arm-none-eabi/lib/armv6k/fpu\libsysbase.a(_exit.o)
                0x00000000001217f0                _exit
 .text._concatenate_path
                0x0000000000121814      0x1bc c:/devkitpro/devkitarm/bin/../lib/gcc/arm-none-eabi/9.1.0/../../../../arm-none-eabi/lib/armv6k/fpu\libsysbase.a(chdir.o)
                0x0000000000121814                _concatenate_path
 .text.chdir    0x00000000001219d0      0x15c c:/devkitpro/devkitarm/bin/../lib/gcc/arm-none-eabi/9.1.0/../../../../arm-none-eabi/lib/armv6k/fpu\libsysbase.a(chdir.o)
                0x00000000001219d0                chdir
 .text.__flockfile
                0x0000000000121b2c        0x8 c:/devkitpro/devkitarm/bin/../lib/gcc/arm-none-eabi/9.1.0/../../../../arm-none-eabi/lib/armv6k/fpu\libsysbase.a(flock.o)
                0x0000000000121b2c                __flockfile
 .text.__funlockfile
                0x0000000000121b34        0x8 c:/devkitpro/devkitarm/bin/../lib/gcc/arm-none-eabi/9.1.0/../../../../arm-none-eabi/lib/armv6k/fpu\libsysbase.a(flock.o)
                0x0000000000121b34                __funlockfile
 .text.__libc_lock_acquire
                0x0000000000121b3c       0x18 c:/devkitpro/devkitarm/bin/../lib/gcc/arm-none-eabi/9.1.0/../../../../arm-none-eabi/lib/armv6k/fpu\libsysbase.a(syscall_support.o)
                0x0000000000121b3c                __libc_lock_acquire
 .text.__libc_lock_release