Archive member included to satisfy reference by file (symbol)

C:/devkitPro/libctru/lib\libcitro2d.a(base.o)
                              main.o (C2D_Init)
C:/devkitPro/libctru/lib\libcitro2d.a(spritesheet.o)
                              main.o (C2D_SpriteSheetLoad)
C:/devkitPro/libctru/lib\libcitro2d.a(render2d.shbin.o)
                              C:/devkitPro/libctru/lib\libcitro2d.a(base.o) (render2d_shbin_size)
C:/devkitPro/libctru/lib\libcitro3d.a(base.o)
                              main.o (C3D_Init)
C:/devkitPro/libctru/lib\libcitro3d.a(renderqueue.o)
                              main.o (C3D_FrameBegin)
C:/devkitPro/libctru/lib\libcitro3d.a(texture.o)
                              C:/devkitPro/libctru/lib\libcitro2d.a(base.o) (C3D_TexBind)
C:/devkitPro/libctru/lib\libcitro3d.a(tex3ds.o)
                              C:/devkitPro/libctru/lib\libcitro2d.a(spritesheet.o) (Tex3DS_TextureImport)
C:/devkitPro/libctru/lib\libcitro3d.a(framebuffer.o)
                              C:/devkitPro/libctru/lib\libcitro3d.a(renderqueue.o) (C3D_CalcColorBufSize)
C:/devkitPro/libctru/lib\libcitro3d.a(texenv.o)
                              C:/devkitPro/libctru/lib\libcitro2d.a(base.o) (C3D_GetTexEnv)
C:/devkitPro/libctru/lib\libcitro3d.a(proctex.o)
                              C:/devkitPro/libctru/lib\libcitro2d.a(base.o) (C3D_ProcTexInit)
C:/devkitPro/libctru/lib\libcitro3d.a(buffers.o)
                              C:/devkitPro/libctru/lib\libcitro2d.a(base.o) (BufInfo_Init)
C:/devkitPro/libctru/lib\libcitro3d.a(drawArrays.o)
                              C:/devkitPro/libctru/lib\libcitro2d.a(base.o) (C3D_DrawArrays)
C:/devkitPro/libctru/lib\libcitro3d.a(effect.o)
                              C:/devkitPro/libctru/lib\libcitro3d.a(base.o) (C3D_DepthMap)
C:/devkitPro/libctru/lib\libcitro3d.a(attribs.o)
                              C:/devkitPro/libctru/lib\libcitro2d.a(base.o) (AttrInfo_Init)
C:/devkitPro/libctru/lib\libcitro3d.a(immediate.o)
                              C:/devkitPro/libctru/lib\libcitro3d.a(base.o) (C3D_ImmSendAttrib)
C:/devkitPro/libctru/lib\libcitro3d.a(uniforms.o)
                              C:/devkitPro/libctru/lib\libcitro3d.a(base.o) (C3D_UpdateUniforms)
C:/devkitPro/libctru/lib\libcitro3d.a(mtx_ortho.o)
                              C:/devkitPro/libctru/lib\libcitro2d.a(base.o) (Mtx_Ortho)
C:/devkitPro/libctru/lib\libcitro3d.a(mtx_orthotilt.o)
                              C:/devkitPro/libctru/lib\libcitro2d.a(base.o) (Mtx_OrthoTilt)
C:/devkitPro/libctru/lib\libctru.a(vram.o)
                              C:/devkitPro/libctru/lib\libcitro3d.a(renderqueue.o) (vramAlloc)
C:/devkitPro/libctru/lib\libctru.a(linear.o)
                              main.o (linearAlloc)
C:/devkitPro/libctru/lib\libctru.a(mem_pool.o)
                              C:/devkitPro/libctru/lib\libctru.a(vram.o) (MemPool::Allocate(MemChunk&, unsigned long, int))
C:/devkitPro/libctru/lib\libctru.a(romfs_dev.o)
                              main.o (romfsMount)
C:/devkitPro/libctru/lib\libctru.a(os.o)
                              C:/devkitPro/libctru/lib\libcitro3d.a(texture.o) (osConvertVirtToPhys)
C:/devkitPro/libctru/lib\libctru.a(srv.o)
                              main.o (srvExit)
C:/devkitPro/libctru/lib\libctru.a(gfx.o)
                              C:/devkitPro/libctru/lib\libcitro3d.a(renderqueue.o) (gfxIs3D)
C:/devkitPro/libctru/lib\libctru.a(shaderProgram.o)
                              C:/devkitPro/libctru/lib\libcitro2d.a(base.o) (shaderInstanceGetUniformLocation)
C:/devkitPro/libctru/lib\libctru.a(shbin.o)
                              C:/devkitPro/libctru/lib\libcitro2d.a(base.o) (DVLB_ParseFile)
C:/devkitPro/libctru/lib\libctru.a(gx.o)
                              C:/devkitPro/libctru/lib\libctru.a(gfx.o) (gxCmdBuf)
C:/devkitPro/libctru/lib\libctru.a(gxqueue.o)
                              C:/devkitPro/libctru/lib\libcitro3d.a(renderqueue.o) (gxCmdQueueClear)
C:/devkitPro/libctru/lib\libctru.a(gpu.o)
                              C:/devkitPro/libctru/lib\libcitro3d.a(base.o) (gpuCmdBufOffset)
C:/devkitPro/libctru/lib\libctru.a(gspgpu.o)
                              C:/devkitPro/libctru/lib\libctru.a(gfx.o) (gspInit)
C:/devkitPro/libctru/lib\libctru.a(csnd.o)
                              main.o (csndInit)
C:/devkitPro/libctru/lib\libctru.a(apt.o)
                              C:/devkitPro/libctru/lib\libcitro3d.a(base.o) (aptHook)
C:/devkitPro/libctru/lib\libctru.a(hid.o)
                              main.o (hidExit)
C:/devkitPro/libctru/lib\libctru.a(srvpm.o)
                              C:/devkitPro/libctru/lib\libctru.a(srv.o) (srvPmGetSessionHandle)
C:/devkitPro/libctru/lib\libctru.a(ptmsysm.o)
                              C:/devkitPro/libctru/lib\libctru.a(os.o) (ptmSysmInit)
C:/devkitPro/libctru/lib\libctru.a(fs.o)
                              C:/devkitPro/libctru/lib\libctru.a(romfs_dev.o) (FSUSER_OpenFileDirectly)
C:/devkitPro/libctru/lib\libctru.a(decompress.o)
[...]
Memory Configuration

Name             Origin             Length             Attributes
*default*        0x0000000000000000 0xffffffffffffffff

Linker script and memory map

                0x0000000000100000                PROVIDE (__start__ = 0x100000)
                0x0000000000100000                . = __start__

.text           0x0000000000100000    0x1d740
 *(.crt0)
 .crt0          0x0000000000100000       0x94 c:/devkitpro/devkitarm/bin/../lib/gcc/arm-none-eabi/9.1.0/../../../../arm-none-eabi/lib/armv6k/fpu/3dsx_crt0.o
                0x0000000000100000                _start
                0x0000000000100008                __service_ptr
                0x000000000010000c                __apt_appid
                0x0000000000100010                __heap_size
                0x0000000000100014                __linear_heap_size
                0x0000000000100018                __system_arglist
                0x000000000010001c                __system_runflags
 *(.init)
 .init          0x0000000000100094        0xc c:/devkitpro/devkitarm/bin/../lib/gcc/arm-none-eabi/9.1.0/armv6k/fpu/crti.o
                0x0000000000100094                _init
 .init          0x00000000001000a0        0xc c:/devkitpro/devkitarm/bin/../lib/gcc/arm-none-eabi/9.1.0/armv6k/fpu/crtn.o
                0x00000000001000ac                . = ALIGN (0x4)
 *(.text)
 .text          0x00000000001000ac       0x64 C:/devkitPro/libctru/lib\libctru.a(stack_adjust.o)
                0x00000000001000ac                initSystem
                0x00000000001000f0                __ctru_exit
 .text          0x0000000000100110      0x20c c:/devkitpro/devkitarm/bin/../lib/gcc/arm-none-eabi/9.1.0/armv6k/fpu\libgcc.a(_udivsi3.o)
                0x0000000000100110                __aeabi_uidiv
                0x0000000000100110                __udivsi3
                0x00000000001002fc                __aeabi_uidivmod
 .text          0x000000000010031c      0x240 c:/devkitpro/devkitarm/bin/../lib/gcc/arm-none-eabi/9.1.0/armv6k/fpu\libgcc.a(_divsi3.o)
                0x000000000010031c                __divsi3
                0x000000000010031c                __aeabi_idiv
                0x000000000010053c                __aeabi_idivmod
 .text          0x000000000010055c        0x4 c:/devkitpro/devkitarm/bin/../lib/gcc/arm-none-eabi/9.1.0/armv6k/fpu\libgcc.a(_dvmd_tls.o)
                0x000000000010055c                __aeabi_idiv0
                0x000000000010055c                __aeabi_ldiv0
 .text          0x0000000000100560      0x3c0 c:/devkitpro/devkitarm/bin/../lib/gcc/arm-none-eabi/9.1.0/armv6k/fpu\libgcc.a(_arm_addsubdf3.o)
                0x0000000000100560                __aeabi_drsub
                0x0000000000100568                __aeabi_dsub
                0x0000000000100568                __subdf3
                0x000000000010056c                __aeabi_dadd
                0x000000000010056c                __adddf3
                0x0000000000100818                __floatunsidf
                0x0000000000100818                __aeabi_ui2d
                0x000000000010083c                __floatsidf
                0x000000000010083c                __aeabi_i2d
                0x0000000000100864                __aeabi_f2d
                0x0000000000100864                __extendsfdf2
                0x00000000001008ac                __floatundidf
                0x00000000001008ac                __aeabi_ul2d
                0x00000000001008c0                __floatdidf
                0x00000000001008c0                __aeabi_l2d
 .text          0x0000000000100920       0x3c c:/devkitpro/devkitarm/bin/../lib/gcc/arm-none-eabi/9.1.0/armv6k/fpu\libgcc.a(_aeabi_uldivmod.o)
                0x0000000000100920                __aeabi_uldivmod
 *fill*         0x000000000010095c        0x4 
 .text          0x0000000000100960      0x390 c:/devkitpro/devkitarm/bin/../lib/gcc/arm-none-eabi/9.1.0/../../../../arm-none-eabi/lib/armv6k/fpu\libg.a(lib_a-strcmp.o)
                0x0000000000100968                strcmp
 *(.text.*)
 .text.deregister_tm_clones
                0x0000000000100cf0       0x2c c:/devkitpro/devkitarm/bin/../lib/gcc/arm-none-eabi/9.1.0/armv6k/fpu/crtbegin.o
 .text.register_tm_clones
                0x0000000000100d1c       0x38 c:/devkitpro/devkitarm/bin/../lib/gcc/arm-none-eabi/9.1.0/armv6k/fpu/crtbegin.o
 .text.__do_global_dtors_aux
                0x0000000000100d54       0x44 c:/devkitpro/devkitarm/bin/../lib/gcc/arm-none-eabi/9.1.0/armv6k/fpu/crtbegin.o
 .text.frame_dummy
                0x0000000000100d98       0x34 c:/devkitpro/devkitarm/bin/../lib/gcc/arm-none-eabi/9.1.0/armv6k/fpu/crtbegin.o
 .text.checkEnemyCollisions
                0x0000000000100dcc       0x78 main.o
                0x0000000000100dcc                checkEnemyCollisions
 .text.initSprites
                0x0000000000100e44      0x274 main.o
                0x0000000000100e44                initSprites
 .text.drawFontSprite
                0x00000000001010b8       0x9c main.o
                0x00000000001010b8                drawFontSprite
 .text.parseLetter
                0x0000000000101154      0x4b0 main.o
                0x0000000000101154                parseLetter
 .text.drawWordSprite
                0x0000000000101604       0x70 main.o
                0x0000000000101604                drawWordSprite
 .text.drawTextbox
                0x0000000000101674       0xc4 main.o
                0x0000000000101674                drawTextbox
 .text.audio_stop
                0x0000000000101738       0x50 main.o
                0x0000000000101738                audio_stop
 .text.audio_ch8
                0x0000000000101788       0xa8 main.o
                0x0000000000101788                audio_ch8
 .text.audio_ch10
                0x0000000000101830       0xa8 main.o
                0x0000000000101830                audio_ch10
 .text.checkTouchScreen.part.0
                0x00000000001018d8       0x3c main.o
 .text.drawBottomScreen
                0x0000000000101914       0xd4 main.o
                0x0000000000101914                drawBottomScreen
 .text.startup.main
                0x00000000001019e8     0x1370 main.o
                0x00000000001019e8                main
 .text.C2D_Init
                0x0000000000102d58      0x330 C:/devkitPro/libctru/lib\libcitro2d.a(base.o)
                0x0000000000102d58                C2D_Init
 .text.C2D_Fini
                0x0000000000103088       0x44 C:/devkitPro/libctru/lib\libcitro2d.a(base.o)
                0x0000000000103088                C2D_Fini
 .text.C2D_Prepare
                0x00000000001030cc       0xc8 C:/devkitPro/libctru/lib\libcitro2d.a(base.o)
                0x00000000001030cc                C2D_Prepare
 .text.C2D_SceneSize
                0x0000000000103194      0x10c C:/devkitPro/libctru/lib\libcitro2d.a(base.o)
                0x0000000000103194                C2D_SceneSize
 .text.C2Di_CalcQuad
                0x00000000001032a0      0x13c C:/devkitPro/libctru/lib\libcitro2d.a(base.o)
                0x00000000001032a0                C2Di_CalcQuad
 .text.C2Di_FlushVtxBuf
                0x00000000001033dc       0x30 C:/devkitPro/libctru/lib\libcitro2d.a(base.o)
                0x00000000001033dc                C2Di_FlushVtxBuf
 .text.C2Di_FrameEndHook
                0x000000000010340c       0x20 C:/devkitPro/libctru/lib\libcitro2d.a(base.o)
 .text.C2D_Flush
                0x000000000010342c       0x18 C:/devkitPro/libctru/lib\libcitro2d.a(base.o)
                0x000000000010342c                C2D_Flush
 .text.C2D_TargetClear
                0x0000000000103444       0x30 C:/devkitPro/libctru/lib\libcitro2d.a(base.o)
                0x0000000000103444                C2D_TargetClear
 .text.C2Di_Update
                0x0000000000103474      0x210 C:/devkitPro/libctru/lib\libcitro2d.a(base.o)
                0x0000000000103474                C2Di_Update
 .text.C2D_DrawImage
                0x0000000000103684      0x2ec C:/devkitPro/libctru/lib\libcitro2d.a(base.o)
                0x0000000000103684                C2D_DrawImage
 .text.C2D_DrawRectangle
                0x0000000000103970      0x19c C:/devkitPro/libctru/lib\libcitro2d.a(base.o)
                0x0000000000103970                C2D_DrawRectangle
 .text.C2D_SpriteSheetLoadFromHandle
                0x0000000000103b0c       0x6c C:/devkitPro/libctru/lib\libcitro2d.a(spritesheet.o)
                0x0000000000103b0c                C2D_SpriteSheetLoadFromHandle
 .text.C2D_SpriteSheetLoad
                0x0000000000103b78       0x34 C:/devkitPro/libctru/lib\libcitro2d.a(spritesheet.o)
                0x0000000000103b78                C2D_SpriteSheetLoad
 .text.C2D_SpriteSheetFree
                0x0000000000103bac       0x28 C:/devkitPro/libctru/lib\libcitro2d.a(spritesheet.o)
                0x0000000000103bac                C2D_SpriteSheetFree
 .text.C2D_SpriteSheetCount
                0x0000000000103bd4        0x8 C:/devkitPro/libctru/lib\libcitro2d.a(spritesheet.o)
                0x0000000000103bd4                C2D_SpriteSheetCount
 .text.C2D_SpriteSheetGetImage
                0x0000000000103bdc       0x28 C:/devkitPro/libctru/lib\libcitro2d.a(spritesheet.o)
                0x0000000000103bdc                C2D_SpriteSheetGetImage
 .text.C3Di_SplitFrame.part.1
                0x0000000000103c04       0xc4 C:/devkitPro/libctru/lib\libcitro3d.a(base.o)
 .text.C3Di_LightEnvUpdate
                0x0000000000103cc8        0x4 C:/devkitPro/libctru/lib\libcitro3d.a(base.o)
                0x0000000000103cc8                C3Di_LightEnvUpdate
 .text.C3Di_LightEnvDirty
                0x0000000000103ccc        0x4 C:/devkitPro/libctru/lib\libcitro3d.a(base.o)
                0x0000000000103ccc                C3Di_LightEnvDirty
 .text.C3Di_AptEventHook
                0x0000000000103cd0       0xac C:/devkitPro/libctru/lib\libcitro3d.a(base.o)
 .text.C3Di_GasUpdate
                0x0000000000103d7c        0x4 C:/devkitPro/libctru/lib\libcitro3d.a(base.o)
                0x0000000000103d7c                C3Di_GasUpdate
 .text.C3D_Init
                0x0000000000103d80      0x21c C:/devkitPro/libctru/lib\libcitro3d.a(base.o)
                0x0000000000103d80                C3D_Init
 .text.C3D_SetViewport
                0x0000000000103f9c       0x98 C:/devkitPro/libctru/lib\libcitro3d.a(base.o)
                0x0000000000103f9c                C3D_SetViewport
 .text.C3Di_UpdateContext
                0x0000000000104034      0x50c C:/devkitPro/libctru/lib\libcitro3d.a(base.o)
                0x0000000000104034                C3Di_UpdateContext
 .text.C3Di_SplitFrame
                0x0000000000104540       0x20 C:/devkitPro/libctru/lib\libcitro3d.a(base.o)
                0x0000000000104540                C3Di_SplitFrame
 .text.C3D_Fini
                0x0000000000104560       0x64 C:/devkitPro/libctru/lib\libcitro3d.a(base.o)
                0x0000000000104560                C3D_Fini
 .text.C3D_BindProgram
                0x00000000001045c4      0x114 C:/devkitPro/libctru/lib\libcitro3d.a(base.o)
                0x00000000001045c4                C3D_BindProgram
 .text.C3Di_RenderQueueInit
                0x00000000001046d8       0x54 C:/devkitPro/libctru/lib\libcitro3d.a(renderqueue.o)
 .text.C3Di_RenderTargetDestroy
                0x000000000010472c       0x80 C:/devkitPro/libctru/lib\libcitro3d.a(renderqueue.o)
 .text.onVBlank1
                0x00000000001047ac       0xac C:/devkitPro/libctru/lib\libcitro3d.a(renderqueue.o)
 .text.onVBlank0
                0x0000000000104858      0x13c C:/devkitPro/libctru/lib\libcitro3d.a(renderqueue.o)
 .text.C3Di_RenderTargetNew
                0x0000000000104994        0xc C:/devkitPro/libctru/lib\libcitro3d.a(renderqueue.o)
 .text.C3Di_WaitAndClearQueue
                0x00000000001049a0       0x7c C:/devkitPro/libctru/lib\libcitro3d.a(renderqueue.o)
 .text.onQueueFinish
                0x0000000000104a1c       0xc0 C:/devkitPro/libctru/lib\libcitro3d.a(renderqueue.o)
 .text.C3D_FrameSplit.part.6
                0x0000000000104adc       0x44 C:/devkitPro/libctru/lib\libcitro3d.a(renderqueue.o)
 .text.C3D_FrameSync
                0x0000000000104b20       0x30 C:/devkitPro/libctru/lib\libcitro3d.a(renderqueue.o)
                0x0000000000104b20                C3D_FrameSync
 .text.C3Di_RenderQueueExit
                0x0000000000104b50       0xa0 C:/devkitPro/libctru/lib\libcitro3d.a(renderqueue.o)
                0x0000000000104b50                C3Di_RenderQueueExit
 .text.C3Di_RenderQueueWaitDone
                0x0000000000104bf0       0x20 C:/devkitPro/libctru/lib\libcitro3d.a(renderqueue.o)
                0x0000000000104bf0                C3Di_RenderQueueWaitDone
 .text.C3D_FrameBegin
                0x0000000000104c10       0x7c C:/devkitPro/libctru/lib\libcitro3d.a(renderqueue.o)
                0x0000000000104c10                C3D_FrameBegin
 .text.C3D_FrameDrawOn
                0x0000000000104c8c       0x48 C:/devkitPro/libctru/lib\libcitro3d.a(renderqueue.o)
                0x0000000000104c8c                C3D_FrameDrawOn
 .text.C3D_FrameSplit
                0x0000000000104cd4       0x18 C:/devkitPro/libctru/lib\libcitro3d.a(renderqueue.o)
                0x0000000000104cd4                C3D_FrameSplit
 .text.C3D_FrameEnd
                0x0000000000104cec      0x164 C:/devkitPro/libctru/lib\libcitro3d.a(renderqueue.o)
                0x0000000000104cec                C3D_FrameEnd
 .text.C3D_FrameEndHook
                0x0000000000104e50       0x1c C:/devkitPro/libctru/lib\libcitro3d.a(renderqueue.o)
                0x0000000000104e50                C3D_FrameEndHook
 .text.C3D_RenderTargetCreate
                0x0000000000104e6c      0x17c C:/devkitPro/libctru/lib\libcitro3d.a(renderqueue.o)
                0x0000000000104e6c                C3D_RenderTargetCreate
 .text.C3D_RenderTargetSetOutput
                0x0000000000104fe8       0x4c C:/devkitPro/libctru/lib\libcitro3d.a(renderqueue.o)
                0x0000000000104fe8                C3D_RenderTargetSetOutput
 .text.C3D_SyncTextureCopy
                0x0000000000105034       0xb4 C:/devkitPro/libctru/lib\libcitro3d.a(renderqueue.o)
                0x0000000000105034                C3D_SyncTextureCopy
 .text.C3D_TexInitWithParams
                0x00000000001050e8      0x284 C:/devkitPro/libctru/lib\libcitro3d.a(texture.o)
                0x00000000001050e8                C3D_TexInitWithParams
 .text.C3D_TexLoadImage
                0x000000000010536c       0xdc C:/devkitPro/libctru/lib\libcitro3d.a(texture.o)
                0x000000000010536c                C3D_TexLoadImage
 .text.C3D_TexBind
                0x0000000000105448       0x48 C:/devkitPro/libctru/lib\libcitro3d.a(texture.o)
                0x0000000000105448                C3D_TexBind
 .text.C3D_TexDelete
                0x0000000000105490       0x7c C:/devkitPro/libctru/lib\libcitro3d.a(texture.o)
                0x0000000000105490                C3D_TexDelete
 .text.C3Di_SetTex
                0x000000000010550c      0x174 C:/devkitPro/libctru/lib\libcitro3d.a(texture.o)
                0x000000000010550c                C3Di_SetTex
 .text.Tex3DSi_ImportCommon
                0x0000000000105680      0x3e8 C:/devkitPro/libctru/lib\libcitro3d.a(tex3ds.o)
 .text.Tex3DS_TextureImportStdio
                0x0000000000105a68       0x34 C:/devkitPro/libctru/lib\libcitro3d.a(tex3ds.o)
                0x0000000000105a68                Tex3DS_TextureImportStdio
 .text.Tex3DS_GetNumSubTextures
                0x0000000000105a9c        0x8 C:/devkitPro/libctru/lib\libcitro3d.a(tex3ds.o)
                0x0000000000105a9c                Tex3DS_GetNumSubTextures
 .text.Tex3DS_GetSubTexture
                0x0000000000105aa4       0x1c C:/devkitPro/libctru/lib\libcitro3d.a(tex3ds.o)
                0x0000000000105aa4                Tex3DS_GetSubTexture
 .text.Tex3DS_TextureFree
                0x0000000000105ac0        0x4 C:/devkitPro/libctru/lib\libcitro3d.a(tex3ds.o)
                0x0000000000105ac0                Tex3DS_TextureFree
 .text.C3D_CalcColorBufSize
                0x0000000000105ac4       0x1c C:/devkitPro/libctru/lib\libcitro3d.a(framebuffer.o)
                0x0000000000105ac4                C3D_CalcColorBufSize
 .text.C3D_CalcDepthBufSize
                0x0000000000105ae0       0x1c C:/devkitPro/libctru/lib\libcitro3d.a(framebuffer.o)
                0x0000000000105ae0                C3D_CalcDepthBufSize
 .text.C3D_SetFrameBuf
                0x0000000000105afc       0x44 C:/devkitPro/libctru/lib\libcitro3d.a(framebuffer.o)
                0x0000000000105afc                C3D_SetFrameBuf
 .text.C3Di_FrameBufBind
                0x0000000000105b40      0x168 C:/devkitPro/libctru/lib\libcitro3d.a(framebuffer.o)
                0x0000000000105b40                C3Di_FrameBufBind
 .text.C3D_FrameBufClear
                0x0000000000105ca8       0xc8 C:/devkitPro/libctru/lib\libcitro3d.a(framebuffer.o)
                0x0000000000105ca8                C3D_FrameBufClear
 .text.C3D_FrameBufTransfer
                0x0000000000105d70       0x48 C:/devkitPro/libctru/lib\libcitro3d.a(framebuffer.o)
                0x0000000000105d70                C3D_FrameBufTransfer
 .text.C3D_GetTexEnv
                0x0000000000105db8       0x34 C:/devkitPro/libctru/lib\libcitro3d.a(texenv.o)
                0x0000000000105db8                C3D_GetTexEnv
 .text.C3Di_TexEnvBind
                0x0000000000105dec       0x24 C:/devkitPro/libctru/lib\libcitro3d.a(texenv.o)
                0x0000000000105dec                C3Di_TexEnvBind
 .text.C3D_ProcTexInit
                0x0000000000105e10       0x6c C:/devkitPro/libctru/lib\libcitro3d.a(proctex.o)
                0x0000000000105e10                C3D_ProcTexInit
 .text.C3D_ProcTexBind
                0x0000000000105e7c       0x50 C:/devkitPro/libctru/lib\libcitro3d.a(proctex.o)
                0x0000000000105e7c                C3D_ProcTexBind
 .text.C3D_ProcTexLutBind
                0x0000000000105ecc       0x60 C:/devkitPro/libctru/lib\libcitro3d.a(proctex.o)
                0x0000000000105ecc                C3D_ProcTexLutBind
 .text.ProcTexLut_FromArray
                0x0000000000105f2c       0xa4 C:/devkitPro/libctru/lib\libcitro3d.a(proctex.o)
                0x0000000000105f2c                ProcTexLut_FromArray
 .text.C3Di_ProcTexUpdate
                0x0000000000105fd0      0x174 C:/devkitPro/libctru/lib\libcitro3d.a(proctex.o)
                0x0000000000105fd0                C3Di_ProcTexUpdate
 .text.C3Di_ProcTexDirty
                0x0000000000106144       0x68 C:/devkitPro/libctru/lib\libcitro3d.a(proctex.o)
                0x0000000000106144                C3Di_ProcTexDirty
 .text.BufInfo_Init
                0x00000000001061ac       0x24 C:/devkitPro/libctru/lib\libcitro3d.a(buffers.o)
                0x00000000001061ac                BufInfo_Init
 .text.BufInfo_Add
                0x00000000001061d0       0x84 C:/devkitPro/libctru/lib\libcitro3d.a(buffers.o)
                0x00000000001061d0                BufInfo_Add
 .text.C3D_SetBufInfo
                0x0000000000106254       0x40 C:/devkitPro/libctru/lib\libcitro3d.a(buffers.o)
                0x0000000000106254                C3D_SetBufInfo
 .text.C3Di_BufInfoBind
                0x0000000000106294       0x48 C:/devkitPro/libctru/lib\libcitro3d.a(buffers.o)
                0x0000000000106294                C3Di_BufInfoBind
 .text.C3D_DrawArrays
                0x00000000001062dc      0x148 C:/devkitPro/libctru/lib\libcitro3d.a(drawArrays.o)
                0x00000000001062dc                C3D_DrawArrays
 .text.C3D_DepthMap
                0x0000000000106424       0x40 C:/devkitPro/libctru/lib\libcitro3d.a(effect.o)
                0x0000000000106424                C3D_DepthMap
 .text.C3D_CullFace
                0x0000000000106464       0x1c C:/devkitPro/libctru/lib\libcitro3d.a(effect.o)
                0x0000000000106464                C3D_CullFace
 .text.C3D_StencilTest
                0x0000000000106480       0x40 C:/devkitPro/libctru/lib\libcitro3d.a(effect.o)
                0x0000000000106480                C3D_StencilTest
 .text.C3D_StencilOp
                0x00000000001064c0       0x24 C:/devkitPro/libctru/lib\libcitro3d.a(effect.o)
                0x00000000001064c0                C3D_StencilOp
 .text.C3D_BlendingColor
                0x00000000001064e4       0x1c C:/devkitPro/libctru/lib\libcitro3d.a(effect.o)
                0x00000000001064e4                C3D_BlendingColor
 .text.C3D_EarlyDepthTest
                0x0000000000106500       0x24 C:/devkitPro/libctru/lib\libcitro3d.a(effect.o)
                0x0000000000106500                C3D_EarlyDepthTest
 .text.C3D_DepthTest
                0x0000000000106524       0x2c C:/devkitPro/libctru/lib\libcitro3d.a(effect.o)
                0x0000000000106524                C3D_DepthTest
 .text.C3D_AlphaTest
                0x0000000000106550       0x2c C:/devkitPro/libctru/lib\libcitro3d.a(effect.o)
                0x0000000000106550                C3D_AlphaTest
 .text.C3D_AlphaBlend
                0x000000000010657c       0x50 C:/devkitPro/libctru/lib\libcitro3d.a(effect.o)
                0x000000000010657c                C3D_AlphaBlend
 .text.C3D_FragOpMode
                0x00000000001065cc       0x30 C:/devkitPro/libctru/lib\libcitro3d.a(effect.o)
                0x00000000001065cc                C3D_FragOpMode
 .text.C3D_FragOpShadow
                0x00000000001065fc       0x44 C:/devkitPro/libctru/lib\libcitro3d.a(effect.o)
                0x00000000001065fc                C3D_FragOpShadow
 .text.C3Di_EffectBind
                0x0000000000106640      0x1ac C:/devkitPro/libctru/lib\libcitro3d.a(effect.o)
                0x0000000000106640                C3Di_EffectBind
 .text.AttrInfo_Init
                0x00000000001067ec       0x28 C:/devkitPro/libctru/lib\libcitro3d.a(attribs.o)
                0x00000000001067ec                AttrInfo_Init
 .text.AttrInfo_AddLoader
                0x0000000000106814       0xa0 C:/devkitPro/libctru/lib\libcitro3d.a(attribs.o)
                0x0000000000106814                AttrInfo_AddLoader
 .text.C3D_SetAttrInfo
                0x00000000001068b4       0x54 C:/devkitPro/libctru/lib\libcitro3d.a(attribs.o)
                0x00000000001068b4                C3D_SetAttrInfo
 .text.C3Di_AttrInfoBind
                0x0000000000106908       0x80 C:/devkitPro/libctru/lib\libcitro3d.a(attribs.o)
                0x0000000000106908                C3Di_AttrInfoBind
 .text.C3D_ImmSendAttrib
                0x0000000000106988       0xa4 C:/devkitPro/libctru/lib\libcitro3d.a(immediate.o)
                0x0000000000106988                C3D_ImmSendAttrib
 .text.C3D_UpdateUniforms
                0x0000000000106a2c      0x2b8 C:/devkitPro/libctru/lib\libcitro3d.a(uniforms.o)
                0x0000000000106a2c                C3D_UpdateUniforms
 .text.C3Di_DirtyUniforms
                0x0000000000106ce4       0xc0 C:/devkitPro/libctru/lib\libcitro3d.a(uniforms.o)
                0x0000000000106ce4                C3Di_DirtyUniforms
 .text.C3Di_LoadShaderUniforms
                0x0000000000106da4       0xe0 C:/devkitPro/libctru/lib\libcitro3d.a(uniforms.o)
                0x0000000000106da4                C3Di_LoadShaderUniforms
 .text.C3Di_ClearShaderUniforms
                0x0000000000106e84       0x28 C:/devkitPro/libctru/lib\libcitro3d.a(uniforms.o)
                0x0000000000106e84                C3Di_ClearShaderUniforms
 .text.Mtx_Ortho
                0x0000000000106eac       0xcc C:/devkitPro/libctru/lib\libcitro3d.a(mtx_ortho.o)
                0x0000000000106eac                Mtx_Ortho
 .text.Mtx_OrthoTilt
                0x0000000000106f78       0xcc C:/devkitPro/libctru/lib\libcitro3d.a(mtx_orthotilt.o)
                0x0000000000106f78                Mtx_OrthoTilt
 .text._ZL21addrMapNodeComparatorPK11rbtree_nodeS1_
                0x0000000000107044       0x24 C:/devkitPro/libctru/lib\libctru.a(vram.o)
 .text._ZL21addrMapNodeDestructorP11rbtree_node
                0x0000000000107068        0x4 C:/devkitPro/libctru/lib\libctru.a(vram.o)
 .text.vramMemAlign
                0x000000000010706c      0x114 C:/devkitPro/libctru/lib\libctru.a(vram.o)
                0x000000000010706c                vramMemAlign
 .text.vramAlloc
                0x0000000000107180        0x8 C:/devkitPro/libctru/lib\libctru.a(vram.o)
                0x0000000000107180                vramAlloc
 .text.vramFree
                0x0000000000107188       0x54 C:/devkitPro/libctru/lib\libctru.a(vram.o)
                0x0000000000107188                vramFree
 .text._ZL21addrMapNodeComparatorPK11rbtree_nodeS1_
                0x00000000001071dc       0x24 C:/devkitPro/libctru/lib\libctru.a(linear.o)
 .text._ZL21addrMapNodeDestructorP11rbtree_node
                0x0000000000107200        0x4 C:/devkitPro/libctru/lib\libctru.a(linear.o)
 .text.linearMemAlign
                0x0000000000107204      0x124 C:/devkitPro/libctru/lib\libctru.a(linear.o)
                0x0000000000107204                linearMemAlign
 .text.linearAlloc
                0x0000000000107328        0x8 C:/devkitPro/libctru/lib\libctru.a(linear.o)
                0x0000000000107328                linearAlloc
 .text.linearFree
                0x0000000000107330       0x54 C:/devkitPro/libctru/lib\libctru.a(linear.o)
                0x0000000000107330                linearFree
 .text._ZN7MemPool13CoalesceRightEP8MemBlock
                0x0000000000107384       0x8c C:/devkitPro/libctru/lib\libctru.a(mem_pool.o)
                0x0000000000107384                MemPool::CoalesceRight(MemBlock*)
 .text._ZN7MemPool8AllocateER8MemChunkmi
                0x0000000000107410      0x174 C:/devkitPro/libctru/lib\libctru.a(mem_pool.o)
                0x0000000000107410                MemPool::Allocate(MemChunk&, unsigned long, int)
 .text._ZN7MemPool10DeallocateERK8MemChunk
                0x0000000000107584       0xfc C:/devkitPro/libctru/lib\libctru.a(mem_pool.o)
                0x0000000000107584                MemPool::Deallocate(MemChunk const&)
 .text.romfs_close
                0x0000000000107680        0x8 C:/devkitPro/libctru/lib\libctru.a(romfs_dev.o)
 .text.romfs_seek
                0x0000000000107688       0xd4 C:/devkitPro/libctru/lib\libctru.a(romfs_dev.o)
 .text.romfs_dirreset
                0x000000000010775c       0x24 C:/devkitPro/libctru/lib\libctru.a(romfs_dev.o)
 .text.romfs_fstat
                0x0000000000107780       0x78 C:/devkitPro/libctru/lib\libctru.a(romfs_dev.o)
 .text._romfs_read_chk
                0x00000000001077f8       0x54 C:/devkitPro/libctru/lib\libctru.a(romfs_dev.o)
 .text.romfs_read
                0x000000000010784c       0xcc C:/devkitPro/libctru/lib\libctru.a(romfs_dev.o)
 .text.romfs_free
                0x0000000000107918       0x7c C:/devkitPro/libctru/lib\libctru.a(romfs_dev.o)
 .text.romfsMountCommon
                0x0000000000107994      0x16c C:/devkitPro/libctru/lib\libctru.a(romfs_dev.o)
 .text.romfs_dirnext
                0x0000000000107b00      0x254 C:/devkitPro/libctru/lib\libctru.a(romfs_dev.o)
 .text.romfsInitMtime.isra.0
                0x0000000000107d54       0xbc C:/devkitPro/libctru/lib\libctru.a(romfs_dev.o)
 .text.searchForFile.constprop.0
                0x0000000000107e10       0xb4 C:/devkitPro/libctru/lib\libctru.a(romfs_dev.o)
 .text.searchForDir.constprop.0
                0x0000000000107ec4       0xb8 C:/devkitPro/libctru/lib\libctru.a(romfs_dev.o)
 .text.navigateToDir.constprop.0
                0x0000000000107f7c      0x1c4 C:/devkitPro/libctru/lib\libctru.a(romfs_dev.o)
 .text.romfs_open
                0x0000000000108140      0x11c C:/devkitPro/libctru/lib\libctru.a(romfs_dev.o)
 .text.romfs_stat
                0x000000000010825c      0x204 C:/devkitPro/libctru/lib\libctru.a(romfs_dev.o)
 .text.romfs_chdir
                0x0000000000108460       0x54 C:/devkitPro/libctru/lib\libctru.a(romfs_dev.o)
 .text.romfs_diropen
                0x00000000001084b4       0x78 C:/devkitPro/libctru/lib\libctru.a(romfs_dev.o)
 .text.romfs_dirclose
                0x000000000010852c        0x8 C:/devkitPro/libctru/lib\libctru.a(romfs_dev.o)
 .text.romfsMount
                0x0000000000108534      0x344 C:/devkitPro/libctru/lib\libctru.a(romfs_dev.o)
                0x0000000000108534                romfsMount
 .text.getSysTime
                0x0000000000108878       0x58 C:/devkitPro/libctru/lib\libctru.a(os.o)
 .text.__ctru_speedup_config.part.0
                0x00000000001088d0       0x28 C:/devkitPro/libctru/lib\libctru.a(os.o)
 .text.osConvertVirtToPhys
                0x00000000001088f8       0x4c C:/devkitPro/libctru/lib\libctru.a(os.o)
                0x00000000001088f8                osConvertVirtToPhys
 .text.osGetMemRegionUsed
                0x0000000000108944       0x24 C:/devkitPro/libctru/lib\libctru.a(os.o)
                0x0000000000108944                osGetMemRegionUsed
 .text.__libctru_gtod
                0x0000000000108968      0x128 C:/devkitPro/libctru/lib\libctru.a(os.o)
                0x0000000000108968                __libctru_gtod
 .text.__ctru_speedup_config
                0x0000000000108a90       0x18 C:/devkitPro/libctru/lib\libctru.a(os.o)
                0x0000000000108a90                __ctru_speedup_config
 .text.srvExit  0x0000000000108aa8       0x58 C:/devkitPro/libctru/lib\libctru.a(srv.o)
                0x0000000000108aa8                srvExit
 .text.srvRegisterClient
                0x0000000000108b00       0x38 C:/devkitPro/libctru/lib\libctru.a(srv.o)
                0x0000000000108b00                srvRegisterClient
 .text.srvInit  0x0000000000108b38       0xcc C:/devkitPro/libctru/lib\libctru.a(srv.o)
                0x0000000000108b38                srvInit
 .text.srvGetServiceHandleDirect
                0x0000000000108c04       0x80 C:/devkitPro/libctru/lib\libctru.a(srv.o)
                0x0000000000108c04                srvGetServiceHandleDirect
 .text.srvGetServiceHandle
                0x0000000000108c84       0x48 C:/devkitPro/libctru/lib\libctru.a(srv.o)
                0x0000000000108c84                srvGetServiceHandle
 .text.gfxSetFramebufferInfo.part.0
                0x0000000000108ccc       0x8c C:/devkitPro/libctru/lib\libctru.a(gfx.o)
 .text.gfxSetFramebufferInfo
                0x0000000000108d58       0x6c C:/devkitPro/libctru/lib\libctru.a(gfx.o)
 .text.gfxGetFramebuffer.part.0
                0x0000000000108dc4       0x58 C:/devkitPro/libctru/lib\libctru.a(gfx.o)
 .text.gfxIs3D  0x0000000000108e1c       0x10 C:/devkitPro/libctru/lib\libctru.a(gfx.o)
                0x0000000000108e1c                gfxIs3D
 .text.__get_bytes_per_pixel
                0x0000000000108e2c       0x18 C:/devkitPro/libctru/lib\libctru.a(gfx.o)
                0x0000000000108e2c                __get_bytes_per_pixel
 .text.gfxSetScreenFormat
                0x0000000000108e44      0x184 C:/devkitPro/libctru/lib\libctru.a(gfx.o)
                0x0000000000108e44                gfxSetScreenFormat
 .text.gfxInit  0x0000000000108fc8      0x214 C:/devkitPro/libctru/lib\libctru.a(gfx.o)
                0x0000000000108fc8                gfxInit
 .text.gfxInitDefault
                0x00000000001091dc       0x10 C:/devkitPro/libctru/lib\libctru.a(gfx.o)
                0x00000000001091dc                gfxInitDefault
 .text.gfxExit  0x00000000001091ec       0xe0 C:/devkitPro/libctru/lib\libctru.a(gfx.o)
                0x00000000001091ec                gfxExit
 .text.gfxGetFramebuffer
                0x00000000001092cc       0x64 C:/devkitPro/libctru/lib\libctru.a(gfx.o)
                0x00000000001092cc                gfxGetFramebuffer
 .text.gfxConfigScreen
                0x0000000000109330       0xf4 C:/devkitPro/libctru/lib\libctru.a(gfx.o)
                0x0000000000109330                gfxConfigScreen
 .text.shaderInstanceInit
                0x0000000000109424      0x1f0 C:/devkitPro/libctru/lib\libctru.a(shaderProgram.o)
                0x0000000000109424                shaderInstanceInit
 .text.shaderInstanceFree
                0x0000000000109614       0x34 C:/devkitPro/libctru/lib\libctru.a(shaderProgram.o)
                0x0000000000109614                shaderInstanceFree
 .text.shaderInstanceGetUniformLocation
                0x0000000000109648       0x18 C:/devkitPro/libctru/lib\libctru.a(shaderProgram.o)
                0x0000000000109648                shaderInstanceGetUniformLocation
 .text.shaderProgramInit
                0x0000000000109660       0x18 C:/devkitPro/libctru/lib\libctru.a(shaderProgram.o)
                0x0000000000109660                shaderProgramInit
 .text.shaderProgramFree
                0x0000000000109678       0x2c C:/devkitPro/libctru/lib\libctru.a(shaderProgram.o)
                0x0000000000109678                shaderProgramFree
 .text.shaderProgramSetVsh
                0x00000000001096a4       0x6c C:/devkitPro/libctru/lib\libctru.a(shaderProgram.o)
                0x00000000001096a4                shaderProgramSetVsh
 .text.shaderProgramConfigure
                0x0000000000109710      0x8b4 C:/devkitPro/libctru/lib\libctru.a(shaderProgram.o)
                0x0000000000109710                shaderProgramConfigure
 .text.DVLE_GenerateOutmap.part.0
                0x0000000000109fc4      0x1f8 C:/devkitPro/libctru/lib\libctru.a(shbin.o)
 .text.DVLB_ParseFile
                0x000000000010a1bc      0x1c8 C:/devkitPro/libctru/lib\libctru.a(shbin.o)
                0x000000000010a1bc                DVLB_ParseFile
 .text.DVLB_Free
                0x000000000010a384       0x38 C:/devkitPro/libctru/lib\libctru.a(shbin.o)
                0x000000000010a384                DVLB_Free
 .text.DVLE_GetUniformRegister
                0x000000000010a3bc       0x78 C:/devkitPro/libctru/lib\libctru.a(shbin.o)
                0x000000000010a3bc                DVLE_GetUniformRegister
 .text.submitGxCommand
                0x000000000010a434       0x38 C:/devkitPro/libctru/lib\libctru.a(gx.o)
 .text.GX_BindQueue
                0x000000000010a46c       0x10 C:/devkitPro/libctru/lib\libctru.a(gx.o)
                0x000000000010a46c                GX_BindQueue
 .text.GX_ProcessCommandList
                0x000000000010a47c       0x50 C:/devkitPro/libctru/lib\libctru.a(gx.o)
                0x000000000010a47c                GX_ProcessCommandList
 .text.GX_MemoryFill
                0x000000000010a4cc       0x54 C:/devkitPro/libctru/lib\libctru.a(gx.o)
                0x000000000010a4cc                GX_MemoryFill
 .text.GX_DisplayTransfer
                0x000000000010a520       0x48 C:/devkitPro/libctru/lib\libctru.a(gx.o)
                0x000000000010a520                GX_DisplayTransfer
 .text.GX_TextureCopy
                0x000000000010a568       0x4c C:/devkitPro/libctru/lib\libctru.a(gx.o)
                0x000000000010a568                GX_TextureCopy
 .text.gxCmdQueueDoCommands.part.0
                0x000000000010a5b4       0x74 C:/devkitPro/libctru/lib\libctru.a(gxqueue.o)
 .text.gxCmdQueueInterrupt
                0x000000000010a628       0xc8 C:/devkitPro/libctru/lib\libctru.a(gxqueue.o)
                0x000000000010a628                gxCmdQueueInterrupt
 .text.gxCmdQueueClear
                0x000000000010a6f0       0x4c C:/devkitPro/libctru/lib\libctru.a(gxqueue.o)
                0x000000000010a6f0                gxCmdQueueClear
 .text.gxCmdQueueAdd
                0x000000000010a73c       0xf8 C:/devkitPro/libctru/lib\libctru.a(gxqueue.o)
                0x000000000010a73c                gxCmdQueueAdd
 .text.gxCmdQueueRun
                0x000000000010a834       0x80 C:/devkitPro/libctru/lib\libctru.a(gxqueue.o)
                0x000000000010a834                gxCmdQueueRun
 .text.gxCmdQueueStop
                0x000000000010a8b4       0x60 C:/devkitPro/libctru/lib\libctru.a(gxqueue.o)
                0x000000000010a8b4                gxCmdQueueStop
 .text.gxCmdQueueWait
                0x000000000010a914       0x84 C:/devkitPro/libctru/lib\libctru.a(gxqueue.o)
                0x000000000010a914                gxCmdQueueWait
 .text.GPUCMD_Add
                0x000000000010a998      0x13c C:/devkitPro/libctru/lib\libctru.a(gpu.o)
                0x000000000010a998                GPUCMD_Add
 .text.GPUCMD_Split
                0x000000000010aad4       0xb0 C:/devkitPro/libctru/lib\libctru.a(gpu.o)
                0x000000000010aad4                GPUCMD_Split
 .text.f32tof16
                0x000000000010ab84       0x40 C:/devkitPro/libctru/lib\libctru.a(gpu.o)
                0x000000000010ab84                f32tof16
 .text.f32tof24
                0x000000000010abc4       0x40 C:/devkitPro/libctru/lib\libctru.a(gpu.o)
                0x000000000010abc4                f32tof24
 .text.f32tof31
                0x000000000010ac04       0x44 C:/devkitPro/libctru/lib\libctru.a(gpu.o)
                0x000000000010ac04                f32tof31
 .text.gspInit  0x000000000010ac48       0x74 C:/devkitPro/libctru/lib\libctru.a(gspgpu.o)
                0x000000000010ac48                gspInit
 .text.gspExit  0x000000000010acbc       0x3c C:/devkitPro/libctru/lib\libctru.a(gspgpu.o)
                0x000000000010acbc                gspExit
 .text.gspSetEventCallback
                0x000000000010acf8       0x34 C:/devkitPro/libctru/lib\libctru.a(gspgpu.o)
                0x000000000010acf8                gspSetEventCallback
 .text.gspInitEventHandler
                0x000000000010ad2c       0xa4 C:/devkitPro/libctru/lib\libctru.a(gspgpu.o)
                0x000000000010ad2c                gspInitEventHandler
 .text.gspExitEventHandler
                0x000000000010add0       0x40 C:/devkitPro/libctru/lib\libctru.a(gspgpu.o)
                0x000000000010add0                gspExitEventHandler
 .text.gspWaitForEvent
                0x000000000010ae10       0x50 C:/devkitPro/libctru/lib\libctru.a(gspgpu.o)
                0x000000000010ae10                gspWaitForEvent
 .text.gspWaitForAnyEvent
                0x000000000010ae60       0x64 C:/devkitPro/libctru/lib\libctru.a(gspgpu.o)
                0x000000000010ae60                gspWaitForAnyEvent
 .text.gspEventThreadMain
                0x000000000010aec4      0x178 C:/devkitPro/libctru/lib\libctru.a(gspgpu.o)
 .text.gspSubmitGxCommand
                0x000000000010b03c      0x124 C:/devkitPro/libctru/lib\libctru.a(gspgpu.o)
                0x000000000010b03c                gspSubmitGxCommand
 .text.GSPGPU_SetBufferSwap
                0x000000000010b160       0x6c C:/devkitPro/libctru/lib\libctru.a(gspgpu.o)
                0x000000000010b160                GSPGPU_SetBufferSwap
 .text.GSPGPU_FlushDataCache
                0x000000000010b1cc       0x4c C:/devkitPro/libctru/lib\libctru.a(gspgpu.o)
                0x000000000010b1cc                GSPGPU_FlushDataCache
 .text.GSPGPU_SetLcdForceBlack
                0x000000000010b218       0x34 C:/devkitPro/libctru/lib\libctru.a(gspgpu.o)
                0x000000000010b218                GSPGPU_SetLcdForceBlack
 .text.GSPGPU_RegisterInterruptRelayQueue
                0x000000000010b24c       0x64 C:/devkitPro/libctru/lib\libctru.a(gspgpu.o)
                0x000000000010b24c                GSPGPU_RegisterInterruptRelayQueue
 .text.GSPGPU_UnregisterInterruptRelayQueue
                0x000000000010b2b0       0x2c C:/devkitPro/libctru/lib\libctru.a(gspgpu.o)
                0x000000000010b2b0                GSPGPU_UnregisterInterruptRelayQueue
 .text.GSPGPU_AcquireRight
                0x000000000010b2dc       0x48 C:/devkitPro/libctru/lib\libctru.a(gspgpu.o)
                0x000000000010b2dc                GSPGPU_AcquireRight
 .text.GSPGPU_ReleaseRight
                0x000000000010b324       0x2c C:/devkitPro/libctru/lib\libctru.a(gspgpu.o)
                0x000000000010b324                GSPGPU_ReleaseRight
 .text.GSPGPU_ImportDisplayCaptureInfo
                0x000000000010b350       0x80 C:/devkitPro/libctru/lib\libctru.a(gspgpu.o)
                0x000000000010b350                GSPGPU_ImportDisplayCaptureInfo
 .text.GSPGPU_SaveVramSysArea
                0x000000000010b3d0       0x2c C:/devkitPro/libctru/lib\libctru.a(gspgpu.o)
                0x000000000010b3d0                GSPGPU_SaveVramSysArea
 .text.GSPGPU_RestoreVramSysArea
                0x000000000010b3fc       0x2c C:/devkitPro/libctru/lib\libctru.a(gspgpu.o)
                0x000000000010b3fc                GSPGPU_RestoreVramSysArea
 .text.csndInit
                0x000000000010b428      0x1d8 C:/devkitPro/libctru/lib\libctru.a(csnd.o)
                0x000000000010b428                csndInit
 .text.csndExit
                0x000000000010b600       0xa0 C:/devkitPro/libctru/lib\libctru.a(csnd.o)
                0x000000000010b600                csndExit
 .text.csndAddCmd
                0x000000000010b6a0       0xd8 C:/devkitPro/libctru/lib\libctru.a(csnd.o)
                0x000000000010b6a0                csndAddCmd
 .text.csndExecCmds
                0x000000000010b778       0xb4 C:/devkitPro/libctru/lib\libctru.a(csnd.o)
                0x000000000010b778                csndExecCmds
 .text.CSND_SetPlayState
                0x000000000010b82c       0x20 C:/devkitPro/libctru/lib\libctru.a(csnd.o)
                0x000000000010b82c                CSND_SetPlayState
 .text.csndPlaySound
                0x000000000010b84c      0x25c C:/devkitPro/libctru/lib\libctru.a(csnd.o)
                0x000000000010b84c                csndPlaySound
 .text._aptDebug
                0x000000000010baa8        0x4 C:/devkitPro/libctru/lib\libctru.a(apt.o)
                0x000000000010baa8                _aptDebug
 .text.aptSendCommand
                0x000000000010baac      0x170 C:/devkitPro/libctru/lib\libctru.a(apt.o)
                0x000000000010baac                aptSendCommand
 .text.aptExitProcess
                0x000000000010bc1c       0x3c C:/devkitPro/libctru/lib\libctru.a(apt.o)
 .text.aptHook  0x000000000010bc58       0x30 C:/devkitPro/libctru/lib\libctru.a(apt.o)
                0x000000000010bc58                aptHook
 .text.aptUnhook
                0x000000000010bc88       0x30 C:/devkitPro/libctru/lib\libctru.a(apt.o)
                0x000000000010bc88                aptUnhook
 .text.APT_InquireNotification
                0x000000000010bcb8       0x50 C:/devkitPro/libctru/lib\libctru.a(apt.o)
                0x000000000010bcb8                APT_InquireNotification
 .text.aptEventHandler
                0x000000000010bd08      0x194 C:/devkitPro/libctru/lib\libctru.a(apt.o)
 .text.APT_AppletUtility
                0x000000000010be9c       0x74 C:/devkitPro/libctru/lib\libctru.a(apt.o)
                0x000000000010be9c                APT_AppletUtility
 .text.aptSetSleepAllowed
                0x000000000010bf10       0xb0 C:/devkitPro/libctru/lib\libctru.a(apt.o)
                0x000000000010bf10                aptSetSleepAllowed
 .text.APT_GlanceParameter
                0x000000000010bfc0       0xb4 C:/devkitPro/libctru/lib\libctru.a(apt.o)
                0x000000000010bfc0                APT_GlanceParameter
 .text.APT_ReceiveParameter
                0x000000000010c074       0xc8 C:/devkitPro/libctru/lib\libctru.a(apt.o)
                0x000000000010c074                APT_ReceiveParameter
 .text.aptReceiveParameter.constprop.0
                0x000000000010c13c       0xbc C:/devkitPro/libctru/lib\libctru.a(apt.o)
 .text.aptScreenTransfer
                0x000000000010c1f8      0x1e0 C:/devkitPro/libctru/lib\libctru.a(apt.o)
 .text.aptWaitForWakeUp
                0x000000000010c3d8      0x210 C:/devkitPro/libctru/lib\libctru.a(apt.o)
 .text.APT_CancelParameter
                0x000000000010c5e8       0x70 C:/devkitPro/libctru/lib\libctru.a(apt.o)
                0x000000000010c5e8                APT_CancelParameter
 .text.aptInit  0x000000000010c658      0x25c C:/devkitPro/libctru/lib\libctru.a(apt.o)
                0x000000000010c658                aptInit
 .text.aptClearParamQueue
                0x000000000010c8b4       0x88 C:/devkitPro/libctru/lib\libctru.a(apt.o)
 .text.aptMainLoop
                0x000000000010c93c      0x264 C:/devkitPro/libctru/lib\libctru.a(apt.o)
                0x000000000010c93c                aptMainLoop
 .text.aptExit  0x000000000010cba0      0x254 C:/devkitPro/libctru/lib\libctru.a(apt.o)
                0x000000000010cba0                aptExit
 .text.APT_CheckNew3DS
                0x000000000010cdf4       0x7c C:/devkitPro/libctru/lib\libctru.a(apt.o)
                0x000000000010cdf4                APT_CheckNew3DS
 .text.hidCheckSectionUpdateTime.part.0
                0x000000000010ce70       0x28 C:/devkitPro/libctru/lib\libctru.a(hid.o)
 .text.hidExit  0x000000000010ce98       0xd0 C:/devkitPro/libctru/lib\libctru.a(hid.o)
                0x000000000010ce98                hidExit
 .text.hidScanInput
                0x000000000010cf68      0x1d8 C:/devkitPro/libctru/lib\libctru.a(hid.o)
                0x000000000010cf68                hidScanInput
 .text.hidKeysHeld
                0x000000000010d140       0x10 C:/devkitPro/libctru/lib\libctru.a(hid.o)
                0x000000000010d140                hidKeysHeld
 .text.hidKeysDown
                0x000000000010d150       0x10 C:/devkitPro/libctru/lib\libctru.a(hid.o)
                0x000000000010d150                hidKeysDown
 .text.hidTouchRead
                0x000000000010d160       0x18 C:/devkitPro/libctru/lib\libctru.a(hid.o)
                0x000000000010d160                hidTouchRead
 .text.HIDUSER_GetHandles
                0x000000000010d178       0x90 C:/devkitPro/libctru/lib\libctru.a(hid.o)
                0x000000000010d178                HIDUSER_GetHandles
 .text.hidInit  0x000000000010d208      0x1a4 C:/devkitPro/libctru/lib\libctru.a(hid.o)
                0x000000000010d208                hidInit
 .text.srvPmGetSessionHandle
                0x000000000010d3ac        0xc C:/devkitPro/libctru/lib\libctru.a(srvpm.o)
                0x000000000010d3ac                srvPmGetSessionHandle
 .text.ptmSysmInit
                0x000000000010d3b8       0x74 C:/devkitPro/libctru/lib\libctru.a(ptmsysm.o)
                0x000000000010d3b8                ptmSysmInit
 .text.ptmSysmExit
                0x000000000010d42c       0x3c C:/devkitPro/libctru/lib\libctru.a(ptmsysm.o)
                0x000000000010d42c                ptmSysmExit
 .text.PTMSYSM_ConfigureNew3DSCPU
                0x000000000010d468       0x34 C:/devkitPro/libctru/lib\libctru.a(ptmsysm.o)
                0x000000000010d468                PTMSYSM_ConfigureNew3DSCPU
 .text.fsSessionForArchive.part.0
                0x000000000010d49c       0x28 C:/devkitPro/libctru/lib\libctru.a(fs.o)
 .text.fsInit   0x000000000010d4c4       0xc4 C:/devkitPro/libctru/lib\libctru.a(fs.o)
                0x000000000010d4c4                fsInit
 .text.fsExit   0x000000000010d588       0x3c C:/devkitPro/libctru/lib\libctru.a(fs.o)
                0x000000000010d588                fsExit
 .text.fsExemptFromSession
                0x000000000010d5c4       0x64 C:/devkitPro/libctru/lib\libctru.a(fs.o)
                0x000000000010d5c4                fsExemptFromSession
 .text.fsUnexemptFromSession
                0x000000000010d628       0x5c C:/devkitPro/libctru/lib\libctru.a(fs.o)
                0x000000000010d628                fsUnexemptFromSession
 .text.FSUSER_OpenFile
                0x000000000010d684       0xbc C:/devkitPro/libctru/lib\libctru.a(fs.o)
                0x000000000010d684                FSUSER_OpenFile
 .text.FSUSER_OpenFileDirectly
                0x000000000010d740       0xd4 C:/devkitPro/libctru/lib\libctru.a(fs.o)
                0x000000000010d740                FSUSER_OpenFileDirectly
 .text.FSUSER_DeleteFile
                0x000000000010d814       0xac C:/devkitPro/libctru/lib\libctru.a(fs.o)
                0x000000000010d814                FSUSER_DeleteFile
 .text.FSUSER_RenameFile
                0x000000000010d8c0       0xe8 C:/devkitPro/libctru/lib\libctru.a(fs.o)
                0x000000000010d8c0                FSUSER_RenameFile
 .text.FSUSER_DeleteDirectory
                0x000000000010d9a8       0xac C:/devkitPro/libctru/lib\libctru.a(fs.o)
                0x000000000010d9a8                FSUSER_DeleteDirectory
 .text.FSUSER_CreateFile
                0x000000000010da54       0xc4 C:/devkitPro/libctru/lib\libctru.a(fs.o)
                0x000000000010da54                FSUSER_CreateFile
 .text.FSUSER_CreateDirectory
                0x000000000010db18       0xb4 C:/devkitPro/libctru/lib\libctru.a(fs.o)
                0x000000000010db18                FSUSER_CreateDirectory
 .text.FSUSER_RenameDirectory
                0x000000000010dbcc       0xe8 C:/devkitPro/libctru/lib\libctru.a(fs.o)
                0x000000000010dbcc                FSUSER_RenameDirectory
 .text.FSUSER_OpenDirectory
                0x000000000010dcb4       0xa0 C:/devkitPro/libctru/lib\libctru.a(fs.o)
                0x000000000010dcb4                FSUSER_OpenDirectory
 .text.FSUSER_OpenArchive
                0x000000000010dd54       0x98 C:/devkitPro/libctru/lib\libctru.a(fs.o)
                0x000000000010dd54                FSUSER_OpenArchive
 .text.FSUSER_ControlArchive
                0x000000000010ddec       0xa0 C:/devkitPro/libctru/lib\libctru.a(fs.o)
                0x000000000010ddec                FSUSER_ControlArchive
 .text.FSUSER_CloseArchive
                0x000000000010de8c       0x78 C:/devkitPro/libctru/lib\libctru.a(fs.o)
                0x000000000010de8c                FSUSER_CloseArchive
 .text.FSUSER_GetSdmcArchiveResource
                0x000000000010df04       0x78 C:/devkitPro/libctru/lib\libctru.a(fs.o)
                0x000000000010df04                FSUSER_GetSdmcArchiveResource
 .text.FSUSER_IsSdmcWritable
                0x000000000010df7c       0x64 C:/devkitPro/libctru/lib\libctru.a(fs.o)
                0x000000000010df7c                FSUSER_IsSdmcWritable
 .text.FSFILE_Read
                0x000000000010dfe0       0x5c C:/devkitPro/libctru/lib\libctru.a(fs.o)
                0x000000000010dfe0                FSFILE_Read
 .text.FSFILE_Write
                0x000000000010e03c       0x64 C:/devkitPro/libctru/lib\libctru.a(fs.o)
                0x000000000010e03c                FSFILE_Write
 .text.FSFILE_GetSize
                0x000000000010e0a0       0x38 C:/devkitPro/libctru/lib\libctru.a(fs.o)
                0x000000000010e0a0                FSFILE_GetSize
 .text.FSFILE_SetSize
                0x000000000010e0d8       0x28 C:/devkitPro/libctru/lib\libctru.a(fs.o)
                0x000000000010e0d8                FSFILE_SetSize
 .text.FSFILE_Close
                0x000000000010e100       0x3c C:/devkitPro/libctru/lib\libctru.a(fs.o)
                0x000000000010e100                FSFILE_Close
 .text.FSFILE_Flush
                0x000000000010e13c       0x24 C:/devkitPro/libctru/lib\libctru.a(fs.o)
                0x000000000010e13c                FSFILE_Flush
 .text.FSDIR_Read
                0x000000000010e160       0x54 C:/devkitPro/libctru/lib\libctru.a(fs.o)
                0x000000000010e160                FSDIR_Read
 .text.FSDIR_Close
                0x000000000010e1b4       0x3c C:/devkitPro/libctru/lib\libctru.a(fs.o)
                0x000000000010e1b4                FSDIR_Close
 .text.iov_memmove
                0x000000000010e1f0      0x120 C:/devkitPro/libctru/lib\libctru.a(decompress.o)
 .text.buffer_read
                0x000000000010e310       0xcc C:/devkitPro/libctru/lib\libctru.a(decompress.o)
 .text.iov_read
                0x000000000010e3dc       0xd8 C:/devkitPro/libctru/lib\libctru.a(decompress.o)
 .text.decompress_rle
                0x000000000010e4b4      0x1c4 C:/devkitPro/libctru/lib\libctru.a(decompress.o)
 .text.decompress_lzss
                0x000000000010e678      0x268 C:/devkitPro/libctru/lib\libctru.a(decompress.o)
 .text.decompress_huff.isra.0.part.0
                0x000000000010e8e0      0x2ec C:/devkitPro/libctru/lib\libctru.a(decompress.o)
 .text.decompress_lz11
                0x000000000010ebcc      0x440 C:/devkitPro/libctru/lib\libctru.a(decompress.o)
 .text.decompressCallback_Stdio
                0x000000000010f00c       0x10 C:/devkitPro/libctru/lib\libctru.a(decompress.o)
                0x000000000010f00c                decompressCallback_Stdio
 .text.decompressHeader
                0x000000000010f01c       0xe8 C:/devkitPro/libctru/lib\libctru.a(decompress.o)
                0x000000000010f01c                decompressHeader
 .text.decompressV
                0x000000000010f104      0x23c C:/devkitPro/libctru/lib\libctru.a(decompress.o)
                0x000000000010f104                decompressV
 .text.rbtree_init
                0x000000000010f340       0x14 C:/devkitPro/libctru/lib\libctru.a(rbtree_init.o)
                0x000000000010f340                rbtree_init
 .text.do_insert
                0x000000000010f354      0x1a4 C:/devkitPro/libctru/lib\libctru.a(rbtree_insert.o)
 .text.rbtree_insert
                0x000000000010f4f8        0x8 C:/devkitPro/libctru/lib\libctru.a(rbtree_insert.o)
                0x000000000010f4f8                rbtree_insert
 .text.rbtree_rotate
                0x000000000010f500       0x90 C:/devkitPro/libctru/lib\libctru.a(rbtree_rotate.o)
                0x000000000010f500                rbtree_rotate
 .text.rbtree_remove
                0x000000000010f590      0x334 C:/devkitPro/libctru/lib\libctru.a(rbtree_remove.o)
                0x000000000010f590                rbtree_remove
 .text.rbtree_find
                0x000000000010f8c4       0x74 C:/devkitPro/libctru/lib\libctru.a(rbtree_find.o)
                0x000000000010f8c4                rbtree_find
 .text.utf16_to_utf8
                0x000000000010f938       0xe8 C:/devkitPro/libctru/lib\libctru.a(utf16_to_utf8.o)
                0x000000000010f938                utf16_to_utf8
 .text.decode_utf16
                0x000000000010fa20       0x60 C:/devkitPro/libctru/lib\libctru.a(decode_utf16.o)
                0x000000000010fa20                decode_utf16
 .text.utf8_to_utf16
                0x000000000010fa80       0xc0 C:/devkitPro/libctru/lib\libctru.a(utf8_to_utf16.o)
                0x000000000010fa80                utf8_to_utf16
 .text.__libctru_init
                0x000000000010fb40       0x38 C:/devkitPro/libctru/lib\libctru.a(initSystem.o)
                0x000000000010fb40                __libctru_init
 .text.__libctru_nanosleep
                0x000000000010fb78       0x34 C:/devkitPro/libctru/lib\libctru.a(syscalls.o)
 .text.__ctru_get_reent
                0x000000000010fbac       0x30 C:/devkitPro/libctru/lib\libctru.a(syscalls.o)
 .text.__system_initSyscalls
                0x000000000010fbdc       0xfc C:/devkitPro/libctru/lib\libctru.a(syscalls.o)
                0x000000000010fbdc                __system_initSyscalls
 .text.__system_allocateHeaps
                0x000000000010fcd8      0x100 C:/devkitPro/libctru/lib\libctru.a(allocateHeaps.o)
                0x000000000010fcd8                __system_allocateHeaps
 .text.__system_initArgv
                0x000000000010fdd8       0xf0 C:/devkitPro/libctru/lib\libctru.a(initArgv.o)
                0x000000000010fdd8                __system_initArgv
 .text.svcControlMemory
                0x000000000010fec8       0x20 C:/devkitPro/libctru/lib\libctru.a(svc.o)
                0x000000000010fec8                svcControlMemory
 .text.svcExitProcess
                0x000000000010fee8        0x8 C:/devkitPro/libctru/lib\libctru.a(svc.o)
                0x000000000010fee8                svcExitProcess
 .text.svcCreateThread
                0x000000000010fef0       0x20 C:/devkitPro/libctru/lib\libctru.a(svc.o)
                0x000000000010fef0                svcCreateThread
 .text.svcExitThread
                0x000000000010ff10        0x8 C:/devkitPro/libctru/lib\libctru.a(svc.o)
                0x000000000010ff10                svcExitThread
 .text.svcSleepThread
                0x000000000010ff18        0x8 C:/devkitPro/libctru/lib\libctru.a(svc.o)
                0x000000000010ff18                svcSleepThread
 .text.svcReleaseMutex
                0x000000000010ff20        0x8 C:/devkitPro/libctru/lib\libctru.a(svc.o)
                0x000000000010ff20                svcReleaseMutex
 .text.svcCreateEvent
                0x000000000010ff28       0x14 C:/devkitPro/libctru/lib\libctru.a(svc.o)
                0x000000000010ff28                svcCreateEvent
 .text.svcSignalEvent
                0x000000000010ff3c        0x8 C:/devkitPro/libctru/lib\libctru.a(svc.o)
                0x000000000010ff3c                svcSignalEvent
 .text.svcClearEvent
                0x000000000010ff44        0x8 C:/devkitPro/libctru/lib\libctru.a(svc.o)
                0x000000000010ff44                svcClearEvent
 .text.svcMapMemoryBlock
                0x000000000010ff4c        0x8 C:/devkitPro/libctru/lib\libctru.a(svc.o)
                0x000000000010ff4c                svcMapMemoryBlock
 .text.svcUnmapMemoryBlock
                0x000000000010ff54        0x8 C:/devkitPro/libctru/lib\libctru.a(svc.o)
                0x000000000010ff54                svcUnmapMemoryBlock
 .text.svcCreateAddressArbiter
                0x000000000010ff5c       0x14 C:/devkitPro/libctru/lib\libctru.a(svc.o)
                0x000000000010ff5c                svcCreateAddressArbiter
 .text.svcArbitrateAddress
                0x000000000010ff70       0x18 C:/devkitPro/libctru/lib\libctru.a(svc.o)
                0x000000000010ff70                svcArbitrateAddress
 .text.svcCloseHandle
                0x000000000010ff88        0x8 C:/devkitPro/libctru/lib\libctru.a(svc.o)
                0x000000000010ff88                svcCloseHandle
 .text.svcWaitSynchronization
                0x000000000010ff90        0x8 C:/devkitPro/libctru/lib\libctru.a(svc.o)
                0x000000000010ff90                svcWaitSynchronization
 .text.svcWaitSynchronizationN
                0x000000000010ff98       0x28 C:/devkitPro/libctru/lib\libctru.a(svc.o)
                0x000000000010ff98                svcWaitSynchronizationN
 .text.svcDuplicateHandle
                0x000000000010ffc0       0x14 C:/devkitPro/libctru/lib\libctru.a(svc.o)
                0x000000000010ffc0                svcDuplicateHandle
 .text.svcGetSystemTick
                0x000000000010ffd4        0x8 C:/devkitPro/libctru/lib\libctru.a(svc.o)
                0x000000000010ffd4                svcGetSystemTick
 .text.svcGetSystemInfo
                0x000000000010ffdc       0x18 C:/devkitPro/libctru/lib\libctru.a(svc.o)
                0x000000000010ffdc                svcGetSystemInfo
 .text.svcConnectToPort
                0x000000000010fff4       0x14 C:/devkitPro/libctru/lib\libctru.a(svc.o)
                0x000000000010fff4                svcConnectToPort
 .text.svcSendSyncRequest
                0x0000000000110008        0x8 C:/devkitPro/libctru/lib\libctru.a(svc.o)
                0x0000000000110008                svcSendSyncRequest
 .text.svcBreak
                0x0000000000110010        0x8 C:/devkitPro/libctru/lib\libctru.a(svc.o)
                0x0000000000110010                svcBreak
 .text._ZL21addrMapNodeComparatorPK11rbtree_nodeS1_
                0x0000000000110018       0x24 C:/devkitPro/libctru/lib\libctru.a(mappable.o)
 .text._ZL21addrMapNodeDestructorP11rbtree_node
                0x000000000011003c        0x4 C:/devkitPro/libctru/lib\libctru.a(mappable.o)
 .text.mappableAlloc
                0x0000000000110040       0xe8 C:/devkitPro/libctru/lib\libctru.a(mappable.o)
                0x0000000000110040                mappableAlloc
 .text.mappableFree
                0x0000000000110128       0x54 C:/devkitPro/libctru/lib\libctru.a(mappable.o)
                0x0000000000110128                mappableFree
 .text.LightLock_Unlock.part.0
                0x000000000011017c       0x38 C:/devkitPro/libctru/lib\libctru.a(synchronization.o)
 .text.__sync_init
                0x00000000001101b4        0xc C:/devkitPro/libctru/lib\libctru.a(synchronization.o)
                0x00000000001101b4                __sync_init
 .text.__sync_fini
                0x00000000001101c0       0x18 C:/devkitPro/libctru/lib\libctru.a(synchronization.o)
                0x00000000001101c0                __sync_fini
 .text.__sync_get_arbiter
                0x00000000001101d8       0x10 C:/devkitPro/libctru/lib\libctru.a(synchronization.o)
                0x00000000001101d8                __sync_get_arbiter
 .text.LightLock_Init
                0x00000000001101e8       0x18 C:/devkitPro/libctru/lib\libctru.a(synchronization.o)
                0x00000000001101e8                LightLock_Init
 .text.LightLock_Lock
                0x0000000000110200       0x90 C:/devkitPro/libctru/lib\libctru.a(synchronization.o)
                0x0000000000110200                LightLock_Lock
 .text.LightLock_TryLock
                0x0000000000110290       0x34 C:/devkitPro/libctru/lib\libctru.a(synchronization.o)
                0x0000000000110290                LightLock_TryLock
 .text.LightLock_Unlock
                0x00000000001102c4       0x20 C:/devkitPro/libctru/lib\libctru.a(synchronization.o)
                0x00000000001102c4                LightLock_Unlock
 .text.RecursiveLock_Init
                0x00000000001102e4       0x24 C:/devkitPro/libctru/lib\libctru.a(synchronization.o)
                0x00000000001102e4                RecursiveLock_Init
 .text.RecursiveLock_Lock
                0x0000000000110308       0x30 C:/devkitPro/libctru/lib\libctru.a(synchronization.o)
                0x0000000000110308                RecursiveLock_Lock
 .text.RecursiveLock_TryLock
                0x0000000000110338       0x58 C:/devkitPro/libctru/lib\libctru.a(synchronization.o)
                0x0000000000110338                RecursiveLock_TryLock
 .text.RecursiveLock_Unlock
                0x0000000000110390       0x38 C:/devkitPro/libctru/lib\libctru.a(synchronization.o)
                0x0000000000110390                RecursiveLock_Unlock
 .text.LightEvent_Init
                0x00000000001103c8       0x38 C:/devkitPro/libctru/lib\libctru.a(synchronization.o)
                0x00000000001103c8                LightEvent_Init
 .text.LightEvent_Clear
                0x0000000000110400       0x7c C:/devkitPro/libctru/lib\libctru.a(synchronization.o)
                0x0000000000110400                LightEvent_Clear
 .text.LightEvent_Signal
                0x000000000011047c       0xdc C:/devkitPro/libctru/lib\libctru.a(synchronization.o)
                0x000000000011047c                LightEvent_Signal
 .text.LightEvent_Wait
                0x0000000000110558       0xc0 C:/devkitPro/libctru/lib\libctru.a(synchronization.o)
                0x0000000000110558                LightEvent_Wait
 .text.envGetHandle
                0x0000000000110618       0x84 C:/devkitPro/libctru/lib\libctru.a(env.o)
                0x0000000000110618                envGetHandle
 .text.envDestroyHandles
                0x000000000011069c       0x4c C:/devkitPro/libctru/lib\libctru.a(env.o)
                0x000000000011069c                envDestroyHandles
 .text.threadFree.part.0
                0x00000000001106e8       0x1c C:/devkitPro/libctru/lib\libctru.a(thread.o)
 .text.threadCreate
                0x0000000000110704      0x180 C:/devkitPro/libctru/lib\libctru.a(thread.o)
                0x0000000000110704                threadCreate
 .text.threadJoin
                0x0000000000110884       0x24 C:/devkitPro/libctru/lib\libctru.a(thread.o)
                0x0000000000110884                threadJoin
 .text.threadExit
                0x00000000001108a8       0x68 C:/devkitPro/libctru/lib\libctru.a(thread.o)
                0x00000000001108a8                threadExit
 .text._thread_begin
                0x0000000000110910       0x48 C:/devkitPro/libctru/lib\libctru.a(thread.o)
 .text.irrstScanInput
                0x0000000000110958       0xac C:/devkitPro/libctru/lib\libctru.a(irrst.o)
                0x0000000000110958                irrstScanInput
 .text.irrstKeysHeld
                0x0000000000110a04       0x24 C:/devkitPro/libctru/lib\libctru.a(irrst.o)
                0x0000000000110a04                irrstKeysHeld
 .text.IRRST_GetHandles
                0x0000000000110a28       0x50 C:/devkitPro/libctru/lib\libctru.a(irrst.o)
                0x0000000000110a28                IRRST_GetHandles
 .text.irrstInit
                0x0000000000110a78      0x154 C:/devkitPro/libctru/lib\libctru.a(irrst.o)
                0x0000000000110a78                irrstInit
 .text.IRRST_Shutdown
                0x0000000000110bcc       0x2c C:/devkitPro/libctru/lib\libctru.a(irrst.o)
                0x0000000000110bcc                IRRST_Shutdown
 .text.irrstExit
                0x0000000000110bf8       0xac C:/devkitPro/libctru/lib\libctru.a(irrst.o)
                0x0000000000110bf8                irrstExit
 .text.rbtree_node_next
                0x0000000000110ca4       0x50 C:/devkitPro/libctru/lib\libctru.a(rbtree_iterator.o)
                0x0000000000110ca4                rbtree_node_next
 .text.encode_utf16
                0x0000000000110cf4       0x68 C:/devkitPro/libctru/lib\libctru.a(encode_utf16.o)
                0x0000000000110cf4                encode_utf16
 .text.encode_utf8
                0x0000000000110d5c      0x104 C:/devkitPro/libctru/lib\libctru.a(encode_utf8.o)
                0x0000000000110d5c                encode_utf8
 .text.decode_utf8
                0x0000000000110e60      0x138 C:/devkitPro/libctru/lib\libctru.a(decode_utf8.o)
                0x0000000000110e60                decode_utf8
 .text.__appInit
                0x0000000000110f98       0x1c C:/devkitPro/libctru/lib\libctru.a(appInit.o)
                0x0000000000110f98                __appInit
 .text.__appExit
                0x0000000000110fb4       0x1c C:/devkitPro/libctru/lib\libctru.a(appExit.o)
                0x0000000000110fb4                __appExit
 .text.__libctru_exit
                0x0000000000110fd0       0xa0 C:/devkitPro/libctru/lib\libctru.a(ctru_exit.o)
                0x0000000000110fd0                __libctru_exit
 .text.sdmc_link
                0x0000000000111070       0x14 C:/devkitPro/libctru/lib\libctru.a(sdmc_dev.o)
 .text.sdmc_dirreset
                0x0000000000111084       0x14 C:/devkitPro/libctru/lib\libctru.a(sdmc_dev.o)
 .text.sdmc_chmod
                0x0000000000111098       0x14 C:/devkitPro/libctru/lib\libctru.a(sdmc_dev.o)
 .text.error_cmp
                0x00000000001110ac       0x24 C:/devkitPro/libctru/lib\libctru.a(sdmc_dev.o)
 .text.sdmc_translate_error
                0x00000000001110d0       0x50 C:/devkitPro/libctru/lib\libctru.a(sdmc_dev.o)
 .text.sdmc_fsync
                0x0000000000111120       0x34 C:/devkitPro/libctru/lib\libctru.a(sdmc_dev.o)
 .text.sdmc_ftruncate
                0x0000000000111154       0x54 C:/devkitPro/libctru/lib\libctru.a(sdmc_dev.o)
 .text.sdmc_statvfs
                0x00000000001111a8       0xbc C:/devkitPro/libctru/lib\libctru.a(sdmc_dev.o)
 .text.sdmc_dirclose
                0x0000000000111264       0x38 C:/devkitPro/libctru/lib\libctru.a(sdmc_dev.o)
 .text.sdmc_dirnext
                0x000000000011129c      0x13c C:/devkitPro/libctru/lib\libctru.a(sdmc_dev.o)
 .text.sdmc_close
                0x00000000001113d8       0x34 C:/devkitPro/libctru/lib\libctru.a(sdmc_dev.o)
 .text.sdmc_fstat
                0x000000000011140c       0x70 C:/devkitPro/libctru/lib\libctru.a(sdmc_dev.o)
 .text.sdmc_seek
                0x000000000011147c       0xd4 C:/devkitPro/libctru/lib\libctru.a(sdmc_dev.o)
 .text.sdmc_read
                0x0000000000111550       0x78 C:/devkitPro/libctru/lib\libctru.a(sdmc_dev.o)
 .text.sdmc_write
                0x00000000001115c8       0xac C:/devkitPro/libctru/lib\libctru.a(sdmc_dev.o)
 .text.sdmc_utf16path
                0x0000000000111674      0x1b0 C:/devkitPro/libctru/lib\libctru.a(sdmc_dev.o)
 .text.sdmc_rmdir
                0x0000000000111824       0x74 C:/devkitPro/libctru/lib\libctru.a(sdmc_dev.o)
 .text.sdmc_diropen
                0x0000000000111898       0xa4 C:/devkitPro/libctru/lib\libctru.a(sdmc_dev.o)
 .text.sdmc_chdir
                0x000000000011193c       0xac C:/devkitPro/libctru/lib\libctru.a(sdmc_dev.o)
 .text.sdmc_mkdir
                0x00000000001119e8       0x98 C:/devkitPro/libctru/lib\libctru.a(sdmc_dev.o)
 .text.sdmc_rename
                0x0000000000111a80      0x108 C:/devkitPro/libctru/lib\libctru.a(sdmc_dev.o)
 .text.sdmc_unlink
                0x0000000000111b88       0x74 C:/devkitPro/libctru/lib\libctru.a(sdmc_dev.o)
 .text.sdmc_stat
                0x0000000000111bfc      0x108 C:/devkitPro/libctru/lib\libctru.a(sdmc_dev.o)
 .text.sdmc_open
                0x0000000000111d04      0x198 C:/devkitPro/libctru/lib\libctru.a(sdmc_dev.o)
 .text.sdmc_fchmod
                0x0000000000111e9c       0x14 C:/devkitPro/libctru/lib\libctru.a(sdmc_dev.o)
 .text.sdmcInit
                0x0000000000111eb0      0x168 C:/devkitPro/libctru/lib\libctru.a(sdmc_dev.o)
                0x0000000000111eb0                sdmcInit
 .text.sdmcExit
                0x0000000000112018       0x60 C:/devkitPro/libctru/lib\libctru.a(sdmc_dev.o)
                0x0000000000112018                sdmcExit
 .text.__aeabi_read_tp
                0x0000000000112078        0xc C:/devkitPro/libctru/lib\libctru.a(readtp.o)
                0x0000000000112078                __aeabi_read_tp
 *fill*         0x0000000000112084        0x4 
 .text.cosf     0x0000000000112088      0x244 c:/devkitpro/devkitarm/bin/../lib/gcc/arm-none-eabi/9.1.0/../../../../arm-none-eabi/lib/armv6k/fpu\libm.a(lib_a-cosf.o)
                0x0000000000112088                cosf
 .text.with_errnof
                0x00000000001122cc       0x24 c:/devkitpro/devkitarm/bin/../lib/gcc/arm-none-eabi/9.1.0/../../../../arm-none-eabi/lib/armv6k/fpu\libm.a(lib_a-math_errf.o)
 .text.__math_invalidf
                0x00000000001122f0       0x1c c:/devkitpro/devkitarm/bin/../lib/gcc/arm-none-eabi/9.1.0/../../../../arm-none-eabi/lib/armv6k/fpu\libm.a(lib_a-math_errf.o)
                0x00000000001122f0                __math_invalidf
 *fill*         0x000000000011230c        0x4 
 .text.sinf     0x0000000000112310      0x26c c:/devkitpro/devkitarm/bin/../lib/gcc/arm-none-eabi/9.1.0/../../../../arm-none-eabi/lib/armv6k/fpu\libm.a(lib_a-sinf.o)
                0x0000000000112310                sinf
 .text.__fixdfdi
                0x000000000011257c       0x38 c:/devkitpro/devkitarm/bin/../lib/gcc/arm-none-eabi/9.1.0/armv6k/fpu\libgcc.a(_fixdfdi.o)
                0x000000000011257c                __fixdfdi
                0x000000000011257c                __aeabi_d2lz
 *fill*         0x00000000001125b4        0x4 
 .text.__fixunsdfdi
                0x00000000001125b8       0x40 c:/devkitpro/devkitarm/bin/../lib/gcc/arm-none-eabi/9.1.0/armv6k/fpu\libgcc.a(_fixunsdfdi.o)
                0x00000000001125b8                __fixunsdfdi
                0x00000000001125b8                __aeabi_d2ulz
 .text.__udivmoddi4
                0x00000000001125f8      0x130 c:/devkitpro/devkitarm/bin/../lib/gcc/arm-none-eabi/9.1.0/armv6k/fpu\libgcc.a(_udivmoddi4.o)
                0x00000000001125f8                __udivmoddi4
 .text.bsearch  0x0000000000112728       0x7c c:/devkitpro/devkitarm/bin/../lib/gcc/arm-none-eabi/9.1.0/../../../../arm-none-eabi/lib/armv6k/fpu\libg.a(lib_a-bsearch.o)
                0x0000000000112728                bsearch
 .text.calloc   0x00000000001127a4       0x28 c:/devkitpro/devkitarm/bin/../lib/gcc/arm-none-eabi/9.1.0/../../../../arm-none-eabi/lib/armv6k/fpu\libg.a(lib_a-calloc.o)
                0x00000000001127a4                calloc
 .text._calloc_r
                0x00000000001127cc       0x94 c:/devkitpro/devkitarm/bin/../lib/gcc/arm-none-eabi/9.1.0/../../../../arm-none-eabi/lib/armv6k/fpu\libg.a(lib_a-callocr.o)
                0x00000000001127cc                _calloc_r
 .text.__errno  0x0000000000112860        0xc c:/devkitpro/devkitarm/bin/../lib/gcc/arm-none-eabi/9.1.0/../../../../arm-none-eabi/lib/armv6k/fpu\libg.a(lib_a-errno.o)
                0x0000000000112860                __errno
 .text.exit     0x000000000011286c       0x34 c:/devkitpro/devkitarm/bin/../lib/gcc/arm-none-eabi/9.1.0/../../../../arm-none-eabi/lib/armv6k/fpu\libg.a(lib_a-exit.o)
                0x000000000011286c                exit
 .text._fclose_r
                0x00000000001128a0      0x160 c:/devkitpro/devkitarm/bin/../lib/gcc/arm-none-eabi/9.1.0/../../../../arm-none-eabi/lib/armv6k/fpu\libg.a(lib_a-fclose.o)
                0x00000000001128a0                _fclose_r
 .text.fclose   0x0000000000112a00       0x20 c:/devkitpro/devkitarm/bin/../lib/gcc/arm-none-eabi/9.1.0/../../../../arm-none-eabi/lib/armv6k/fpu\libg.a(lib_a-fclose.o)
                0x0000000000112a00                fclose
 .text.__sflush_r
                0x0000000000112a20      0x278 c:/devkitpro/devkitarm/bin/../lib/gcc/arm-none-eabi/9.1.0/../../../../arm-none-eabi/lib/armv6k/fpu\libg.a(lib_a-fflush.o)
                0x0000000000112a20                __sflush_r
 .text._fflush_r
                0x0000000000112c98       0x94 c:/devkitpro/devkitarm/bin/../lib/gcc/arm-none-eabi/9.1.0/../../../../arm-none-eabi/lib/armv6k/fpu\libg.a(lib_a-fflush.o)
                0x0000000000112c98                _fflush_r
 .text.fflush   0x0000000000112d2c       0x38 c:/devkitpro/devkitarm/bin/../lib/gcc/arm-none-eabi/9.1.0/../../../../arm-none-eabi/lib/armv6k/fpu\libg.a(lib_a-fflush.o)
                0x0000000000112d2c                fflush
 .text.std      0x0000000000112d64       0x78 c:/devkitpro/devkitarm/bin/../lib/gcc/arm-none-eabi/9.1.0/../../../../arm-none-eabi/lib/armv6k/fpu\libg.a(lib_a-findfp.o)
 .text._cleanup_r
                0x0000000000112ddc        0xc c:/devkitpro/devkitarm/bin/../lib/gcc/arm-none-eabi/9.1.0/../../../../arm-none-eabi/lib/armv6k/fpu\libg.a(lib_a-findfp.o)
                0x0000000000112ddc                _cleanup_r
 .text.__sfmoreglue
                0x0000000000112de8       0x48 c:/devkitpro/devkitarm/bin/../lib/gcc/arm-none-eabi/9.1.0/../../../../arm-none-eabi/lib/armv6k/fpu\libg.a(lib_a-findfp.o)
                0x0000000000112de8                __sfmoreglue
 .text.__sinit  0x0000000000112e30       0x8c c:/devkitpro/devkitarm/bin/../lib/gcc/arm-none-eabi/9.1.0/../../../../arm-none-eabi/lib/armv6k/fpu\libg.a(lib_a-findfp.o)
                0x0000000000112e30                __sinit
 .text.__sfp    0x0000000000112ebc      0x10c c:/devkitpro/devkitarm/bin/../lib/gcc/arm-none-eabi/9.1.0/../../../../arm-none-eabi/lib/armv6k/fpu\libg.a(lib_a-findfp.o)
                0x0000000000112ebc                __sfp
 .text.__sfp_lock_acquire
                0x0000000000112fc8        0xc c:/devkitpro/devkitarm/bin/../lib/gcc/arm-none-eabi/9.1.0/../../../../arm-none-eabi/lib/armv6k/fpu\libg.a(lib_a-findfp.o)
                0x0000000000112fc8                __sfp_lock_acquire
 .text.__sfp_lock_release
                0x0000000000112fd4        0xc c:/devkitpro/devkitarm/bin/../lib/gcc/arm-none-eabi/9.1.0/../../../../arm-none-eabi/lib/armv6k/fpu\libg.a(lib_a-findfp.o)
                0x0000000000112fd4                __sfp_lock_release
 .text.__libc_fini_array
                0x0000000000112fe0       0x3c c:/devkitpro/devkitarm/bin/../lib/gcc/arm-none-eabi/9.1.0/../../../../arm-none-eabi/lib/armv6k/fpu\libg.a(lib_a-fini.o)
                0x0000000000112fe0                __libc_fini_array
 .text._fopen_r
                0x000000000011301c      0x138 c:/devkitpro/devkitarm/bin/../lib/gcc/arm-none-eabi/9.1.0/../../../../arm-none-eabi/lib/armv6k/fpu\libg.a(lib_a-fopen.o)
                0x000000000011301c                _fopen_r
 .text.fopen    0x0000000000113154       0x28 c:/devkitpro/devkitarm/bin/../lib/gcc/arm-none-eabi/9.1.0/../../../../arm-none-eabi/lib/armv6k/fpu\libg.a(lib_a-fopen.o)
                0x0000000000113154                fopen
 .text._fread_r
                0x000000000011317c      0x2e0 c:/devkitpro/devkitarm/bin/../lib/gcc/arm-none-eabi/9.1.0/../../../../arm-none-eabi/lib/armv6k/fpu\libg.a(lib_a-fread.o)
                0x000000000011317c                _fread_r
 .text.fread    0x000000000011345c       0x38 c:/devkitpro/devkitarm/bin/../lib/gcc/arm-none-eabi/9.1.0/../../../../arm-none-eabi/lib/armv6k/fpu\libg.a(lib_a-fread.o)
                0x000000000011345c                fread
 .text._malloc_trim_r
                0x0000000000113494       0xf8 c:/devkitpro/devkitarm/bin/../lib/gcc/arm-none-eabi/9.1.0/../../../../arm-none-eabi/lib/armv6k/fpu\libg.a(lib_a-freer.o)
                0x0000000000113494                _malloc_trim_r
 .text._free_r  0x000000000011358c      0x2e8 c:/devkitpro/devkitarm/bin/../lib/gcc/arm-none-eabi/9.1.0/../../../../arm-none-eabi/lib/armv6k/fpu\libg.a(lib_a-freer.o)
                0x000000000011358c                _free_r
 .text._fseek_r
                0x0000000000113874       0x20 c:/devkitpro/devkitarm/bin/../lib/gcc/arm-none-eabi/9.1.0/../../../../arm-none-eabi/lib/armv6k/fpu\libg.a(lib_a-fseek.o)
                0x0000000000113874                _fseek_r
 .text.fseek    0x0000000000113894       0x34 c:/devkitpro/devkitarm/bin/../lib/gcc/arm-none-eabi/9.1.0/../../../../arm-none-eabi/lib/armv6k/fpu\libg.a(lib_a-fseek.o)
                0x0000000000113894                fseek
 .text._fseeko_r
                0x00000000001138c8      0x5ac c:/devkitpro/devkitarm/bin/../lib/gcc/arm-none-eabi/9.1.0/../../../../arm-none-eabi/lib/armv6k/fpu\libg.a(lib_a-fseeko.o)
                0x00000000001138c8                _fseeko_r
 .text.ftell    0x0000000000113e74       0x40 c:/devkitpro/devkitarm/bin/../lib/gcc/arm-none-eabi/9.1.0/../../../../arm-none-eabi/lib/armv6k/fpu\libg.a(lib_a-ftell.o)
                0x0000000000113e74                ftell
 .text._ftello_r
                0x0000000000113eb4      0x1bc c:/devkitpro/devkitarm/bin/../lib/gcc/arm-none-eabi/9.1.0/../../../../arm-none-eabi/lib/armv6k/fpu\libg.a(lib_a-ftello.o)
                0x0000000000113eb4                _ftello_r
 .text._fwalk   0x0000000000114070       0x68 c:/devkitpro/devkitarm/bin/../lib/gcc/arm-none-eabi/9.1.0/../../../../arm-none-eabi/lib/armv6k/fpu\libg.a(lib_a-fwalk.o)
                0x0000000000114070                _fwalk
 .text._fwalk_reent
                0x00000000001140d8       0x70 c:/devkitpro/devkitarm/bin/../lib/gcc/arm-none-eabi/9.1.0/../../../../arm-none-eabi/lib/armv6k/fpu\libg.a(lib_a-fwalk.o)
                0x00000000001140d8                _fwalk_reent
 .text.__libc_init_array
                0x0000000000114148       0x7c c:/devkitpro/devkitarm/bin/../lib/gcc/arm-none-eabi/9.1.0/../../../../arm-none-eabi/lib/armv6k/fpu\libg.a(lib_a-init.o)
                0x0000000000114148                __libc_init_array
 .text.__swhatbuf_r
                0x00000000001141c4       0x94 c:/devkitpro/devkitarm/bin/../lib/gcc/arm-none-eabi/9.1.0/../../../../arm-none-eabi/lib/armv6k/fpu\libg.a(lib_a-makebuf.o)
                0x00000000001141c4                __swhatbuf_r
 .text.__smakebuf_r
                0x0000000000114258       0xf8 c:/devkitpro/devkitarm/bin/../lib/gcc/arm-none-eabi/9.1.0/../../../../arm-none-eabi/lib/armv6k/fpu\libg.a(lib_a-makebuf.o)
                0x0000000000114258                __smakebuf_r
 .text.memalign
                0x0000000000114350       0x28 c:/devkitpro/devkitarm/bin/../lib/gcc/arm-none-eabi/9.1.0/../../../../arm-none-eabi/lib/armv6k/fpu\libg.a(lib_a-malign.o)
                0x0000000000114350                memalign
 .text._memalign_r
                0x0000000000114378      0x14c c:/devkitpro/devkitarm/bin/../lib/gcc/arm-none-eabi/9.1.0/../../../../arm-none-eabi/lib/armv6k/fpu\libg.a(lib_a-malignr.o)
                0x0000000000114378                _memalign_r
 .text.malloc   0x00000000001144c4       0x20 c:/devkitpro/devkitarm/bin/../lib/gcc/arm-none-eabi/9.1.0/../../../../arm-none-eabi/lib/armv6k/fpu\libg.a(lib_a-malloc.o)
                0x00000000001144c4                malloc
 .text.free     0x00000000001144e4       0x20 c:/devkitpro/devkitarm/bin/../lib/gcc/arm-none-eabi/9.1.0/../../../../arm-none-eabi/lib/armv6k/fpu\libg.a(lib_a-malloc.o)
                0x00000000001144e4                free
 .text._malloc_r
                0x0000000000114504      0x7d0 c:/devkitpro/devkitarm/bin/../lib/gcc/arm-none-eabi/9.1.0/../../../../arm-none-eabi/lib/armv6k/fpu\libg.a(lib_a-mallocr.o)
                0x0000000000114504                _malloc_r
 .text.memcmp   0x0000000000114cd4       0xa0 c:/devkitpro/devkitarm/bin/../lib/gcc/arm-none-eabi/9.1.0/../../../../arm-none-eabi/lib/armv6k/fpu\libg.a(lib_a-memcmp.o)
                0x0000000000114cd4                memcmp
 .text.memcpy   0x0000000000114d74      0x120 c:/devkitpro/devkitarm/bin/../lib/gcc/arm-none-eabi/9.1.0/../../../../arm-none-eabi/lib/armv6k/fpu\libg.a(lib_a-memcpy-stub.o)
                0x0000000000114d74                memcpy
 .text.memset   0x0000000000114e94      0x118 c:/devkitpro/devkitarm/bin/../lib/gcc/arm-none-eabi/9.1.0/../../../../arm-none-eabi/lib/armv6k/fpu\libg.a(lib_a-memset.o)
                0x0000000000114e94                memset
 .text.__malloc_lock
                0x0000000000114fac        0xc c:/devkitpro/devkitarm/bin/../lib/gcc/arm-none-eabi/9.1.0/../../../../arm-none-eabi/lib/armv6k/fpu\libg.a(lib_a-mlock.o)
                0x0000000000114fac                __malloc_lock
 .text.__malloc_unlock
                0x0000000000114fb8        0xc c:/devkitpro/devkitarm/bin/../lib/gcc/arm-none-eabi/9.1.0/../../../../arm-none-eabi/lib/armv6k/fpu\libg.a(lib_a-mlock.o)
                0x0000000000114fb8                __malloc_unlock
 .text.printf   0x0000000000114fc4       0x34 c:/devkitpro/devkitarm/bin/../lib/gcc/arm-none-eabi/9.1.0/../../../../arm-none-eabi/lib/armv6k/fpu\libg.a(lib_a-printf.o)
                0x0000000000114fc4                printf
 .text.srand    0x0000000000114ff8       0x1c c:/devkitpro/devkitarm/bin/../lib/gcc/arm-none-eabi/9.1.0/../../../../arm-none-eabi/lib/armv6k/fpu\libg.a(lib_a-rand.o)
                0x0000000000114ff8                srand
 .text.rand     0x0000000000115014       0x44 c:/devkitpro/devkitarm/bin/../lib/gcc/arm-none-eabi/9.1.0/../../../../arm-none-eabi/lib/armv6k/fpu\libg.a(lib_a-rand.o)
                0x0000000000115014                rand
 .text.lflush   0x0000000000115058       0x1c c:/devkitpro/devkitarm/bin/../lib/gcc/arm-none-eabi/9.1.0/../../../../arm-none-eabi/lib/armv6k/fpu\libg.a(lib_a-refill.o)
 .text.__srefill_r
                0x0000000000115074      0x1ac c:/devkitpro/devkitarm/bin/../lib/gcc/arm-none-eabi/9.1.0/../../../../arm-none-eabi/lib/armv6k/fpu\libg.a(lib_a-refill.o)
                0x0000000000115074                __srefill_r
 .text.__sread  0x0000000000115220       0x3c c:/devkitpro/devkitarm/bin/../lib/gcc/arm-none-eabi/9.1.0/../../../../arm-none-eabi/lib/armv6k/fpu\libg.a(lib_a-stdio.o)
                0x0000000000115220                __sread
 .text.__swrite
                0x000000000011525c       0x68 c:/devkitpro/devkitarm/bin/../lib/gcc/arm-none-eabi/9.1.0/../../../../arm-none-eabi/lib/armv6k/fpu\libg.a(lib_a-stdio.o)
                0x000000000011525c                __swrite
 .text.__sseek  0x00000000001152c4       0x58 c:/devkitpro/devkitarm/bin/../lib/gcc/arm-none-eabi/9.1.0/../../../../arm-none-eabi/lib/armv6k/fpu\libg.a(lib_a-stdio.o)
                0x00000000001152c4                __sseek
 .text.__sclose
                0x000000000011531c        0x8 c:/devkitpro/devkitarm/bin/../lib/gcc/arm-none-eabi/9.1.0/../../../../arm-none-eabi/lib/armv6k/fpu\libg.a(lib_a-stdio.o)
                0x000000000011531c                __sclose
 .text.strchr   0x0000000000115324      0x144 c:/devkitpro/devkitarm/bin/../lib/gcc/arm-none-eabi/9.1.0/../../../../arm-none-eabi/lib/armv6k/fpu\libg.a(lib_a-strchr.o)
                0x0000000000115324                strchr
 .text.strlen   0x0000000000115468       0x5c c:/devkitpro/devkitarm/bin/../lib/gcc/arm-none-eabi/9.1.0/../../../../arm-none-eabi/lib/armv6k/fpu\libg.a(lib_a-strlen-stub.o)
                0x0000000000115468                strlen
 .text.strncat  0x00000000001154c4       0x98 c:/devkitpro/devkitarm/bin/../lib/gcc/arm-none-eabi/9.1.0/../../../../arm-none-eabi/lib/armv6k/fpu\libg.a(lib_a-strncat.o)
                0x00000000001154c4                strncat
 .text.strncmp  0x000000000011555c       0xec c:/devkitpro/devkitarm/bin/../lib/gcc/arm-none-eabi/9.1.0/../../../../arm-none-eabi/lib/armv6k/fpu\libg.a(lib_a-strncmp.o)
                0x000000000011555c                strncmp
 .text.strncpy  0x0000000000115648       0xc0 c:/devkitpro/devkitarm/bin/../lib/gcc/arm-none-eabi/9.1.0/../../../../arm-none-eabi/lib/armv6k/fpu\libg.a(lib_a-strncpy.o)
                0x0000000000115648                strncpy
 .text.strnlen  0x0000000000115708       0x48 c:/devkitpro/devkitarm/bin/../lib/gcc/arm-none-eabi/9.1.0/../../../../arm-none-eabi/lib/armv6k/fpu\libg.a(lib_a-strnlen.o)
                0x0000000000115708                strnlen
 .text.time     0x0000000000115750       0x3c c:/devkitpro/devkitarm/bin/../lib/gcc/arm-none-eabi/9.1.0/../../../../arm-none-eabi/lib/armv6k/fpu\libg.a(lib_a-time.o)
                0x0000000000115750                time
 .text.get_arg  0x000000000011578c      0x650 c:/devkitpro/devkitarm/bin/../lib/gcc/arm-none-eabi/9.1.0/../../../../arm-none-eabi/lib/armv6k/fpu\libg.a(lib_a-vfprintf.o)
 *fill*         0x0000000000115ddc        0x4 
 .text._vfprintf_r
                0x0000000000115de0     0x38e0 c:/devkitpro/devkitarm/bin/../lib/gcc/arm-none-eabi/9.1.0/../../../../arm-none-eabi/lib/armv6k/fpu\libg.a(lib_a-vfprintf.o)
                0x0000000000115de0                _vfprintf_r
 .text.__sbprintf
                0x00000000001196c0       0xd4 c:/devkitpro/devkitarm/bin/../lib/gcc/arm-none-eabi/9.1.0/../../../../arm-none-eabi/lib/armv6k/fpu\libg.a(lib_a-vfprintf.o)
 .text._wcrtomb_r
                0x0000000000119794       0x54 c:/devkitpro/devkitarm/bin/../lib/gcc/arm-none-eabi/9.1.0/../../../../arm-none-eabi/lib/armv6k/fpu\libg.a(lib_a-wcrtomb.o)
                0x0000000000119794                _wcrtomb_r
 .text._wcsrtombs_r
                0x00000000001197e8       0x20 c:/devkitpro/devkitarm/bin/../lib/gcc/arm-none-eabi/9.1.0/../../../../arm-none-eabi/lib/armv6k/fpu\libg.a(lib_a-wcsrtombs.o)
                0x00000000001197e8                _wcsrtombs_r
 .text.__swsetup_r
                0x0000000000119808      0x150 c:/devkitpro/devkitarm/bin/../lib/gcc/arm-none-eabi/9.1.0/../../../../arm-none-eabi/lib/armv6k/fpu\libg.a(lib_a-wsetup.o)
                0x0000000000119808                __swsetup_r
 .text.__call_exitprocs
                0x0000000000119958      0x118 c:/devkitpro/devkitarm/bin/../lib/gcc/arm-none-eabi/9.1.0/../../../../arm-none-eabi/lib/armv6k/fpu\libg.a(lib_a-__call_atexit.o)
                0x0000000000119958                __call_exitprocs
 .text.quorem   0x0000000000119a70      0x1a8 c:/devkitpro/devkitarm/bin/../lib/gcc/arm-none-eabi/9.1.0/../../../../arm-none-eabi/lib/armv6k/fpu\libg.a(lib_a-dtoa.o)
 .text._dtoa_r  0x0000000000119c18     0x12ac c:/devkitpro/devkitarm/bin/../lib/gcc/arm-none-eabi/9.1.0/../../../../arm-none-eabi/lib/armv6k/fpu\libg.a(lib_a-dtoa.o)
                0x0000000000119c18                _dtoa_r
 .text.__sflags
                0x000000000011aec4       0xc8 c:/devkitpro/devkitarm/bin/../lib/gcc/arm-none-eabi/9.1.0/../../../../arm-none-eabi/lib/armv6k/fpu\libg.a(lib_a-flags.o)
                0x000000000011aec4                __sflags
 .text._localeconv_r
                0x000000000011af8c        0xc c:/devkitpro/devkitarm/bin/../lib/gcc/arm-none-eabi/9.1.0/../../../../arm-none-eabi/lib/armv6k/fpu\libg.a(lib_a-localeconv.o)
                0x000000000011af8c                _localeconv_r
 .text.__locale_mb_cur_max
                0x000000000011af98       0x10 c:/devkitpro/devkitarm/bin/../lib/gcc/arm-none-eabi/9.1.0/../../../../arm-none-eabi/lib/armv6k/fpu\libg.a(lib_a-locale.o)
                0x000000000011af98                __locale_mb_cur_max
 .text.__utf8_mbtowc
                0x000000000011afa8      0x2fc c:/devkitpro/devkitarm/bin/../lib/gcc/arm-none-eabi/9.1.0/../../../../arm-none-eabi/lib/armv6k/fpu\libg.a(lib_a-mbtowc_r.o)
                0x000000000011afa8                __utf8_mbtowc
 .text.memchr   0x000000000011b2a4       0xe0 c:/devkitpro/devkitarm/bin/../lib/gcc/arm-none-eabi/9.1.0/../../../../arm-none-eabi/lib/armv6k/fpu\libg.a(lib_a-memchr-stub.o)
                0x000000000011b2a4                memchr
 .text._Balloc  0x000000000011b384       0x88 c:/devkitpro/devkitarm/bin/../lib/gcc/arm-none-eabi/9.1.0/../../../../arm-none-eabi/lib/armv6k/fpu\libg.a(lib_a-mprec.o)
                0x000000000011b384                _Balloc
 .text._Bfree   0x000000000011b40c       0x1c c:/devkitpro/devkitarm/bin/../lib/gcc/arm-none-eabi/9.1.0/../../../../arm-none-eabi/lib/armv6k/fpu\libg.a(lib_a-mprec.o)
                0x000000000011b40c                _Bfree
 .text.__multadd
                0x000000000011b428       0xd0 c:/devkitpro/devkitarm/bin/../lib/gcc/arm-none-eabi/9.1.0/../../../../arm-none-eabi/lib/armv6k/fpu\libg.a(lib_a-mprec.o)
                0x000000000011b428                __multadd
 .text.__hi0bits
                0x000000000011b4f8       0x58 c:/devkitpro/devkitarm/bin/../lib/gcc/arm-none-eabi/9.1.0/../../../../arm-none-eabi/lib/armv6k/fpu\libg.a(lib_a-mprec.o)
                0x000000000011b4f8                __hi0bits
 .text.__lo0bits
                0x000000000011b550       0x9c c:/devkitpro/devkitarm/bin/../lib/gcc/arm-none-eabi/9.1.0/../../../../arm-none-eabi/lib/armv6k/fpu\libg.a(lib_a-mprec.o)
                0x000000000011b550                __lo0bits
 .text.__i2b    0x000000000011b5ec       0x20 c:/devkitpro/devkitarm/bin/../lib/gcc/arm-none-eabi/9.1.0/../../../../arm-none-eabi/lib/armv6k/fpu\libg.a(lib_a-mprec.o)
                0x000000000011b5ec                __i2b
 .text.__multiply
                0x000000000011b60c      0x1e0 c:/devkitpro/devkitarm/bin/../lib/gcc/arm-none-eabi/9.1.0/../../../../arm-none-eabi/lib/armv6k/fpu\libg.a(lib_a-mprec.o)
                0x000000000011b60c                __multiply
 .text.__pow5mult
                0x000000000011b7ec      0x100 c:/devkitpro/devkitarm/bin/../lib/gcc/arm-none-eabi/9.1.0/../../../../arm-none-eabi/lib/armv6k/fpu\libg.a(lib_a-mprec.o)
                0x000000000011b7ec                __pow5mult
 .text.__lshift
                0x000000000011b8ec      0x114 c:/devkitpro/devkitarm/bin/../lib/gcc/arm-none-eabi/9.1.0/../../../../arm-none-eabi/lib/armv6k/fpu\libg.a(lib_a-mprec.o)
                0x000000000011b8ec                __lshift
 .text.__mcmp   0x000000000011ba00       0x58 c:/devkitpro/devkitarm/bin/../lib/gcc/arm-none-eabi/9.1.0/../../../../arm-none-eabi/lib/armv6k/fpu\libg.a(lib_a-mprec.o)
                0x000000000011ba00                __mcmp
 .text.__mdiff  0x000000000011ba58      0x190 c:/devkitpro/devkitarm/bin/../lib/gcc/arm-none-eabi/9.1.0/../../../../arm-none-eabi/lib/armv6k/fpu\libg.a(lib_a-mprec.o)
                0x000000000011ba58                __mdiff
 .text.__d2b    0x000000000011bbe8      0x104 c:/devkitpro/devkitarm/bin/../lib/gcc/arm-none-eabi/9.1.0/../../../../arm-none-eabi/lib/armv6k/fpu\libg.a(lib_a-mprec.o)
                0x000000000011bbe8                __d2b
 *fill*         0x000000000011bcec        0x4 
 .text.frexp    0x000000000011bcf0       0xa8 c:/devkitpro/devkitarm/bin/../lib/gcc/arm-none-eabi/9.1.0/../../../../arm-none-eabi/lib/armv6k/fpu\libg.a(lib_a-s_frexp.o)
                0x000000000011bcf0                frexp
 .text.__sprint_r
                0x000000000011bd98       0x34 c:/devkitpro/devkitarm/bin/../lib/gcc/arm-none-eabi/9.1.0/../../../../arm-none-eabi/lib/armv6k/fpu\libg.a(lib_a-vfiprintf.o)
                0x000000000011bd98                __sprint_r
 .text._wcsnrtombs_l
                0x000000000011bdcc      0x190 c:/devkitpro/devkitarm/bin/../lib/gcc/arm-none-eabi/9.1.0/../../../../arm-none-eabi/lib/armv6k/fpu\libg.a(lib_a-wcsnrtombs.o)
                0x000000000011bdcc                _wcsnrtombs_l
 .text._wcsnrtombs_r
                0x000000000011bf5c       0x48 c:/devkitpro/devkitarm/bin/../lib/gcc/arm-none-eabi/9.1.0/../../../../arm-none-eabi/lib/armv6k/fpu\libg.a(lib_a-wcsnrtombs.o)
                0x000000000011bf5c                _wcsnrtombs_r
 .text.__utf8_wctomb
                0x000000000011bfa4       0xf0 c:/devkitpro/devkitarm/bin/../lib/gcc/arm-none-eabi/9.1.0/../../../../arm-none-eabi/lib/armv6k/fpu\libg.a(lib_a-wctomb_r.o)
                0x000000000011bfa4                __utf8_wctomb
 .text.__sfvwrite_r
                0x000000000011c094      0x4a4 c:/devkitpro/devkitarm/bin/../lib/gcc/arm-none-eabi/9.1.0/../../../../arm-none-eabi/lib/armv6k/fpu\libg.a(lib_a-fvwrite.o)
                0x000000000011c094                __sfvwrite_r
 .text.memmove  0x000000000011c538      0x154 c:/devkitpro/devkitarm/bin/../lib/gcc/arm-none-eabi/9.1.0/../../../../arm-none-eabi/lib/armv6k/fpu\libg.a(lib_a-memmove.o)
                0x000000000011c538                memmove
 .text._realloc_r
                0x000000000011c68c      0x4bc c:/devkitpro/devkitarm/bin/../lib/gcc/arm-none-eabi/9.1.0/../../../../arm-none-eabi/lib/armv6k/fpu\libg.a(lib_a-reallocr.o)
                0x000000000011c68c                _realloc_r
 .text.null_write
                0x000000000011cb48        0x8 c:/devkitpro/devkitarm/bin/../lib/gcc/arm-none-eabi/9.1.0/../../../../arm-none-eabi/lib/armv6k/fpu\libsysbase.a(iosupport.o)
 .text.setDefaultDevice
                0x000000000011cb50       0x18 c:/devkitpro/devkitarm/bin/../lib/gcc/arm-none-eabi/9.1.0/../../../../arm-none-eabi/lib/armv6k/fpu\libsysbase.a(iosupport.o)
                0x000000000011cb50                setDefaultDevice
 .text.FindDevice
                0x000000000011cb68       0xc8 c:/devkitpro/devkitarm/bin/../lib/gcc/arm-none-eabi/9.1.0/../../../../arm-none-eabi/lib/armv6k/fpu\libsysbase.a(iosupport.o)
                0x000000000011cb68                FindDevice
 .text.RemoveDevice
                0x000000000011cc30       0x28 c:/devkitpro/devkitarm/bin/../lib/gcc/arm-none-eabi/9.1.0/../../../../arm-none-eabi/lib/armv6k/fpu\libsysbase.a(iosupport.o)
                0x000000000011cc30                RemoveDevice
 .text.AddDevice
                0x000000000011cc58       0x9c c:/devkitpro/devkitarm/bin/../lib/gcc/arm-none-eabi/9.1.0/../../../../arm-none-eabi/lib/armv6k/fpu\libsysbase.a(iosupport.o)
                0x000000000011cc58                AddDevice
 .text._fstat_r