Archive member included to satisfy reference by file (symbol)

C:/devkitPro/libctru/lib\libcitro2d.a(base.o)
                              main.o (C2D_Init)
C:/devkitPro/libctru/lib\libcitro2d.a(render2d.shbin.o)
                              C:/devkitPro/libctru/lib\libcitro2d.a(base.o) (render2d_shbin_size)
C:/devkitPro/libctru/lib\libcitro3d.a(base.o)
                              main.o (C3D_Init)
C:/devkitPro/libctru/lib\libcitro3d.a(renderqueue.o)
                              main.o (C3D_FrameBegin)
C:/devkitPro/libctru/lib\libcitro3d.a(texture.o)
                              C:/devkitPro/libctru/lib\libcitro2d.a(base.o) (C3D_TexBind)
C:/devkitPro/libctru/lib\libcitro3d.a(framebuffer.o)
                              C:/devkitPro/libctru/lib\libcitro3d.a(renderqueue.o) (C3D_CalcColorBufSize)
C:/devkitPro/libctru/lib\libcitro3d.a(texenv.o)
                              C:/devkitPro/libctru/lib\libcitro2d.a(base.o) (C3D_GetTexEnv)
C:/devkitPro/libctru/lib\libcitro3d.a(proctex.o)
                              C:/devkitPro/libctru/lib\libcitro2d.a(base.o) (C3D_ProcTexInit)
C:/devkitPro/libctru/lib\libcitro3d.a(buffers.o)
                              C:/devkitPro/libctru/lib\libcitro2d.a(base.o) (BufInfo_Init)
C:/devkitPro/libctru/lib\libcitro3d.a(drawArrays.o)
                              C:/devkitPro/libctru/lib\libcitro2d.a(base.o) (C3D_DrawArrays)
C:/devkitPro/libctru/lib\libcitro3d.a(effect.o)
                              C:/devkitPro/libctru/lib\libcitro3d.a(base.o) (C3D_DepthMap)
C:/devkitPro/libctru/lib\libcitro3d.a(attribs.o)
                              C:/devkitPro/libctru/lib\libcitro2d.a(base.o) (AttrInfo_Init)
C:/devkitPro/libctru/lib\libcitro3d.a(immediate.o)
                              C:/devkitPro/libctru/lib\libcitro3d.a(base.o) (C3D_ImmSendAttrib)
C:/devkitPro/libctru/lib\libcitro3d.a(uniforms.o)
                              C:/devkitPro/libctru/lib\libcitro3d.a(base.o) (C3D_UpdateUniforms)
C:/devkitPro/libctru/lib\libcitro3d.a(mtx_ortho.o)
                              C:/devkitPro/libctru/lib\libcitro2d.a(base.o) (Mtx_Ortho)
C:/devkitPro/libctru/lib\libcitro3d.a(mtx_orthotilt.o)
                              C:/devkitPro/libctru/lib\libcitro2d.a(base.o) (Mtx_OrthoTilt)
C:/devkitPro/libctru/lib\libctru.a(vram.o)
                              C:/devkitPro/libctru/lib\libcitro3d.a(renderqueue.o) (vramAlloc)
C:/devkitPro/libctru/lib\libctru.a(linear.o)
                              C:/devkitPro/libctru/lib\libcitro2d.a(base.o) (linearAlloc)
C:/devkitPro/libctru/lib\libctru.a(mem_pool.o)
                              C:/devkitPro/libctru/lib\libctru.a(vram.o) (MemPool::Allocate(MemChunk&, unsigned long, int))
C:/devkitPro/libctru/lib\libctru.a(os.o)
                              C:/devkitPro/libctru/lib\libcitro3d.a(texture.o) (osConvertVirtToPhys)
C:/devkitPro/libctru/lib\libctru.a(console.o)
                              main.o (consoleInit)
C:/devkitPro/libctru/lib\libctru.a(gfx.o)
                              C:/devkitPro/libctru/lib\libcitro3d.a(renderqueue.o) (gfxIs3D)
C:/devkitPro/libctru/lib\libctru.a(shaderProgram.o)
                              C:/devkitPro/libctru/lib\libcitro2d.a(base.o) (shaderInstanceGetUniformLocation)
C:/devkitPro/libctru/lib\libctru.a(shbin.o)
                              C:/devkitPro/libctru/lib\libcitro2d.a(base.o) (DVLB_ParseFile)
C:/devkitPro/libctru/lib\libctru.a(gx.o)
                              C:/devkitPro/libctru/lib\libctru.a(gfx.o) (gxCmdBuf)
C:/devkitPro/libctru/lib\libctru.a(gxqueue.o)
                              C:/devkitPro/libctru/lib\libcitro3d.a(renderqueue.o) (gxCmdQueueClear)
C:/devkitPro/libctru/lib\libctru.a(gpu.o)
                              C:/devkitPro/libctru/lib\libcitro3d.a(base.o) (gpuCmdBufOffset)
C:/devkitPro/libctru/lib\libctru.a(gspgpu.o)
                              C:/devkitPro/libctru/lib\libctru.a(gfx.o) (gspInit)
C:/devkitPro/libctru/lib\libctru.a(apt.o)
                              C:/devkitPro/libctru/lib\libcitro3d.a(base.o) (aptHook)
C:/devkitPro/libctru/lib\libctru.a(hid.o)
                              main.o (hidScanInput)
C:/devkitPro/libctru/lib\libctru.a(ptmsysm.o)
                              C:/devkitPro/libctru/lib\libctru.a(os.o) (ptmSysmInit)
C:/devkitPro/libctru/lib\libctru.a(rbtree_init.o)
                              C:/devkitPro/libctru/lib\libctru.a(vram.o) (rbtree_init)
C:/devkitPro/libctru/lib\libctru.a(rbtree_insert.o)
                              C:/devkitPro/libctru/lib\libctru.a(vram.o) (rbtree_insert)
C:/devkitPro/libctru/lib\libctru.a(rbtree_rotate.o)
                              C:/devkitPro/libctru/lib\libctru.a(rbtree_insert.o) (rbtree_rotate)
C:/devkitPro/libctru/lib\libctru.a(rbtree_remove.o)
                              C:/devkitPro/libctru/lib\libctru.a(vram.o) (rbtree_remove)
C:/devkitPro/libctru/lib\libctru.a(rbtree_find.o)
                              C:/devkitPro/libctru/lib\libctru.a(vram.o) (rbtree_find)
C:/devkitPro/libctru/lib\libctru.a(initSystem.o)
[...]
Memory Configuration

Name             Origin             Length             Attributes
*default*        0x0000000000000000 0xffffffffffffffff

Linker script and memory map

                0x0000000000100000                PROVIDE (__start__ = 0x100000)
                0x0000000000100000                . = __start__

.text           0x0000000000100000    0x21bec
 *(.crt0)
 .crt0          0x0000000000100000       0x94 c:/devkitpro/devkitarm/bin/../lib/gcc/arm-none-eabi/9.1.0/../../../../arm-none-eabi/lib/armv6k/fpu/3dsx_crt0.o
                0x0000000000100000                _start
                0x0000000000100008                __service_ptr
                0x000000000010000c                __apt_appid
                0x0000000000100010                __heap_size
                0x0000000000100014                __linear_heap_size
                0x0000000000100018                __system_arglist
                0x000000000010001c                __system_runflags
 *(.init)
 .init          0x0000000000100094        0xc c:/devkitpro/devkitarm/bin/../lib/gcc/arm-none-eabi/9.1.0/armv6k/fpu/crti.o
                0x0000000000100094                _init
 .init          0x00000000001000a0        0xc c:/devkitpro/devkitarm/bin/../lib/gcc/arm-none-eabi/9.1.0/armv6k/fpu/crtn.o
                0x00000000001000ac                . = ALIGN (0x4)
 *(.text)
 .text          0x00000000001000ac       0x64 C:/devkitPro/libctru/lib\libctru.a(stack_adjust.o)
                0x00000000001000ac                initSystem
                0x00000000001000f0                __ctru_exit
 .text          0x0000000000100110      0x240 c:/devkitpro/devkitarm/bin/../lib/gcc/arm-none-eabi/9.1.0/armv6k/fpu\libgcc.a(_divsi3.o)
                0x0000000000100110                __divsi3
                0x0000000000100110                __aeabi_idiv
                0x0000000000100330                __aeabi_idivmod
 .text          0x0000000000100350        0x4 c:/devkitpro/devkitarm/bin/../lib/gcc/arm-none-eabi/9.1.0/armv6k/fpu\libgcc.a(_dvmd_tls.o)
                0x0000000000100350                __aeabi_idiv0
                0x0000000000100350                __aeabi_ldiv0
 .text          0x0000000000100354      0x3c0 c:/devkitpro/devkitarm/bin/../lib/gcc/arm-none-eabi/9.1.0/armv6k/fpu\libgcc.a(_arm_addsubdf3.o)
                0x0000000000100354                __aeabi_drsub
                0x000000000010035c                __aeabi_dsub
                0x000000000010035c                __subdf3
                0x0000000000100360                __aeabi_dadd
                0x0000000000100360                __adddf3
                0x000000000010060c                __floatunsidf
                0x000000000010060c                __aeabi_ui2d
                0x0000000000100630                __floatsidf
                0x0000000000100630                __aeabi_i2d
                0x0000000000100658                __aeabi_f2d
                0x0000000000100658                __extendsfdf2
                0x00000000001006a0                __floatundidf
                0x00000000001006a0                __aeabi_ul2d
                0x00000000001006b4                __floatdidf
                0x00000000001006b4                __aeabi_l2d
 .text          0x0000000000100714       0x3c c:/devkitpro/devkitarm/bin/../lib/gcc/arm-none-eabi/9.1.0/armv6k/fpu\libgcc.a(_aeabi_uldivmod.o)
                0x0000000000100714                __aeabi_uldivmod
 *fill*         0x0000000000100750       0x10 
 .text          0x0000000000100760      0x390 c:/devkitpro/devkitarm/bin/../lib/gcc/arm-none-eabi/9.1.0/../../../../arm-none-eabi/lib/armv6k/fpu\libg.a(lib_a-strcmp.o)
                0x0000000000100768                strcmp
 .text          0x0000000000100af0      0x20c c:/devkitpro/devkitarm/bin/../lib/gcc/arm-none-eabi/9.1.0/armv6k/fpu\libgcc.a(_udivsi3.o)
                0x0000000000100af0                __aeabi_uidiv
                0x0000000000100af0                __udivsi3
                0x0000000000100cdc                __aeabi_uidivmod
 *(.text.*)
 .text.deregister_tm_clones
                0x0000000000100cfc       0x2c c:/devkitpro/devkitarm/bin/../lib/gcc/arm-none-eabi/9.1.0/armv6k/fpu/crtbegin.o
 .text.register_tm_clones
                0x0000000000100d28       0x38 c:/devkitpro/devkitarm/bin/../lib/gcc/arm-none-eabi/9.1.0/armv6k/fpu/crtbegin.o
 .text.__do_global_dtors_aux
                0x0000000000100d60       0x44 c:/devkitpro/devkitarm/bin/../lib/gcc/arm-none-eabi/9.1.0/armv6k/fpu/crtbegin.o
 .text.frame_dummy
                0x0000000000100da4       0x34 c:/devkitpro/devkitarm/bin/../lib/gcc/arm-none-eabi/9.1.0/armv6k/fpu/crtbegin.o
 .text.startup.main
                0x0000000000100dd8      0x370 main.o
                0x0000000000100dd8                main
 .text.C2D_Init
                0x0000000000101148      0x330 C:/devkitPro/libctru/lib\libcitro2d.a(base.o)
                0x0000000000101148                C2D_Init
 .text.C2D_Fini
                0x0000000000101478       0x44 C:/devkitPro/libctru/lib\libcitro2d.a(base.o)
                0x0000000000101478                C2D_Fini
 .text.C2D_Prepare
                0x00000000001014bc       0xc8 C:/devkitPro/libctru/lib\libcitro2d.a(base.o)
                0x00000000001014bc                C2D_Prepare
 .text.C2D_SceneSize
                0x0000000000101584      0x10c C:/devkitPro/libctru/lib\libcitro2d.a(base.o)
                0x0000000000101584                C2D_SceneSize
 .text.C2D_CreateScreenTarget
                0x0000000000101690       0x44 C:/devkitPro/libctru/lib\libcitro2d.a(base.o)
                0x0000000000101690                C2D_CreateScreenTarget
 .text.C2Di_FlushVtxBuf
                0x00000000001016d4       0x30 C:/devkitPro/libctru/lib\libcitro2d.a(base.o)
                0x00000000001016d4                C2Di_FlushVtxBuf
 .text.C2Di_FrameEndHook
                0x0000000000101704       0x20 C:/devkitPro/libctru/lib\libcitro2d.a(base.o)
 .text.C2D_Flush
                0x0000000000101724       0x18 C:/devkitPro/libctru/lib\libcitro2d.a(base.o)
                0x0000000000101724                C2D_Flush
 .text.C2D_TargetClear
                0x000000000010173c       0x30 C:/devkitPro/libctru/lib\libcitro2d.a(base.o)
                0x000000000010173c                C2D_TargetClear
 .text.C2Di_Update
                0x000000000010176c      0x210 C:/devkitPro/libctru/lib\libcitro2d.a(base.o)
                0x000000000010176c                C2Di_Update
 .text.C2D_DrawRectangle
                0x000000000010197c      0x19c C:/devkitPro/libctru/lib\libcitro2d.a(base.o)
                0x000000000010197c                C2D_DrawRectangle
 .text.C3Di_SplitFrame.part.1
                0x0000000000101b18       0xc4 C:/devkitPro/libctru/lib\libcitro3d.a(base.o)
 .text.C3Di_LightEnvUpdate
                0x0000000000101bdc        0x4 C:/devkitPro/libctru/lib\libcitro3d.a(base.o)
                0x0000000000101bdc                C3Di_LightEnvUpdate
 .text.C3Di_LightEnvDirty
                0x0000000000101be0        0x4 C:/devkitPro/libctru/lib\libcitro3d.a(base.o)
                0x0000000000101be0                C3Di_LightEnvDirty
 .text.C3Di_AptEventHook
                0x0000000000101be4       0xac C:/devkitPro/libctru/lib\libcitro3d.a(base.o)
 .text.C3Di_GasUpdate
                0x0000000000101c90        0x4 C:/devkitPro/libctru/lib\libcitro3d.a(base.o)
                0x0000000000101c90                C3Di_GasUpdate
 .text.C3D_Init
                0x0000000000101c94      0x21c C:/devkitPro/libctru/lib\libcitro3d.a(base.o)
                0x0000000000101c94                C3D_Init
 .text.C3D_SetViewport
                0x0000000000101eb0       0x98 C:/devkitPro/libctru/lib\libcitro3d.a(base.o)
                0x0000000000101eb0                C3D_SetViewport
 .text.C3Di_UpdateContext
                0x0000000000101f48      0x50c C:/devkitPro/libctru/lib\libcitro3d.a(base.o)
                0x0000000000101f48                C3Di_UpdateContext
 .text.C3Di_SplitFrame
                0x0000000000102454       0x20 C:/devkitPro/libctru/lib\libcitro3d.a(base.o)
                0x0000000000102454                C3Di_SplitFrame
 .text.C3D_GetCmdBufUsage
                0x0000000000102474       0x10 C:/devkitPro/libctru/lib\libcitro3d.a(base.o)
                0x0000000000102474                C3D_GetCmdBufUsage
 .text.C3D_Fini
                0x0000000000102484       0x64 C:/devkitPro/libctru/lib\libcitro3d.a(base.o)
                0x0000000000102484                C3D_Fini
 .text.C3D_BindProgram
                0x00000000001024e8      0x114 C:/devkitPro/libctru/lib\libcitro3d.a(base.o)
                0x00000000001024e8                C3D_BindProgram
 .text.C3Di_RenderQueueInit
                0x00000000001025fc       0x54 C:/devkitPro/libctru/lib\libcitro3d.a(renderqueue.o)
 .text.C3Di_RenderTargetDestroy
                0x0000000000102650       0x80 C:/devkitPro/libctru/lib\libcitro3d.a(renderqueue.o)
 .text.onVBlank1
                0x00000000001026d0       0xac C:/devkitPro/libctru/lib\libcitro3d.a(renderqueue.o)
 .text.onVBlank0
                0x000000000010277c      0x13c C:/devkitPro/libctru/lib\libcitro3d.a(renderqueue.o)
 .text.C3Di_RenderTargetNew
                0x00000000001028b8        0xc C:/devkitPro/libctru/lib\libcitro3d.a(renderqueue.o)
 .text.C3Di_WaitAndClearQueue
                0x00000000001028c4       0x7c C:/devkitPro/libctru/lib\libcitro3d.a(renderqueue.o)
 .text.onQueueFinish
                0x0000000000102940       0xc0 C:/devkitPro/libctru/lib\libcitro3d.a(renderqueue.o)
 .text.C3D_FrameSplit.part.6
                0x0000000000102a00       0x44 C:/devkitPro/libctru/lib\libcitro3d.a(renderqueue.o)
 .text.C3D_FrameSync
                0x0000000000102a44       0x30 C:/devkitPro/libctru/lib\libcitro3d.a(renderqueue.o)
                0x0000000000102a44                C3D_FrameSync
 .text.C3Di_RenderQueueExit
                0x0000000000102a74       0xa0 C:/devkitPro/libctru/lib\libcitro3d.a(renderqueue.o)
                0x0000000000102a74                C3Di_RenderQueueExit
 .text.C3Di_RenderQueueWaitDone
                0x0000000000102b14       0x20 C:/devkitPro/libctru/lib\libcitro3d.a(renderqueue.o)
                0x0000000000102b14                C3Di_RenderQueueWaitDone
 .text.C3D_FrameBegin
                0x0000000000102b34       0x7c C:/devkitPro/libctru/lib\libcitro3d.a(renderqueue.o)
                0x0000000000102b34                C3D_FrameBegin
 .text.C3D_FrameDrawOn
                0x0000000000102bb0       0x48 C:/devkitPro/libctru/lib\libcitro3d.a(renderqueue.o)
                0x0000000000102bb0                C3D_FrameDrawOn
 .text.C3D_FrameSplit
                0x0000000000102bf8       0x18 C:/devkitPro/libctru/lib\libcitro3d.a(renderqueue.o)
                0x0000000000102bf8                C3D_FrameSplit
 .text.C3D_FrameEnd
                0x0000000000102c10      0x164 C:/devkitPro/libctru/lib\libcitro3d.a(renderqueue.o)
                0x0000000000102c10                C3D_FrameEnd
 .text.C3D_FrameEndHook
                0x0000000000102d74       0x1c C:/devkitPro/libctru/lib\libcitro3d.a(renderqueue.o)
                0x0000000000102d74                C3D_FrameEndHook
 .text.C3D_GetDrawingTime
                0x0000000000102d90       0x18 C:/devkitPro/libctru/lib\libcitro3d.a(renderqueue.o)
                0x0000000000102d90                C3D_GetDrawingTime
 .text.C3D_GetProcessingTime
                0x0000000000102da8       0x18 C:/devkitPro/libctru/lib\libcitro3d.a(renderqueue.o)
                0x0000000000102da8                C3D_GetProcessingTime
 .text.C3D_RenderTargetCreate
                0x0000000000102dc0      0x17c C:/devkitPro/libctru/lib\libcitro3d.a(renderqueue.o)
                0x0000000000102dc0                C3D_RenderTargetCreate
 .text.C3D_RenderTargetSetOutput
                0x0000000000102f3c       0x4c C:/devkitPro/libctru/lib\libcitro3d.a(renderqueue.o)
                0x0000000000102f3c                C3D_RenderTargetSetOutput
 .text.C3D_TexBind
                0x0000000000102f88       0x48 C:/devkitPro/libctru/lib\libcitro3d.a(texture.o)
                0x0000000000102f88                C3D_TexBind
 .text.C3Di_SetTex
                0x0000000000102fd0      0x174 C:/devkitPro/libctru/lib\libcitro3d.a(texture.o)
                0x0000000000102fd0                C3Di_SetTex
 .text.C3D_CalcColorBufSize
                0x0000000000103144       0x1c C:/devkitPro/libctru/lib\libcitro3d.a(framebuffer.o)
                0x0000000000103144                C3D_CalcColorBufSize
 .text.C3D_CalcDepthBufSize
                0x0000000000103160       0x1c C:/devkitPro/libctru/lib\libcitro3d.a(framebuffer.o)
                0x0000000000103160                C3D_CalcDepthBufSize
 .text.C3D_SetFrameBuf
                0x000000000010317c       0x44 C:/devkitPro/libctru/lib\libcitro3d.a(framebuffer.o)
                0x000000000010317c                C3D_SetFrameBuf
 .text.C3Di_FrameBufBind
                0x00000000001031c0      0x168 C:/devkitPro/libctru/lib\libcitro3d.a(framebuffer.o)
                0x00000000001031c0                C3Di_FrameBufBind
 .text.C3D_FrameBufClear
                0x0000000000103328       0xc8 C:/devkitPro/libctru/lib\libcitro3d.a(framebuffer.o)
                0x0000000000103328                C3D_FrameBufClear
 .text.C3D_FrameBufTransfer
                0x00000000001033f0       0x48 C:/devkitPro/libctru/lib\libcitro3d.a(framebuffer.o)
                0x00000000001033f0                C3D_FrameBufTransfer
 .text.C3D_GetTexEnv
                0x0000000000103438       0x34 C:/devkitPro/libctru/lib\libcitro3d.a(texenv.o)
                0x0000000000103438                C3D_GetTexEnv
 .text.C3Di_TexEnvBind
                0x000000000010346c       0x24 C:/devkitPro/libctru/lib\libcitro3d.a(texenv.o)
                0x000000000010346c                C3Di_TexEnvBind
 .text.C3D_ProcTexInit
                0x0000000000103490       0x6c C:/devkitPro/libctru/lib\libcitro3d.a(proctex.o)
                0x0000000000103490                C3D_ProcTexInit
 .text.C3D_ProcTexBind
                0x00000000001034fc       0x50 C:/devkitPro/libctru/lib\libcitro3d.a(proctex.o)
                0x00000000001034fc                C3D_ProcTexBind
 .text.C3D_ProcTexLutBind
                0x000000000010354c       0x60 C:/devkitPro/libctru/lib\libcitro3d.a(proctex.o)
                0x000000000010354c                C3D_ProcTexLutBind
 .text.ProcTexLut_FromArray
                0x00000000001035ac       0xa4 C:/devkitPro/libctru/lib\libcitro3d.a(proctex.o)
                0x00000000001035ac                ProcTexLut_FromArray
 .text.C3Di_ProcTexUpdate
                0x0000000000103650      0x174 C:/devkitPro/libctru/lib\libcitro3d.a(proctex.o)
                0x0000000000103650                C3Di_ProcTexUpdate
 .text.C3Di_ProcTexDirty
                0x00000000001037c4       0x68 C:/devkitPro/libctru/lib\libcitro3d.a(proctex.o)
                0x00000000001037c4                C3Di_ProcTexDirty
 .text.BufInfo_Init
                0x000000000010382c       0x24 C:/devkitPro/libctru/lib\libcitro3d.a(buffers.o)
                0x000000000010382c                BufInfo_Init
 .text.BufInfo_Add
                0x0000000000103850       0x84 C:/devkitPro/libctru/lib\libcitro3d.a(buffers.o)
                0x0000000000103850                BufInfo_Add
 .text.C3D_SetBufInfo
                0x00000000001038d4       0x40 C:/devkitPro/libctru/lib\libcitro3d.a(buffers.o)
                0x00000000001038d4                C3D_SetBufInfo
 .text.C3Di_BufInfoBind
                0x0000000000103914       0x48 C:/devkitPro/libctru/lib\libcitro3d.a(buffers.o)
                0x0000000000103914                C3Di_BufInfoBind
 .text.C3D_DrawArrays
                0x000000000010395c      0x148 C:/devkitPro/libctru/lib\libcitro3d.a(drawArrays.o)
                0x000000000010395c                C3D_DrawArrays
 .text.C3D_DepthMap
                0x0000000000103aa4       0x40 C:/devkitPro/libctru/lib\libcitro3d.a(effect.o)
                0x0000000000103aa4                C3D_DepthMap
 .text.C3D_CullFace
                0x0000000000103ae4       0x1c C:/devkitPro/libctru/lib\libcitro3d.a(effect.o)
                0x0000000000103ae4                C3D_CullFace
 .text.C3D_StencilTest
                0x0000000000103b00       0x40 C:/devkitPro/libctru/lib\libcitro3d.a(effect.o)
                0x0000000000103b00                C3D_StencilTest
 .text.C3D_StencilOp
                0x0000000000103b40       0x24 C:/devkitPro/libctru/lib\libcitro3d.a(effect.o)
                0x0000000000103b40                C3D_StencilOp
 .text.C3D_BlendingColor
                0x0000000000103b64       0x1c C:/devkitPro/libctru/lib\libcitro3d.a(effect.o)
                0x0000000000103b64                C3D_BlendingColor
 .text.C3D_EarlyDepthTest
                0x0000000000103b80       0x24 C:/devkitPro/libctru/lib\libcitro3d.a(effect.o)
                0x0000000000103b80                C3D_EarlyDepthTest
 .text.C3D_DepthTest
                0x0000000000103ba4       0x2c C:/devkitPro/libctru/lib\libcitro3d.a(effect.o)
                0x0000000000103ba4                C3D_DepthTest
 .text.C3D_AlphaTest
                0x0000000000103bd0       0x2c C:/devkitPro/libctru/lib\libcitro3d.a(effect.o)
                0x0000000000103bd0                C3D_AlphaTest
 .text.C3D_AlphaBlend
                0x0000000000103bfc       0x50 C:/devkitPro/libctru/lib\libcitro3d.a(effect.o)
                0x0000000000103bfc                C3D_AlphaBlend
 .text.C3D_FragOpMode
                0x0000000000103c4c       0x30 C:/devkitPro/libctru/lib\libcitro3d.a(effect.o)
                0x0000000000103c4c                C3D_FragOpMode
 .text.C3D_FragOpShadow
                0x0000000000103c7c       0x44 C:/devkitPro/libctru/lib\libcitro3d.a(effect.o)
                0x0000000000103c7c                C3D_FragOpShadow
 .text.C3Di_EffectBind
                0x0000000000103cc0      0x1ac C:/devkitPro/libctru/lib\libcitro3d.a(effect.o)
                0x0000000000103cc0                C3Di_EffectBind
 .text.AttrInfo_Init
                0x0000000000103e6c       0x28 C:/devkitPro/libctru/lib\libcitro3d.a(attribs.o)
                0x0000000000103e6c                AttrInfo_Init
 .text.AttrInfo_AddLoader
                0x0000000000103e94       0xa0 C:/devkitPro/libctru/lib\libcitro3d.a(attribs.o)
                0x0000000000103e94                AttrInfo_AddLoader
 .text.C3D_SetAttrInfo
                0x0000000000103f34       0x54 C:/devkitPro/libctru/lib\libcitro3d.a(attribs.o)
                0x0000000000103f34                C3D_SetAttrInfo
 .text.C3Di_AttrInfoBind
                0x0000000000103f88       0x80 C:/devkitPro/libctru/lib\libcitro3d.a(attribs.o)
                0x0000000000103f88                C3Di_AttrInfoBind
 .text.C3D_ImmSendAttrib
                0x0000000000104008       0xa4 C:/devkitPro/libctru/lib\libcitro3d.a(immediate.o)
                0x0000000000104008                C3D_ImmSendAttrib
 .text.C3D_UpdateUniforms
                0x00000000001040ac      0x2b8 C:/devkitPro/libctru/lib\libcitro3d.a(uniforms.o)
                0x00000000001040ac                C3D_UpdateUniforms
 .text.C3Di_DirtyUniforms
                0x0000000000104364       0xc0 C:/devkitPro/libctru/lib\libcitro3d.a(uniforms.o)
                0x0000000000104364                C3Di_DirtyUniforms
 .text.C3Di_LoadShaderUniforms
                0x0000000000104424       0xe0 C:/devkitPro/libctru/lib\libcitro3d.a(uniforms.o)
                0x0000000000104424                C3Di_LoadShaderUniforms
 .text.C3Di_ClearShaderUniforms
                0x0000000000104504       0x28 C:/devkitPro/libctru/lib\libcitro3d.a(uniforms.o)
                0x0000000000104504                C3Di_ClearShaderUniforms
 .text.Mtx_Ortho
                0x000000000010452c       0xcc C:/devkitPro/libctru/lib\libcitro3d.a(mtx_ortho.o)
                0x000000000010452c                Mtx_Ortho
 .text.Mtx_OrthoTilt
                0x00000000001045f8       0xcc C:/devkitPro/libctru/lib\libcitro3d.a(mtx_orthotilt.o)
                0x00000000001045f8                Mtx_OrthoTilt
 .text._ZL21addrMapNodeComparatorPK11rbtree_nodeS1_
                0x00000000001046c4       0x24 C:/devkitPro/libctru/lib\libctru.a(vram.o)
 .text._ZL21addrMapNodeDestructorP11rbtree_node
                0x00000000001046e8        0x4 C:/devkitPro/libctru/lib\libctru.a(vram.o)
 .text.vramMemAlign
                0x00000000001046ec      0x114 C:/devkitPro/libctru/lib\libctru.a(vram.o)
                0x00000000001046ec                vramMemAlign
 .text.vramAlloc
                0x0000000000104800        0x8 C:/devkitPro/libctru/lib\libctru.a(vram.o)
                0x0000000000104800                vramAlloc
 .text.vramFree
                0x0000000000104808       0x54 C:/devkitPro/libctru/lib\libctru.a(vram.o)
                0x0000000000104808                vramFree
 .text._ZL21addrMapNodeComparatorPK11rbtree_nodeS1_
                0x000000000010485c       0x24 C:/devkitPro/libctru/lib\libctru.a(linear.o)
 .text._ZL21addrMapNodeDestructorP11rbtree_node
                0x0000000000104880        0x4 C:/devkitPro/libctru/lib\libctru.a(linear.o)
 .text.linearMemAlign
                0x0000000000104884      0x124 C:/devkitPro/libctru/lib\libctru.a(linear.o)
                0x0000000000104884                linearMemAlign
 .text.linearAlloc
                0x00000000001049a8        0x8 C:/devkitPro/libctru/lib\libctru.a(linear.o)
                0x00000000001049a8                linearAlloc
 .text.linearFree
                0x00000000001049b0       0x54 C:/devkitPro/libctru/lib\libctru.a(linear.o)
                0x00000000001049b0                linearFree
 .text._ZN7MemPool13CoalesceRightEP8MemBlock
                0x0000000000104a04       0x8c C:/devkitPro/libctru/lib\libctru.a(mem_pool.o)
                0x0000000000104a04                MemPool::CoalesceRight(MemBlock*)
 .text._ZN7MemPool8AllocateER8MemChunkmi
                0x0000000000104a90      0x174 C:/devkitPro/libctru/lib\libctru.a(mem_pool.o)
                0x0000000000104a90                MemPool::Allocate(MemChunk&, unsigned long, int)
 .text._ZN7MemPool10DeallocateERK8MemChunk
                0x0000000000104c04       0xfc C:/devkitPro/libctru/lib\libctru.a(mem_pool.o)
                0x0000000000104c04                MemPool::Deallocate(MemChunk const&)
 .text.getSysTime
                0x0000000000104d00       0x58 C:/devkitPro/libctru/lib\libctru.a(os.o)
 .text.__ctru_speedup_config.part.0
                0x0000000000104d58       0x28 C:/devkitPro/libctru/lib\libctru.a(os.o)
 .text.osConvertVirtToPhys
                0x0000000000104d80       0x4c C:/devkitPro/libctru/lib\libctru.a(os.o)
                0x0000000000104d80                osConvertVirtToPhys
 .text.osGetMemRegionUsed
                0x0000000000104dcc       0x24 C:/devkitPro/libctru/lib\libctru.a(os.o)
                0x0000000000104dcc                osGetMemRegionUsed
 .text.__libctru_gtod
                0x0000000000104df0      0x128 C:/devkitPro/libctru/lib\libctru.a(os.o)
                0x0000000000104df0                __libctru_gtod
 .text.osTickCounterRead
                0x0000000000104f18       0x38 C:/devkitPro/libctru/lib\libctru.a(os.o)
                0x0000000000104f18                osTickCounterRead
 .text.__ctru_speedup_config
                0x0000000000104f50       0x18 C:/devkitPro/libctru/lib\libctru.a(os.o)
                0x0000000000104f50                __ctru_speedup_config
 .text.consoleDrawChar
                0x0000000000104f68      0x1b8 C:/devkitPro/libctru/lib\libctru.a(console.o)
                0x0000000000104f68                consoleDrawChar
 .text.consolePrintChar
                0x0000000000105120      0x124 C:/devkitPro/libctru/lib\libctru.a(console.o)
                0x0000000000105120                consolePrintChar
 .text.consoleCls
                0x0000000000105244      0x15c C:/devkitPro/libctru/lib\libctru.a(console.o)
 .text.consoleInit
                0x00000000001053a0      0x104 C:/devkitPro/libctru/lib\libctru.a(console.o)
                0x00000000001053a0                consoleInit
 .text.consoleClearLine
                0x00000000001054a4      0x10c C:/devkitPro/libctru/lib\libctru.a(console.o)
 .text.newRow   0x00000000001055b0       0xc4 C:/devkitPro/libctru/lib\libctru.a(console.o)
 .text.con_write
                0x0000000000105674      0x7cc C:/devkitPro/libctru/lib\libctru.a(console.o)
                0x0000000000105674                con_write
 .text.gfxSetFramebufferInfo.part.0
                0x0000000000105e40       0x8c C:/devkitPro/libctru/lib\libctru.a(gfx.o)
 .text.gfxSetFramebufferInfo
                0x0000000000105ecc       0x6c C:/devkitPro/libctru/lib\libctru.a(gfx.o)
 .text.gfxGetFramebuffer.part.0
                0x0000000000105f38       0x58 C:/devkitPro/libctru/lib\libctru.a(gfx.o)
 .text.gfxIs3D  0x0000000000105f90       0x10 C:/devkitPro/libctru/lib\libctru.a(gfx.o)
                0x0000000000105f90                gfxIs3D
 .text.__get_bytes_per_pixel
                0x0000000000105fa0       0x18 C:/devkitPro/libctru/lib\libctru.a(gfx.o)
                0x0000000000105fa0                __get_bytes_per_pixel
 .text.gfxSetScreenFormat
                0x0000000000105fb8      0x184 C:/devkitPro/libctru/lib\libctru.a(gfx.o)
                0x0000000000105fb8                gfxSetScreenFormat
 .text.gfxSetDoubleBuffering
                0x000000000010613c       0x10 C:/devkitPro/libctru/lib\libctru.a(gfx.o)
                0x000000000010613c                gfxSetDoubleBuffering
 .text.gfxInit  0x000000000010614c      0x214 C:/devkitPro/libctru/lib\libctru.a(gfx.o)
                0x000000000010614c                gfxInit
 .text.gfxInitDefault
                0x0000000000106360       0x10 C:/devkitPro/libctru/lib\libctru.a(gfx.o)
                0x0000000000106360                gfxInitDefault
 .text.gfxExit  0x0000000000106370       0xe0 C:/devkitPro/libctru/lib\libctru.a(gfx.o)
                0x0000000000106370                gfxExit
 .text.gfxGetFramebuffer
                0x0000000000106450       0x64 C:/devkitPro/libctru/lib\libctru.a(gfx.o)
                0x0000000000106450                gfxGetFramebuffer
 .text.gfxFlushBuffers
                0x00000000001064b4       0xcc C:/devkitPro/libctru/lib\libctru.a(gfx.o)
                0x00000000001064b4                gfxFlushBuffers
 .text.gfxConfigScreen
                0x0000000000106580       0xf4 C:/devkitPro/libctru/lib\libctru.a(gfx.o)
                0x0000000000106580                gfxConfigScreen
 .text.gfxSwapBuffersGpu
                0x0000000000106674       0x20 C:/devkitPro/libctru/lib\libctru.a(gfx.o)
                0x0000000000106674                gfxSwapBuffersGpu
 .text.shaderInstanceInit
                0x0000000000106694      0x1f0 C:/devkitPro/libctru/lib\libctru.a(shaderProgram.o)
                0x0000000000106694                shaderInstanceInit
 .text.shaderInstanceFree
                0x0000000000106884       0x34 C:/devkitPro/libctru/lib\libctru.a(shaderProgram.o)
                0x0000000000106884                shaderInstanceFree
 .text.shaderInstanceGetUniformLocation
                0x00000000001068b8       0x18 C:/devkitPro/libctru/lib\libctru.a(shaderProgram.o)
                0x00000000001068b8                shaderInstanceGetUniformLocation
 .text.shaderProgramInit
                0x00000000001068d0       0x18 C:/devkitPro/libctru/lib\libctru.a(shaderProgram.o)
                0x00000000001068d0                shaderProgramInit
 .text.shaderProgramFree
                0x00000000001068e8       0x2c C:/devkitPro/libctru/lib\libctru.a(shaderProgram.o)
                0x00000000001068e8                shaderProgramFree
 .text.shaderProgramSetVsh
                0x0000000000106914       0x6c C:/devkitPro/libctru/lib\libctru.a(shaderProgram.o)
                0x0000000000106914                shaderProgramSetVsh
 .text.shaderProgramConfigure
                0x0000000000106980      0x8b4 C:/devkitPro/libctru/lib\libctru.a(shaderProgram.o)
                0x0000000000106980                shaderProgramConfigure
 .text.DVLE_GenerateOutmap.part.0
                0x0000000000107234      0x1f8 C:/devkitPro/libctru/lib\libctru.a(shbin.o)
 .text.DVLB_ParseFile
                0x000000000010742c      0x1c8 C:/devkitPro/libctru/lib\libctru.a(shbin.o)
                0x000000000010742c                DVLB_ParseFile
 .text.DVLB_Free
                0x00000000001075f4       0x38 C:/devkitPro/libctru/lib\libctru.a(shbin.o)
                0x00000000001075f4                DVLB_Free
 .text.DVLE_GetUniformRegister
                0x000000000010762c       0x78 C:/devkitPro/libctru/lib\libctru.a(shbin.o)
                0x000000000010762c                DVLE_GetUniformRegister
 .text.submitGxCommand
                0x00000000001076a4       0x38 C:/devkitPro/libctru/lib\libctru.a(gx.o)
 .text.GX_BindQueue
                0x00000000001076dc       0x10 C:/devkitPro/libctru/lib\libctru.a(gx.o)
                0x00000000001076dc                GX_BindQueue
 .text.GX_ProcessCommandList
                0x00000000001076ec       0x50 C:/devkitPro/libctru/lib\libctru.a(gx.o)
                0x00000000001076ec                GX_ProcessCommandList
 .text.GX_MemoryFill
                0x000000000010773c       0x54 C:/devkitPro/libctru/lib\libctru.a(gx.o)
                0x000000000010773c                GX_MemoryFill
 .text.GX_DisplayTransfer
                0x0000000000107790       0x48 C:/devkitPro/libctru/lib\libctru.a(gx.o)
                0x0000000000107790                GX_DisplayTransfer
 .text.gxCmdQueueDoCommands.part.0
                0x00000000001077d8       0x74 C:/devkitPro/libctru/lib\libctru.a(gxqueue.o)
 .text.gxCmdQueueInterrupt
                0x000000000010784c       0xc8 C:/devkitPro/libctru/lib\libctru.a(gxqueue.o)
                0x000000000010784c                gxCmdQueueInterrupt
 .text.gxCmdQueueClear
                0x0000000000107914       0x4c C:/devkitPro/libctru/lib\libctru.a(gxqueue.o)
                0x0000000000107914                gxCmdQueueClear
 .text.gxCmdQueueAdd
                0x0000000000107960       0xf8 C:/devkitPro/libctru/lib\libctru.a(gxqueue.o)
                0x0000000000107960                gxCmdQueueAdd
 .text.gxCmdQueueRun
                0x0000000000107a58       0x80 C:/devkitPro/libctru/lib\libctru.a(gxqueue.o)
                0x0000000000107a58                gxCmdQueueRun
 .text.gxCmdQueueStop
                0x0000000000107ad8       0x60 C:/devkitPro/libctru/lib\libctru.a(gxqueue.o)
                0x0000000000107ad8                gxCmdQueueStop
 .text.gxCmdQueueWait
                0x0000000000107b38       0x84 C:/devkitPro/libctru/lib\libctru.a(gxqueue.o)
                0x0000000000107b38                gxCmdQueueWait
 .text.GPUCMD_Add
                0x0000000000107bbc      0x13c C:/devkitPro/libctru/lib\libctru.a(gpu.o)
                0x0000000000107bbc                GPUCMD_Add
 .text.GPUCMD_Split
                0x0000000000107cf8       0xb0 C:/devkitPro/libctru/lib\libctru.a(gpu.o)
                0x0000000000107cf8                GPUCMD_Split
 .text.f32tof16
                0x0000000000107da8       0x40 C:/devkitPro/libctru/lib\libctru.a(gpu.o)
                0x0000000000107da8                f32tof16
 .text.f32tof24
                0x0000000000107de8       0x40 C:/devkitPro/libctru/lib\libctru.a(gpu.o)
                0x0000000000107de8                f32tof24
 .text.f32tof31
                0x0000000000107e28       0x44 C:/devkitPro/libctru/lib\libctru.a(gpu.o)
                0x0000000000107e28                f32tof31
 .text.gspInit  0x0000000000107e6c       0x74 C:/devkitPro/libctru/lib\libctru.a(gspgpu.o)
                0x0000000000107e6c                gspInit
 .text.gspExit  0x0000000000107ee0       0x3c C:/devkitPro/libctru/lib\libctru.a(gspgpu.o)
                0x0000000000107ee0                gspExit
 .text.gspSetEventCallback
                0x0000000000107f1c       0x34 C:/devkitPro/libctru/lib\libctru.a(gspgpu.o)
                0x0000000000107f1c                gspSetEventCallback
 .text.gspInitEventHandler
                0x0000000000107f50       0xa4 C:/devkitPro/libctru/lib\libctru.a(gspgpu.o)
                0x0000000000107f50                gspInitEventHandler
 .text.gspExitEventHandler
                0x0000000000107ff4       0x40 C:/devkitPro/libctru/lib\libctru.a(gspgpu.o)
                0x0000000000107ff4                gspExitEventHandler
 .text.gspWaitForEvent
                0x0000000000108034       0x50 C:/devkitPro/libctru/lib\libctru.a(gspgpu.o)
                0x0000000000108034                gspWaitForEvent
 .text.gspWaitForAnyEvent
                0x0000000000108084       0x64 C:/devkitPro/libctru/lib\libctru.a(gspgpu.o)
                0x0000000000108084                gspWaitForAnyEvent
 .text.gspEventThreadMain
                0x00000000001080e8      0x178 C:/devkitPro/libctru/lib\libctru.a(gspgpu.o)
 .text.gspSubmitGxCommand
                0x0000000000108260      0x124 C:/devkitPro/libctru/lib\libctru.a(gspgpu.o)
                0x0000000000108260                gspSubmitGxCommand
 .text.GSPGPU_SetBufferSwap
                0x0000000000108384       0x6c C:/devkitPro/libctru/lib\libctru.a(gspgpu.o)
                0x0000000000108384                GSPGPU_SetBufferSwap
 .text.GSPGPU_FlushDataCache
                0x00000000001083f0       0x4c C:/devkitPro/libctru/lib\libctru.a(gspgpu.o)
                0x00000000001083f0                GSPGPU_FlushDataCache
 .text.GSPGPU_SetLcdForceBlack
                0x000000000010843c       0x34 C:/devkitPro/libctru/lib\libctru.a(gspgpu.o)
                0x000000000010843c                GSPGPU_SetLcdForceBlack
 .text.GSPGPU_RegisterInterruptRelayQueue
                0x0000000000108470       0x64 C:/devkitPro/libctru/lib\libctru.a(gspgpu.o)
                0x0000000000108470                GSPGPU_RegisterInterruptRelayQueue
 .text.GSPGPU_UnregisterInterruptRelayQueue
                0x00000000001084d4       0x2c C:/devkitPro/libctru/lib\libctru.a(gspgpu.o)
                0x00000000001084d4                GSPGPU_UnregisterInterruptRelayQueue
 .text.GSPGPU_AcquireRight
                0x0000000000108500       0x48 C:/devkitPro/libctru/lib\libctru.a(gspgpu.o)
                0x0000000000108500                GSPGPU_AcquireRight
 .text.GSPGPU_ReleaseRight
                0x0000000000108548       0x2c C:/devkitPro/libctru/lib\libctru.a(gspgpu.o)
                0x0000000000108548                GSPGPU_ReleaseRight
 .text.GSPGPU_ImportDisplayCaptureInfo
                0x0000000000108574       0x80 C:/devkitPro/libctru/lib\libctru.a(gspgpu.o)
                0x0000000000108574                GSPGPU_ImportDisplayCaptureInfo
 .text.GSPGPU_SaveVramSysArea
                0x00000000001085f4       0x2c C:/devkitPro/libctru/lib\libctru.a(gspgpu.o)
                0x00000000001085f4                GSPGPU_SaveVramSysArea
 .text.GSPGPU_RestoreVramSysArea
                0x0000000000108620       0x2c C:/devkitPro/libctru/lib\libctru.a(gspgpu.o)
                0x0000000000108620                GSPGPU_RestoreVramSysArea
 .text._aptDebug
                0x000000000010864c        0x4 C:/devkitPro/libctru/lib\libctru.a(apt.o)
                0x000000000010864c                _aptDebug
 .text.aptSendCommand
                0x0000000000108650      0x170 C:/devkitPro/libctru/lib\libctru.a(apt.o)
                0x0000000000108650                aptSendCommand
 .text.aptExitProcess
                0x00000000001087c0       0x3c C:/devkitPro/libctru/lib\libctru.a(apt.o)
 .text.aptHook  0x00000000001087fc       0x30 C:/devkitPro/libctru/lib\libctru.a(apt.o)
                0x00000000001087fc                aptHook
 .text.aptUnhook
                0x000000000010882c       0x30 C:/devkitPro/libctru/lib\libctru.a(apt.o)
                0x000000000010882c                aptUnhook
 .text.APT_InquireNotification
                0x000000000010885c       0x50 C:/devkitPro/libctru/lib\libctru.a(apt.o)
                0x000000000010885c                APT_InquireNotification
 .text.aptEventHandler
                0x00000000001088ac      0x194 C:/devkitPro/libctru/lib\libctru.a(apt.o)
 .text.APT_AppletUtility
                0x0000000000108a40       0x74 C:/devkitPro/libctru/lib\libctru.a(apt.o)
                0x0000000000108a40                APT_AppletUtility
 .text.aptSetSleepAllowed
                0x0000000000108ab4       0xb0 C:/devkitPro/libctru/lib\libctru.a(apt.o)
                0x0000000000108ab4                aptSetSleepAllowed
 .text.APT_GlanceParameter
                0x0000000000108b64       0xb4 C:/devkitPro/libctru/lib\libctru.a(apt.o)
                0x0000000000108b64                APT_GlanceParameter
 .text.APT_ReceiveParameter
                0x0000000000108c18       0xc8 C:/devkitPro/libctru/lib\libctru.a(apt.o)
                0x0000000000108c18                APT_ReceiveParameter
 .text.aptReceiveParameter.constprop.0
                0x0000000000108ce0       0xbc C:/devkitPro/libctru/lib\libctru.a(apt.o)
 *fill*         0x0000000000108d9c        0x4 
 .text.aptScreenTransfer
                0x0000000000108da0      0x1e0 C:/devkitPro/libctru/lib\libctru.a(apt.o)
 .text.aptWaitForWakeUp
                0x0000000000108f80      0x210 C:/devkitPro/libctru/lib\libctru.a(apt.o)
 .text.APT_CancelParameter
                0x0000000000109190       0x70 C:/devkitPro/libctru/lib\libctru.a(apt.o)
                0x0000000000109190                APT_CancelParameter
 .text.aptInit  0x0000000000109200      0x25c C:/devkitPro/libctru/lib\libctru.a(apt.o)
                0x0000000000109200                aptInit
 .text.aptClearParamQueue
                0x000000000010945c       0x88 C:/devkitPro/libctru/lib\libctru.a(apt.o)
 .text.aptMainLoop
                0x00000000001094e4      0x264 C:/devkitPro/libctru/lib\libctru.a(apt.o)
                0x00000000001094e4                aptMainLoop
 .text.aptExit  0x0000000000109748      0x254 C:/devkitPro/libctru/lib\libctru.a(apt.o)
                0x0000000000109748                aptExit
 .text.APT_CheckNew3DS
                0x000000000010999c       0x7c C:/devkitPro/libctru/lib\libctru.a(apt.o)
                0x000000000010999c                APT_CheckNew3DS
 .text.hidCheckSectionUpdateTime.part.0
                0x0000000000109a18       0x28 C:/devkitPro/libctru/lib\libctru.a(hid.o)
 .text.hidExit  0x0000000000109a40       0xd0 C:/devkitPro/libctru/lib\libctru.a(hid.o)
                0x0000000000109a40                hidExit
 .text.hidScanInput
                0x0000000000109b10      0x1d8 C:/devkitPro/libctru/lib\libctru.a(hid.o)
                0x0000000000109b10                hidScanInput
 .text.hidKeysHeld
                0x0000000000109ce8       0x10 C:/devkitPro/libctru/lib\libctru.a(hid.o)
                0x0000000000109ce8                hidKeysHeld
 .text.hidKeysDown
                0x0000000000109cf8       0x10 C:/devkitPro/libctru/lib\libctru.a(hid.o)
                0x0000000000109cf8                hidKeysDown
 .text.HIDUSER_GetHandles
                0x0000000000109d08       0x90 C:/devkitPro/libctru/lib\libctru.a(hid.o)
                0x0000000000109d08                HIDUSER_GetHandles
 .text.hidInit  0x0000000000109d98      0x1a4 C:/devkitPro/libctru/lib\libctru.a(hid.o)
                0x0000000000109d98                hidInit
 .text.ptmSysmInit
                0x0000000000109f3c       0x74 C:/devkitPro/libctru/lib\libctru.a(ptmsysm.o)
                0x0000000000109f3c                ptmSysmInit
 .text.ptmSysmExit
                0x0000000000109fb0       0x3c C:/devkitPro/libctru/lib\libctru.a(ptmsysm.o)
                0x0000000000109fb0                ptmSysmExit
 .text.PTMSYSM_ConfigureNew3DSCPU
                0x0000000000109fec       0x34 C:/devkitPro/libctru/lib\libctru.a(ptmsysm.o)
                0x0000000000109fec                PTMSYSM_ConfigureNew3DSCPU
 .text.rbtree_init
                0x000000000010a020       0x14 C:/devkitPro/libctru/lib\libctru.a(rbtree_init.o)
                0x000000000010a020                rbtree_init
 .text.do_insert
                0x000000000010a034      0x1a4 C:/devkitPro/libctru/lib\libctru.a(rbtree_insert.o)
 .text.rbtree_insert
                0x000000000010a1d8        0x8 C:/devkitPro/libctru/lib\libctru.a(rbtree_insert.o)
                0x000000000010a1d8                rbtree_insert
 .text.rbtree_rotate
                0x000000000010a1e0       0x90 C:/devkitPro/libctru/lib\libctru.a(rbtree_rotate.o)
                0x000000000010a1e0                rbtree_rotate
 .text.rbtree_remove
                0x000000000010a270      0x334 C:/devkitPro/libctru/lib\libctru.a(rbtree_remove.o)
                0x000000000010a270                rbtree_remove
 .text.rbtree_find
                0x000000000010a5a4       0x74 C:/devkitPro/libctru/lib\libctru.a(rbtree_find.o)
                0x000000000010a5a4                rbtree_find
 .text.__libctru_init
                0x000000000010a618       0x38 C:/devkitPro/libctru/lib\libctru.a(initSystem.o)
                0x000000000010a618                __libctru_init
 .text.__libctru_nanosleep
                0x000000000010a650       0x34 C:/devkitPro/libctru/lib\libctru.a(syscalls.o)
 .text.__ctru_get_reent
                0x000000000010a684       0x30 C:/devkitPro/libctru/lib\libctru.a(syscalls.o)
 .text.__system_initSyscalls
                0x000000000010a6b4       0xfc C:/devkitPro/libctru/lib\libctru.a(syscalls.o)
                0x000000000010a6b4                __system_initSyscalls
 .text.__system_allocateHeaps
                0x000000000010a7b0      0x100 C:/devkitPro/libctru/lib\libctru.a(allocateHeaps.o)
                0x000000000010a7b0                __system_allocateHeaps
 .text.__system_initArgv
                0x000000000010a8b0       0xf0 C:/devkitPro/libctru/lib\libctru.a(initArgv.o)
                0x000000000010a8b0                __system_initArgv
 .text.svcControlMemory
                0x000000000010a9a0       0x20 C:/devkitPro/libctru/lib\libctru.a(svc.o)
                0x000000000010a9a0                svcControlMemory
 .text.svcExitProcess
                0x000000000010a9c0        0x8 C:/devkitPro/libctru/lib\libctru.a(svc.o)
                0x000000000010a9c0                svcExitProcess
 .text.svcCreateThread
                0x000000000010a9c8       0x20 C:/devkitPro/libctru/lib\libctru.a(svc.o)
                0x000000000010a9c8                svcCreateThread
 .text.svcExitThread
                0x000000000010a9e8        0x8 C:/devkitPro/libctru/lib\libctru.a(svc.o)
                0x000000000010a9e8                svcExitThread
 .text.svcSleepThread
                0x000000000010a9f0        0x8 C:/devkitPro/libctru/lib\libctru.a(svc.o)
                0x000000000010a9f0                svcSleepThread
 .text.svcReleaseMutex
                0x000000000010a9f8        0x8 C:/devkitPro/libctru/lib\libctru.a(svc.o)
                0x000000000010a9f8                svcReleaseMutex
 .text.svcCreateEvent
                0x000000000010aa00       0x14 C:/devkitPro/libctru/lib\libctru.a(svc.o)
                0x000000000010aa00                svcCreateEvent
 .text.svcSignalEvent
                0x000000000010aa14        0x8 C:/devkitPro/libctru/lib\libctru.a(svc.o)
                0x000000000010aa14                svcSignalEvent
 .text.svcClearEvent
                0x000000000010aa1c        0x8 C:/devkitPro/libctru/lib\libctru.a(svc.o)
                0x000000000010aa1c                svcClearEvent
 .text.svcMapMemoryBlock
                0x000000000010aa24        0x8 C:/devkitPro/libctru/lib\libctru.a(svc.o)
                0x000000000010aa24                svcMapMemoryBlock
 .text.svcUnmapMemoryBlock
                0x000000000010aa2c        0x8 C:/devkitPro/libctru/lib\libctru.a(svc.o)
                0x000000000010aa2c                svcUnmapMemoryBlock
 .text.svcCreateAddressArbiter
                0x000000000010aa34       0x14 C:/devkitPro/libctru/lib\libctru.a(svc.o)
                0x000000000010aa34                svcCreateAddressArbiter
 .text.svcArbitrateAddress
                0x000000000010aa48       0x18 C:/devkitPro/libctru/lib\libctru.a(svc.o)
                0x000000000010aa48                svcArbitrateAddress
 .text.svcCloseHandle
                0x000000000010aa60        0x8 C:/devkitPro/libctru/lib\libctru.a(svc.o)
                0x000000000010aa60                svcCloseHandle
 .text.svcWaitSynchronization
                0x000000000010aa68        0x8 C:/devkitPro/libctru/lib\libctru.a(svc.o)
                0x000000000010aa68                svcWaitSynchronization
 .text.svcWaitSynchronizationN
                0x000000000010aa70       0x28 C:/devkitPro/libctru/lib\libctru.a(svc.o)
                0x000000000010aa70                svcWaitSynchronizationN
 .text.svcDuplicateHandle
                0x000000000010aa98       0x14 C:/devkitPro/libctru/lib\libctru.a(svc.o)
                0x000000000010aa98                svcDuplicateHandle
 .text.svcGetSystemTick
                0x000000000010aaac        0x8 C:/devkitPro/libctru/lib\libctru.a(svc.o)
                0x000000000010aaac                svcGetSystemTick
 .text.svcGetSystemInfo
                0x000000000010aab4       0x18 C:/devkitPro/libctru/lib\libctru.a(svc.o)
                0x000000000010aab4                svcGetSystemInfo
 .text.svcConnectToPort
                0x000000000010aacc       0x14 C:/devkitPro/libctru/lib\libctru.a(svc.o)
                0x000000000010aacc                svcConnectToPort
 .text.svcSendSyncRequest
                0x000000000010aae0        0x8 C:/devkitPro/libctru/lib\libctru.a(svc.o)
                0x000000000010aae0                svcSendSyncRequest
 .text.svcBreak
                0x000000000010aae8        0x8 C:/devkitPro/libctru/lib\libctru.a(svc.o)
                0x000000000010aae8                svcBreak
 .text._ZL21addrMapNodeComparatorPK11rbtree_nodeS1_
                0x000000000010aaf0       0x24 C:/devkitPro/libctru/lib\libctru.a(mappable.o)
 .text._ZL21addrMapNodeDestructorP11rbtree_node
                0x000000000010ab14        0x4 C:/devkitPro/libctru/lib\libctru.a(mappable.o)
 .text.mappableAlloc
                0x000000000010ab18       0xe8 C:/devkitPro/libctru/lib\libctru.a(mappable.o)
                0x000000000010ab18                mappableAlloc
 .text.mappableFree
                0x000000000010ac00       0x54 C:/devkitPro/libctru/lib\libctru.a(mappable.o)
                0x000000000010ac00                mappableFree
 .text.LightLock_Unlock.part.0
                0x000000000010ac54       0x38 C:/devkitPro/libctru/lib\libctru.a(synchronization.o)
 .text.__sync_init
                0x000000000010ac8c        0xc C:/devkitPro/libctru/lib\libctru.a(synchronization.o)
                0x000000000010ac8c                __sync_init
 .text.__sync_fini
                0x000000000010ac98       0x18 C:/devkitPro/libctru/lib\libctru.a(synchronization.o)
                0x000000000010ac98                __sync_fini
 .text.__sync_get_arbiter
                0x000000000010acb0       0x10 C:/devkitPro/libctru/lib\libctru.a(synchronization.o)
                0x000000000010acb0                __sync_get_arbiter
 .text.LightLock_Init
                0x000000000010acc0       0x18 C:/devkitPro/libctru/lib\libctru.a(synchronization.o)
                0x000000000010acc0                LightLock_Init
 .text.LightLock_Lock
                0x000000000010acd8       0x90 C:/devkitPro/libctru/lib\libctru.a(synchronization.o)
                0x000000000010acd8                LightLock_Lock
 .text.LightLock_TryLock
                0x000000000010ad68       0x34 C:/devkitPro/libctru/lib\libctru.a(synchronization.o)
                0x000000000010ad68                LightLock_TryLock
 .text.LightLock_Unlock
                0x000000000010ad9c       0x20 C:/devkitPro/libctru/lib\libctru.a(synchronization.o)
                0x000000000010ad9c                LightLock_Unlock
 .text.RecursiveLock_Init
                0x000000000010adbc       0x24 C:/devkitPro/libctru/lib\libctru.a(synchronization.o)
                0x000000000010adbc                RecursiveLock_Init
 .text.RecursiveLock_Lock
                0x000000000010ade0       0x30 C:/devkitPro/libctru/lib\libctru.a(synchronization.o)
                0x000000000010ade0                RecursiveLock_Lock
 .text.RecursiveLock_TryLock
                0x000000000010ae10       0x58 C:/devkitPro/libctru/lib\libctru.a(synchronization.o)
                0x000000000010ae10                RecursiveLock_TryLock
 .text.RecursiveLock_Unlock
                0x000000000010ae68       0x38 C:/devkitPro/libctru/lib\libctru.a(synchronization.o)
                0x000000000010ae68                RecursiveLock_Unlock
 .text.LightEvent_Init
                0x000000000010aea0       0x38 C:/devkitPro/libctru/lib\libctru.a(synchronization.o)
                0x000000000010aea0                LightEvent_Init
 .text.LightEvent_Clear
                0x000000000010aed8       0x7c C:/devkitPro/libctru/lib\libctru.a(synchronization.o)
                0x000000000010aed8                LightEvent_Clear
 .text.LightEvent_Signal
                0x000000000010af54       0xdc C:/devkitPro/libctru/lib\libctru.a(synchronization.o)
                0x000000000010af54                LightEvent_Signal
 .text.LightEvent_Wait
                0x000000000010b030       0xc0 C:/devkitPro/libctru/lib\libctru.a(synchronization.o)
                0x000000000010b030                LightEvent_Wait
 .text.srvExit  0x000000000010b0f0       0x58 C:/devkitPro/libctru/lib\libctru.a(srv.o)
                0x000000000010b0f0                srvExit
 .text.srvRegisterClient
                0x000000000010b148       0x38 C:/devkitPro/libctru/lib\libctru.a(srv.o)
                0x000000000010b148                srvRegisterClient
 .text.srvInit  0x000000000010b180       0xcc C:/devkitPro/libctru/lib\libctru.a(srv.o)
                0x000000000010b180                srvInit
 .text.srvGetServiceHandleDirect
                0x000000000010b24c       0x80 C:/devkitPro/libctru/lib\libctru.a(srv.o)
                0x000000000010b24c                srvGetServiceHandleDirect
 .text.srvGetServiceHandle
                0x000000000010b2cc       0x48 C:/devkitPro/libctru/lib\libctru.a(srv.o)
                0x000000000010b2cc                srvGetServiceHandle
 .text.threadFree.part.0
                0x000000000010b314       0x1c C:/devkitPro/libctru/lib\libctru.a(thread.o)
 .text.threadCreate
                0x000000000010b330      0x180 C:/devkitPro/libctru/lib\libctru.a(thread.o)
                0x000000000010b330                threadCreate
 .text.threadJoin
                0x000000000010b4b0       0x24 C:/devkitPro/libctru/lib\libctru.a(thread.o)
                0x000000000010b4b0                threadJoin
 .text.threadExit
                0x000000000010b4d4       0x68 C:/devkitPro/libctru/lib\libctru.a(thread.o)
                0x000000000010b4d4                threadExit
 .text._thread_begin
                0x000000000010b53c       0x48 C:/devkitPro/libctru/lib\libctru.a(thread.o)
 .text.irrstScanInput
                0x000000000010b584       0xac C:/devkitPro/libctru/lib\libctru.a(irrst.o)
                0x000000000010b584                irrstScanInput
 .text.irrstKeysHeld
                0x000000000010b630       0x24 C:/devkitPro/libctru/lib\libctru.a(irrst.o)
                0x000000000010b630                irrstKeysHeld
 .text.IRRST_GetHandles
                0x000000000010b654       0x50 C:/devkitPro/libctru/lib\libctru.a(irrst.o)
                0x000000000010b654                IRRST_GetHandles
 .text.irrstInit
                0x000000000010b6a4      0x154 C:/devkitPro/libctru/lib\libctru.a(irrst.o)
                0x000000000010b6a4                irrstInit
 .text.IRRST_Shutdown
                0x000000000010b7f8       0x2c C:/devkitPro/libctru/lib\libctru.a(irrst.o)
                0x000000000010b7f8                IRRST_Shutdown
 .text.irrstExit
                0x000000000010b824       0xac C:/devkitPro/libctru/lib\libctru.a(irrst.o)
                0x000000000010b824                irrstExit
 .text.srvPmGetSessionHandle
                0x000000000010b8d0        0xc C:/devkitPro/libctru/lib\libctru.a(srvpm.o)
                0x000000000010b8d0                srvPmGetSessionHandle
 .text.rbtree_node_next
                0x000000000010b8dc       0x50 C:/devkitPro/libctru/lib\libctru.a(rbtree_iterator.o)
                0x000000000010b8dc                rbtree_node_next
 .text.__appInit
                0x000000000010b92c       0x1c C:/devkitPro/libctru/lib\libctru.a(appInit.o)
                0x000000000010b92c                __appInit
 .text.__appExit
                0x000000000010b948       0x1c C:/devkitPro/libctru/lib\libctru.a(appExit.o)
                0x000000000010b948                __appExit
 .text.__libctru_exit
                0x000000000010b964       0xa0 C:/devkitPro/libctru/lib\libctru.a(ctru_exit.o)
                0x000000000010b964                __libctru_exit
 .text.envGetHandle
                0x000000000010ba04       0x84 C:/devkitPro/libctru/lib\libctru.a(env.o)
                0x000000000010ba04                envGetHandle
 .text.envDestroyHandles
                0x000000000010ba88       0x4c C:/devkitPro/libctru/lib\libctru.a(env.o)
                0x000000000010ba88                envDestroyHandles
 .text.sdmc_link
                0x000000000010bad4       0x14 C:/devkitPro/libctru/lib\libctru.a(sdmc_dev.o)
 .text.sdmc_dirreset
                0x000000000010bae8       0x14 C:/devkitPro/libctru/lib\libctru.a(sdmc_dev.o)
 .text.sdmc_chmod
                0x000000000010bafc       0x14 C:/devkitPro/libctru/lib\libctru.a(sdmc_dev.o)
 .text.error_cmp
                0x000000000010bb10       0x24 C:/devkitPro/libctru/lib\libctru.a(sdmc_dev.o)
 .text.sdmc_translate_error
                0x000000000010bb34       0x50 C:/devkitPro/libctru/lib\libctru.a(sdmc_dev.o)
 .text.sdmc_fsync
                0x000000000010bb84       0x34 C:/devkitPro/libctru/lib\libctru.a(sdmc_dev.o)
 .text.sdmc_ftruncate
                0x000000000010bbb8       0x54 C:/devkitPro/libctru/lib\libctru.a(sdmc_dev.o)
 .text.sdmc_statvfs
                0x000000000010bc0c       0xbc C:/devkitPro/libctru/lib\libctru.a(sdmc_dev.o)
 .text.sdmc_dirclose
                0x000000000010bcc8       0x38 C:/devkitPro/libctru/lib\libctru.a(sdmc_dev.o)
 .text.sdmc_dirnext
                0x000000000010bd00      0x13c C:/devkitPro/libctru/lib\libctru.a(sdmc_dev.o)
 .text.sdmc_close
                0x000000000010be3c       0x34 C:/devkitPro/libctru/lib\libctru.a(sdmc_dev.o)
 .text.sdmc_fstat
                0x000000000010be70       0x70 C:/devkitPro/libctru/lib\libctru.a(sdmc_dev.o)
 .text.sdmc_seek
                0x000000000010bee0       0xd4 C:/devkitPro/libctru/lib\libctru.a(sdmc_dev.o)
 .text.sdmc_read
                0x000000000010bfb4       0x78 C:/devkitPro/libctru/lib\libctru.a(sdmc_dev.o)
 .text.sdmc_write
                0x000000000010c02c       0xac C:/devkitPro/libctru/lib\libctru.a(sdmc_dev.o)
 .text.sdmc_utf16path
                0x000000000010c0d8      0x1b0 C:/devkitPro/libctru/lib\libctru.a(sdmc_dev.o)
 .text.sdmc_rmdir
                0x000000000010c288       0x74 C:/devkitPro/libctru/lib\libctru.a(sdmc_dev.o)
 .text.sdmc_diropen
                0x000000000010c2fc       0xa4 C:/devkitPro/libctru/lib\libctru.a(sdmc_dev.o)
 .text.sdmc_chdir
                0x000000000010c3a0       0xac C:/devkitPro/libctru/lib\libctru.a(sdmc_dev.o)
 .text.sdmc_mkdir
                0x000000000010c44c       0x98 C:/devkitPro/libctru/lib\libctru.a(sdmc_dev.o)
 .text.sdmc_rename
                0x000000000010c4e4      0x108 C:/devkitPro/libctru/lib\libctru.a(sdmc_dev.o)
 .text.sdmc_unlink
                0x000000000010c5ec       0x74 C:/devkitPro/libctru/lib\libctru.a(sdmc_dev.o)
 .text.sdmc_stat
                0x000000000010c660      0x108 C:/devkitPro/libctru/lib\libctru.a(sdmc_dev.o)
 .text.sdmc_open
                0x000000000010c768      0x198 C:/devkitPro/libctru/lib\libctru.a(sdmc_dev.o)
 .text.sdmc_fchmod
                0x000000000010c900       0x14 C:/devkitPro/libctru/lib\libctru.a(sdmc_dev.o)
 .text.sdmcInit
                0x000000000010c914      0x168 C:/devkitPro/libctru/lib\libctru.a(sdmc_dev.o)
                0x000000000010c914                sdmcInit
 .text.sdmcExit
                0x000000000010ca7c       0x60 C:/devkitPro/libctru/lib\libctru.a(sdmc_dev.o)
                0x000000000010ca7c                sdmcExit
 .text.fsSessionForArchive.part.0
                0x000000000010cadc       0x28 C:/devkitPro/libctru/lib\libctru.a(fs.o)
 .text.fsInit   0x000000000010cb04       0xc4 C:/devkitPro/libctru/lib\libctru.a(fs.o)
                0x000000000010cb04                fsInit
 .text.fsExit   0x000000000010cbc8       0x3c C:/devkitPro/libctru/lib\libctru.a(fs.o)
                0x000000000010cbc8                fsExit
 .text.fsExemptFromSession
                0x000000000010cc04       0x64 C:/devkitPro/libctru/lib\libctru.a(fs.o)
                0x000000000010cc04                fsExemptFromSession
 .text.fsUnexemptFromSession
                0x000000000010cc68       0x5c C:/devkitPro/libctru/lib\libctru.a(fs.o)
                0x000000000010cc68                fsUnexemptFromSession
 .text.FSUSER_OpenFile
                0x000000000010ccc4       0xbc C:/devkitPro/libctru/lib\libctru.a(fs.o)
                0x000000000010ccc4                FSUSER_OpenFile
 .text.FSUSER_DeleteFile
                0x000000000010cd80       0xac C:/devkitPro/libctru/lib\libctru.a(fs.o)
                0x000000000010cd80                FSUSER_DeleteFile
 .text.FSUSER_RenameFile
                0x000000000010ce2c       0xe8 C:/devkitPro/libctru/lib\libctru.a(fs.o)
                0x000000000010ce2c                FSUSER_RenameFile
 .text.FSUSER_DeleteDirectory
                0x000000000010cf14       0xac C:/devkitPro/libctru/lib\libctru.a(fs.o)
                0x000000000010cf14                FSUSER_DeleteDirectory
 .text.FSUSER_CreateFile
                0x000000000010cfc0       0xc4 C:/devkitPro/libctru/lib\libctru.a(fs.o)
                0x000000000010cfc0                FSUSER_CreateFile
 .text.FSUSER_CreateDirectory
                0x000000000010d084       0xb4 C:/devkitPro/libctru/lib\libctru.a(fs.o)
                0x000000000010d084                FSUSER_CreateDirectory
 .text.FSUSER_RenameDirectory
                0x000000000010d138       0xe8 C:/devkitPro/libctru/lib\libctru.a(fs.o)
                0x000000000010d138                FSUSER_RenameDirectory
 .text.FSUSER_OpenDirectory
                0x000000000010d220       0xa0 C:/devkitPro/libctru/lib\libctru.a(fs.o)
                0x000000000010d220                FSUSER_OpenDirectory
 .text.FSUSER_OpenArchive
                0x000000000010d2c0       0x98 C:/devkitPro/libctru/lib\libctru.a(fs.o)
                0x000000000010d2c0                FSUSER_OpenArchive
 .text.FSUSER_CloseArchive
                0x000000000010d358       0x78 C:/devkitPro/libctru/lib\libctru.a(fs.o)
                0x000000000010d358                FSUSER_CloseArchive
 .text.FSUSER_GetSdmcArchiveResource
                0x000000000010d3d0       0x78 C:/devkitPro/libctru/lib\libctru.a(fs.o)
                0x000000000010d3d0                FSUSER_GetSdmcArchiveResource
 .text.FSUSER_IsSdmcWritable
                0x000000000010d448       0x64 C:/devkitPro/libctru/lib\libctru.a(fs.o)
                0x000000000010d448                FSUSER_IsSdmcWritable
 .text.FSFILE_Read
                0x000000000010d4ac       0x5c C:/devkitPro/libctru/lib\libctru.a(fs.o)
                0x000000000010d4ac                FSFILE_Read
 .text.FSFILE_Write
                0x000000000010d508       0x64 C:/devkitPro/libctru/lib\libctru.a(fs.o)
                0x000000000010d508                FSFILE_Write
 .text.FSFILE_GetSize
                0x000000000010d56c       0x38 C:/devkitPro/libctru/lib\libctru.a(fs.o)
                0x000000000010d56c                FSFILE_GetSize
 .text.FSFILE_SetSize
                0x000000000010d5a4       0x28 C:/devkitPro/libctru/lib\libctru.a(fs.o)
                0x000000000010d5a4                FSFILE_SetSize
 .text.FSFILE_Close
                0x000000000010d5cc       0x3c C:/devkitPro/libctru/lib\libctru.a(fs.o)
                0x000000000010d5cc                FSFILE_Close
 .text.FSFILE_Flush
                0x000000000010d608       0x24 C:/devkitPro/libctru/lib\libctru.a(fs.o)
                0x000000000010d608                FSFILE_Flush
 .text.FSDIR_Read
                0x000000000010d62c       0x54 C:/devkitPro/libctru/lib\libctru.a(fs.o)
                0x000000000010d62c                FSDIR_Read
 .text.FSDIR_Close
                0x000000000010d680       0x3c C:/devkitPro/libctru/lib\libctru.a(fs.o)
                0x000000000010d680                FSDIR_Close
 .text.utf16_to_utf8
                0x000000000010d6bc       0xe8 C:/devkitPro/libctru/lib\libctru.a(utf16_to_utf8.o)
                0x000000000010d6bc                utf16_to_utf8
 .text.decode_utf16
                0x000000000010d7a4       0x60 C:/devkitPro/libctru/lib\libctru.a(decode_utf16.o)
                0x000000000010d7a4                decode_utf16
 .text.decode_utf8
                0x000000000010d804      0x138 C:/devkitPro/libctru/lib\libctru.a(decode_utf8.o)
                0x000000000010d804                decode_utf8
 .text.utf8_to_utf16
                0x000000000010d93c       0xc0 C:/devkitPro/libctru/lib\libctru.a(utf8_to_utf16.o)
                0x000000000010d93c                utf8_to_utf16
 .text.__aeabi_read_tp
                0x000000000010d9fc        0xc C:/devkitPro/libctru/lib\libctru.a(readtp.o)
                0x000000000010d9fc                __aeabi_read_tp
 .text.encode_utf16
                0x000000000010da08       0x68 C:/devkitPro/libctru/lib\libctru.a(encode_utf16.o)
                0x000000000010da08                encode_utf16
 .text.encode_utf8
                0x000000000010da70      0x104 C:/devkitPro/libctru/lib\libctru.a(encode_utf8.o)
                0x000000000010da70                encode_utf8
 .text.__fixdfdi
                0x000000000010db74       0x38 c:/devkitpro/devkitarm/bin/../lib/gcc/arm-none-eabi/9.1.0/armv6k/fpu\libgcc.a(_fixdfdi.o)
                0x000000000010db74                __fixdfdi
                0x000000000010db74                __aeabi_d2lz
 *fill*         0x000000000010dbac        0x4 
 .text.__fixunsdfdi
                0x000000000010dbb0       0x40 c:/devkitpro/devkitarm/bin/../lib/gcc/arm-none-eabi/9.1.0/armv6k/fpu\libgcc.a(_fixunsdfdi.o)
                0x000000000010dbb0                __fixunsdfdi
                0x000000000010dbb0                __aeabi_d2ulz
 .text.__udivmoddi4
                0x000000000010dbf0      0x130 c:/devkitpro/devkitarm/bin/../lib/gcc/arm-none-eabi/9.1.0/armv6k/fpu\libgcc.a(_udivmoddi4.o)
                0x000000000010dbf0                __udivmoddi4
 .text.bsearch  0x000000000010dd20       0x7c c:/devkitpro/devkitarm/bin/../lib/gcc/arm-none-eabi/9.1.0/../../../../arm-none-eabi/lib/armv6k/fpu\libg.a(lib_a-bsearch.o)
                0x000000000010dd20                bsearch
 .text.calloc   0x000000000010dd9c       0x28 c:/devkitpro/devkitarm/bin/../lib/gcc/arm-none-eabi/9.1.0/../../../../arm-none-eabi/lib/armv6k/fpu\libg.a(lib_a-calloc.o)
                0x000000000010dd9c                calloc
 .text._calloc_r
                0x000000000010ddc4       0x94 c:/devkitpro/devkitarm/bin/../lib/gcc/arm-none-eabi/9.1.0/../../../../arm-none-eabi/lib/armv6k/fpu\libg.a(lib_a-callocr.o)
                0x000000000010ddc4                _calloc_r
 .text.exit     0x000000000010de58       0x34 c:/devkitpro/devkitarm/bin/../lib/gcc/arm-none-eabi/9.1.0/../../../../arm-none-eabi/lib/armv6k/fpu\libg.a(lib_a-exit.o)
                0x000000000010de58                exit
 .text.__libc_fini_array
                0x000000000010de8c       0x3c c:/devkitpro/devkitarm/bin/../lib/gcc/arm-none-eabi/9.1.0/../../../../arm-none-eabi/lib/armv6k/fpu\libg.a(lib_a-fini.o)
                0x000000000010de8c                __libc_fini_array
 .text.__libc_init_array
                0x000000000010dec8       0x7c c:/devkitpro/devkitarm/bin/../lib/gcc/arm-none-eabi/9.1.0/../../../../arm-none-eabi/lib/armv6k/fpu\libg.a(lib_a-init.o)
                0x000000000010dec8                __libc_init_array
 .text.memalign
                0x000000000010df44       0x28 c:/devkitpro/devkitarm/bin/../lib/gcc/arm-none-eabi/9.1.0/../../../../arm-none-eabi/lib/armv6k/fpu\libg.a(lib_a-malign.o)
                0x000000000010df44                memalign
 .text._memalign_r
                0x000000000010df6c      0x14c c:/devkitpro/devkitarm/bin/../lib/gcc/arm-none-eabi/9.1.0/../../../../arm-none-eabi/lib/armv6k/fpu\libg.a(lib_a-malignr.o)
                0x000000000010df6c                _memalign_r
 .text.malloc   0x000000000010e0b8       0x20 c:/devkitpro/devkitarm/bin/../lib/gcc/arm-none-eabi/9.1.0/../../../../arm-none-eabi/lib/armv6k/fpu\libg.a(lib_a-malloc.o)
                0x000000000010e0b8                malloc
 .text.free     0x000000000010e0d8       0x20 c:/devkitpro/devkitarm/bin/../lib/gcc/arm-none-eabi/9.1.0/../../../../arm-none-eabi/lib/armv6k/fpu\libg.a(lib_a-malloc.o)
                0x000000000010e0d8                free
 .text._malloc_r
                0x000000000010e0f8      0x7d0 c:/devkitpro/devkitarm/bin/../lib/gcc/arm-none-eabi/9.1.0/../../../../arm-none-eabi/lib/armv6k/fpu\libg.a(lib_a-mallocr.o)
                0x000000000010e0f8                _malloc_r
 .text.memchr   0x000000000010e8c8       0xe0 c:/devkitpro/devkitarm/bin/../lib/gcc/arm-none-eabi/9.1.0/../../../../arm-none-eabi/lib/armv6k/fpu\libg.a(lib_a-memchr-stub.o)
                0x000000000010e8c8                memchr
 .text.memcpy   0x000000000010e9a8      0x120 c:/devkitpro/devkitarm/bin/../lib/gcc/arm-none-eabi/9.1.0/../../../../arm-none-eabi/lib/armv6k/fpu\libg.a(lib_a-memcpy-stub.o)
                0x000000000010e9a8                memcpy
 .text.memset   0x000000000010eac8      0x118 c:/devkitpro/devkitarm/bin/../lib/gcc/arm-none-eabi/9.1.0/../../../../arm-none-eabi/lib/armv6k/fpu\libg.a(lib_a-memset.o)
                0x000000000010eac8                memset
 .text.__malloc_lock
                0x000000000010ebe0        0xc c:/devkitpro/devkitarm/bin/../lib/gcc/arm-none-eabi/9.1.0/../../../../arm-none-eabi/lib/armv6k/fpu\libg.a(lib_a-mlock.o)
                0x000000000010ebe0                __malloc_lock
 .text.__malloc_unlock
                0x000000000010ebec        0xc c:/devkitpro/devkitarm/bin/../lib/gcc/arm-none-eabi/9.1.0/../../../../arm-none-eabi/lib/armv6k/fpu\libg.a(lib_a-mlock.o)
                0x000000000010ebec                __malloc_unlock
 .text.printf   0x000000000010ebf8       0x34 c:/devkitpro/devkitarm/bin/../lib/gcc/arm-none-eabi/9.1.0/../../../../arm-none-eabi/lib/armv6k/fpu\libg.a(lib_a-printf.o)
                0x000000000010ebf8                printf
 .text.setvbuf  0x000000000010ec2c      0x260 c:/devkitpro/devkitarm/bin/../lib/gcc/arm-none-eabi/9.1.0/../../../../arm-none-eabi/lib/armv6k/fpu\libg.a(lib_a-setvbuf.o)
                0x000000000010ec2c                setvbuf
 .text.sscanf   0x000000000010ee8c       0x74 c:/devkitpro/devkitarm/bin/../lib/gcc/arm-none-eabi/9.1.0/../../../../arm-none-eabi/lib/armv6k/fpu\libg.a(lib_a-sscanf.o)
                0x000000000010ee8c                sscanf
 .text.__sread  0x000000000010ef00       0x3c c:/devkitpro/devkitarm/bin/../lib/gcc/arm-none-eabi/9.1.0/../../../../arm-none-eabi/lib/armv6k/fpu\libg.a(lib_a-stdio.o)
                0x000000000010ef00                __sread
 .text.__seofread
                0x000000000010ef3c        0x8 c:/devkitpro/devkitarm/bin/../lib/gcc/arm-none-eabi/9.1.0/../../../../arm-none-eabi/lib/armv6k/fpu\libg.a(lib_a-stdio.o)
                0x000000000010ef3c                __seofread
 .text.__swrite
                0x000000000010ef44       0x68 c:/devkitpro/devkitarm/bin/../lib/gcc/arm-none-eabi/9.1.0/../../../../arm-none-eabi/lib/armv6k/fpu\libg.a(lib_a-stdio.o)
                0x000000000010ef44                __swrite
 .text.__sseek  0x000000000010efac       0x58 c:/devkitpro/devkitarm/bin/../lib/gcc/arm-none-eabi/9.1.0/../../../../arm-none-eabi/lib/armv6k/fpu\libg.a(lib_a-stdio.o)
                0x000000000010efac                __sseek
 .text.__sclose
                0x000000000010f004        0x8 c:/devkitpro/devkitarm/bin/../lib/gcc/arm-none-eabi/9.1.0/../../../../arm-none-eabi/lib/armv6k/fpu\libg.a(lib_a-stdio.o)
                0x000000000010f004                __sclose
 .text.strlen   0x000000000010f00c       0x5c c:/devkitpro/devkitarm/bin/../lib/gcc/arm-none-eabi/9.1.0/../../../../arm-none-eabi/lib/armv6k/fpu\libg.a(lib_a-strlen-stub.o)
                0x000000000010f00c                strlen
 .text.strncat  0x000000000010f068       0x98 c:/devkitpro/devkitarm/bin/../lib/gcc/arm-none-eabi/9.1.0/../../../../arm-none-eabi/lib/armv6k/fpu\libg.a(lib_a-strncat.o)
                0x000000000010f068                strncat
 .text.strncpy  0x000000000010f100       0xc0 c:/devkitpro/devkitarm/bin/../lib/gcc/arm-none-eabi/9.1.0/../../../../arm-none-eabi/lib/armv6k/fpu\libg.a(lib_a-strncpy.o)
                0x000000000010f100                strncpy
 .text.strnlen  0x000000000010f1c0       0x48 c:/devkitpro/devkitarm/bin/../lib/gcc/arm-none-eabi/9.1.0/../../../../arm-none-eabi/lib/armv6k/fpu\libg.a(lib_a-strnlen.o)
                0x000000000010f1c0                strnlen
 .text.get_arg  0x000000000010f208       0x48 c:/devkitpro/devkitarm/bin/../lib/gcc/arm-none-eabi/9.1.0/../../../../arm-none-eabi/lib/armv6k/fpu\libg.a(lib_a-svfscanf.o)
 .text.__ssvfscanf_r
                0x000000000010f250     0x2b84 c:/devkitpro/devkitarm/bin/../lib/gcc/arm-none-eabi/9.1.0/../../../../arm-none-eabi/lib/armv6k/fpu\libg.a(lib_a-svfscanf.o)
                0x000000000010f250                __ssvfscanf_r
 .text.__sprint_r
                0x0000000000111dd4       0x34 c:/devkitpro/devkitarm/bin/../lib/gcc/arm-none-eabi/9.1.0/../../../../arm-none-eabi/lib/armv6k/fpu\libg.a(lib_a-vfiprintf.o)
                0x0000000000111dd4                __sprint_r
 .text.get_arg  0x0000000000111e08      0x650 c:/devkitpro/devkitarm/bin/../lib/gcc/arm-none-eabi/9.1.0/../../../../arm-none-eabi/lib/armv6k/fpu\libg.a(lib_a-vfprintf.o)
 .text._vfprintf_r
                0x0000000000112458     0x38e0 c:/devkitpro/devkitarm/bin/../lib/gcc/arm-none-eabi/9.1.0/../../../../arm-none-eabi/lib/armv6k/fpu\libg.a(lib_a-vfprintf.o)
                0x0000000000112458                _vfprintf_r
 .text.__sbprintf
                0x0000000000115d38       0xd4 c:/devkitpro/devkitarm/bin/../lib/gcc/arm-none-eabi/9.1.0/../../../../arm-none-eabi/lib/armv6k/fpu\libg.a(lib_a-vfprintf.o)
 .text._wcrtomb_r
                0x0000000000115e0c       0x54 c:/devkitpro/devkitarm/bin/../lib/gcc/arm-none-eabi/9.1.0/../../../../arm-none-eabi/lib/armv6k/fpu\libg.a(lib_a-wcrtomb.o)
                0x0000000000115e0c                _wcrtomb_r
 .text._wcsrtombs_r
                0x0000000000115e60       0x20 c:/devkitpro/devkitarm/bin/../lib/gcc/arm-none-eabi/9.1.0/../../../../arm-none-eabi/lib/armv6k/fpu\libg.a(lib_a-wcsrtombs.o)
                0x0000000000115e60                _wcsrtombs_r
 .text.__swsetup_r
                0x0000000000115e80      0x150 c:/devkitpro/devkitarm/bin/../lib/gcc/arm-none-eabi/9.1.0/../../../../arm-none-eabi/lib/armv6k/fpu\libg.a(lib_a-wsetup.o)
                0x0000000000115e80                __swsetup_r
 .text.__call_exitprocs
                0x0000000000115fd0      0x118 c:/devkitpro/devkitarm/bin/../lib/gcc/arm-none-eabi/9.1.0/../../../../arm-none-eabi/lib/armv6k/fpu\libg.a(lib_a-__call_atexit.o)
                0x0000000000115fd0                __call_exitprocs
 .text.quorem   0x00000000001160e8      0x1a8 c:/devkitpro/devkitarm/bin/../lib/gcc/arm-none-eabi/9.1.0/../../../../arm-none-eabi/lib/armv6k/fpu\libg.a(lib_a-dtoa.o)
 .text._dtoa_r  0x0000000000116290     0x12ac c:/devkitpro/devkitarm/bin/../lib/gcc/arm-none-eabi/9.1.0/../../../../arm-none-eabi/lib/armv6k/fpu\libg.a(lib_a-dtoa.o)
                0x0000000000116290                _dtoa_r
 .text.__sflush_r
                0x000000000011753c      0x278 c:/devkitpro/devkitarm/bin/../lib/gcc/arm-none-eabi/9.1.0/../../../../arm-none-eabi/lib/armv6k/fpu\libg.a(lib_a-fflush.o)
                0x000000000011753c                __sflush_r
 .text._fflush_r
                0x00000000001177b4       0x94 c:/devkitpro/devkitarm/bin/../lib/gcc/arm-none-eabi/9.1.0/../../../../arm-none-eabi/lib/armv6k/fpu\libg.a(lib_a-fflush.o)
                0x00000000001177b4                _fflush_r
 .text.std      0x0000000000117848       0x78 c:/devkitpro/devkitarm/bin/../lib/gcc/arm-none-eabi/9.1.0/../../../../arm-none-eabi/lib/armv6k/fpu\libg.a(lib_a-findfp.o)
 .text._cleanup_r
                0x00000000001178c0        0xc c:/devkitpro/devkitarm/bin/../lib/gcc/arm-none-eabi/9.1.0/../../../../arm-none-eabi/lib/armv6k/fpu\libg.a(lib_a-findfp.o)
                0x00000000001178c0                _cleanup_r
 .text.__sinit  0x00000000001178cc       0x8c c:/devkitpro/devkitarm/bin/../lib/gcc/arm-none-eabi/9.1.0/../../../../arm-none-eabi/lib/armv6k/fpu\libg.a(lib_a-findfp.o)
                0x00000000001178cc                __sinit
 .text.__sfp_lock_acquire
                0x0000000000117958        0xc c:/devkitpro/devkitarm/bin/../lib/gcc/arm-none-eabi/9.1.0/../../../../arm-none-eabi/lib/armv6k/fpu\libg.a(lib_a-findfp.o)
                0x0000000000117958                __sfp_lock_acquire
 .text.__sfp_lock_release
                0x0000000000117964        0xc c:/devkitpro/devkitarm/bin/../lib/gcc/arm-none-eabi/9.1.0/../../../../arm-none-eabi/lib/armv6k/fpu\libg.a(lib_a-findfp.o)
                0x0000000000117964                __sfp_lock_release
 .text._malloc_trim_r
                0x0000000000117970       0xf8 c:/devkitpro/devkitarm/bin/../lib/gcc/arm-none-eabi/9.1.0/../../../../arm-none-eabi/lib/armv6k/fpu\libg.a(lib_a-freer.o)
                0x0000000000117970                _malloc_trim_r
 .text._free_r  0x0000000000117a68      0x2e8 c:/devkitpro/devkitarm/bin/../lib/gcc/arm-none-eabi/9.1.0/../../../../arm-none-eabi/lib/armv6k/fpu\libg.a(lib_a-freer.o)
                0x0000000000117a68                _free_r
 .text.__sfvwrite_r
                0x0000000000117d50      0x4a4 c:/devkitpro/devkitarm/bin/../lib/gcc/arm-none-eabi/9.1.0/../../../../arm-none-eabi/lib/armv6k/fpu\libg.a(lib_a-fvwrite.o)
                0x0000000000117d50                __sfvwrite_r
 .text._fwalk_reent
                0x00000000001181f4       0x70 c:/devkitpro/devkitarm/bin/../lib/gcc/arm-none-eabi/9.1.0/../../../../arm-none-eabi/lib/armv6k/fpu\libg.a(lib_a-fwalk.o)
                0x00000000001181f4                _fwalk_reent
 .text.iswspace
                0x0000000000118264        0x8 c:/devkitpro/devkitarm/bin/../lib/gcc/arm-none-eabi/9.1.0/../../../../arm-none-eabi/lib/armv6k/fpu\libg.a(lib_a-iswspace.o)
                0x0000000000118264                iswspace
 .text._localeconv_r
                0x000000000011826c        0xc c:/devkitpro/devkitarm/bin/../lib/gcc/arm-none-eabi/9.1.0/../../../../arm-none-eabi/lib/armv6k/fpu\libg.a(lib_a-localeconv.o)
                0x000000000011826c                _localeconv_r
 .text.__locale_mb_cur_max
                0x0000000000118278       0x10 c:/devkitpro/devkitarm/bin/../lib/gcc/arm-none-eabi/9.1.0/../../../../arm-none-eabi/lib/armv6k/fpu\libg.a(lib_a-locale.o)
                0x0000000000118278                __locale_mb_cur_max
 .text.__swhatbuf_r
                0x0000000000118288       0x94 c:/devkitpro/devkitarm/bin/../lib/gcc/arm-none-eabi/9.1.0/../../../../arm-none-eabi/lib/armv6k/fpu\libg.a(lib_a-makebuf.o)
                0x0000000000118288                __swhatbuf_r
 .text.__smakebuf_r
                0x000000000011831c       0xf8 c:/devkitpro/devkitarm/bin/../lib/gcc/arm-none-eabi/9.1.0/../../../../arm-none-eabi/lib/armv6k/fpu\libg.a(lib_a-makebuf.o)
                0x000000000011831c                __smakebuf_r
 .text._mbrtowc_r
                0x0000000000118414       0x60 c:/devkitpro/devkitarm/bin/../lib/gcc/arm-none-eabi/9.1.0/../../../../arm-none-eabi/lib/armv6k/fpu\libg.a(lib_a-mbrtowc.o)
                0x0000000000118414                _mbrtowc_r
 .text.__utf8_mbtowc
                0x0000000000118474      0x2fc c:/devkitpro/devkitarm/bin/../lib/gcc/arm-none-eabi/9.1.0/../../../../arm-none-eabi/lib/armv6k/fpu\libg.a(lib_a-mbtowc_r.o)
                0x0000000000118474                __utf8_mbtowc
 .text.memmove  0x0000000000118770      0x154 c:/devkitpro/devkitarm/bin/../lib/gcc/arm-none-eabi/9.1.0/../../../../arm-none-eabi/lib/armv6k/fpu\libg.a(lib_a-memmove.o)
                0x0000000000118770                memmove
 .text._Balloc  0x00000000001188c4       0x88 c:/devkitpro/devkitarm/bin/../lib/gcc/arm-none-eabi/9.1.0/../../../../arm-none-eabi/lib/armv6k/fpu\libg.a(lib_a-mprec.o)
                0x00000000001188c4                _Balloc
 .text._Bfree   0x000000000011894c       0x1c c:/devkitpro/devkitarm/bin/../lib/gcc/arm-none-eabi/9.1.0/../../../../arm-none-eabi/lib/armv6k/fpu\libg.a(lib_a-mprec.o)
                0x000000000011894c                _Bfree
 .text.__multadd
                0x0000000000118968       0xd0 c:/devkitpro/devkitarm/bin/../lib/gcc/arm-none-eabi/9.1.0/../../../../arm-none-eabi/lib/armv6k/fpu\libg.a(lib_a-mprec.o)
                0x0000000000118968                __multadd
 .text.__s2b    0x0000000000118a38       0xec c:/devkitpro/devkitarm/bin/../lib/gcc/arm-none-eabi/9.1.0/../../../../arm-none-eabi/lib/armv6k/fpu\libg.a(lib_a-mprec.o)
                0x0000000000118a38                __s2b
 .text.__hi0bits
                0x0000000000118b24       0x58 c:/devkitpro/devkitarm/bin/../lib/gcc/arm-none-eabi/9.1.0/../../../../arm-none-eabi/lib/armv6k/fpu\libg.a(lib_a-mprec.o)
                0x0000000000118b24                __hi0bits
 .text.__lo0bits
                0x0000000000118b7c       0x9c c:/devkitpro/devkitarm/bin/../lib/gcc/arm-none-eabi/9.1.0/../../../../arm-none-eabi/lib/armv6k/fpu\libg.a(lib_a-mprec.o)
                0x0000000000118b7c                __lo0bits
 .text.__i2b    0x0000000000118c18       0x20 c:/devkitpro/devkitarm/bin/../lib/gcc/arm-none-eabi/9.1.0/../../../../arm-none-eabi/lib/armv6k/fpu\libg.a(lib_a-mprec.o)
                0x0000000000118c18                __i2b
 .text.__multiply
                0x0000000000118c38      0x1e0 c:/devkitpro/devkitarm/bin/../lib/gcc/arm-none-eabi/9.1.0/../../../../arm-none-eabi/lib/armv6k/fpu\libg.a(lib_a-mprec.o)
                0x0000000000118c38                __multiply
 .text.__pow5mult
                0x0000000000118e18      0x100 c:/devkitpro/devkitarm/bin/../lib/gcc/arm-none-eabi/9.1.0/../../../../arm-none-eabi/lib/armv6k/fpu\libg.a(lib_a-mprec.o)
                0x0000000000118e18                __pow5mult
 .text.__lshift
                0x0000000000118f18      0x114 c:/devkitpro/devkitarm/bin/../lib/gcc/arm-none-eabi/9.1.0/../../../../arm-none-eabi/lib/armv6k/fpu\libg.a(lib_a-mprec.o)
                0x0000000000118f18                __lshift
 .text.__mcmp   0x000000000011902c       0x58 c:/devkitpro/devkitarm/bin/../lib/gcc/arm-none-eabi/9.1.0/../../../../arm-none-eabi/lib/armv6k/fpu\libg.a(lib_a-mprec.o)
                0x000000000011902c                __mcmp
 .text.__mdiff  0x0000000000119084      0x190 c:/devkitpro/devkitarm/bin/../lib/gcc/arm-none-eabi/9.1.0/../../../../arm-none-eabi/lib/armv6k/fpu\libg.a(lib_a-mprec.o)
                0x0000000000119084                __mdiff
 .text.__ulp    0x0000000000119214       0x88 c:/devkitpro/devkitarm/bin/../lib/gcc/arm-none-eabi/9.1.0/../../../../arm-none-eabi/lib/armv6k/fpu\libg.a(lib_a-mprec.o)
                0x0000000000119214                __ulp
 .text.__b2d    0x000000000011929c       0xd4 c:/devkitpro/devkitarm/bin/../lib/gcc/arm-none-eabi/9.1.0/../../../../arm-none-eabi/lib/armv6k/fpu\libg.a(lib_a-mprec.o)
                0x000000000011929c                __b2d
 .text.__d2b    0x0000000000119370      0x104 c:/devkitpro/devkitarm/bin/../lib/gcc/arm-none-eabi/9.1.0/../../../../arm-none-eabi/lib/armv6k/fpu\libg.a(lib_a-mprec.o)
                0x0000000000119370                __d2b
 .text.__ratio  0x0000000000119474       0x84 c:/devkitpro/devkitarm/bin/../lib/gcc/arm-none-eabi/9.1.0/../../../../arm-none-eabi/lib/armv6k/fpu\libg.a(lib_a-mprec.o)
                0x0000000000119474                __ratio
 .text.__copybits
                0x00000000001194f8       0x6c c:/devkitpro/devkitarm/bin/../lib/gcc/arm-none-eabi/9.1.0/../../../../arm-none-eabi/lib/armv6k/fpu\libg.a(lib_a-mprec.o)
                0x00000000001194f8                __copybits
 .text.__any_on
                0x0000000000119564       0x5c c:/devkitpro/devkitarm/bin/../lib/gcc/arm-none-eabi/9.1.0/../../../../arm-none-eabi/lib/armv6k/fpu\libg.a(lib_a-mprec.o)
                0x0000000000119564                __any_on
 .text.realloc  0x00000000001195c0       0x28 c:/devkitpro/devkitarm/bin/../lib/gcc/arm-none-eabi/9.1.0/../../../../arm-none-eabi/lib/armv6k/fpu\libg.a(lib_a-realloc.o)
                0x00000000001195c0                realloc
 .text._realloc_r
                0x00000000001195e8      0x4bc c:/devkitpro/devkitarm/bin/../lib/gcc/arm-none-eabi/9.1.0/../../../../arm-none-eabi/lib/armv6k/fpu\libg.a(lib_a-reallocr.o)
                0x00000000001195e8                _realloc_r
 .text.__sccl   0x0000000000119aa4       0xe8 c:/devkitpro/devkitarm/bin/../lib/gcc/arm-none-eabi/9.1.0/../../../../arm-none-eabi/lib/armv6k/fpu\libg.a(lib_a-sccl.o)
                0x0000000000119aa4                __sccl
 .text.nanf     0x0000000000119b8c        0xc c:/devkitpro/devkitarm/bin/../lib/gcc/arm-none-eabi/9.1.0/../../../../arm-none-eabi/lib/armv6k/fpu\libg.a(lib_a-sf_nan.o)
                0x0000000000119b8c                nanf
 .text.frexp    0x0000000000119b98       0xa8 c:/devkitpro/devkitarm/bin/../lib/gcc/arm-none-eabi/9.1.0/../../../../arm-none-eabi/lib/armv6k/fpu\libg.a(lib_a-s_frexp.o)
                0x0000000000119b98                frexp
 .text.sprintf  0x0000000000119c40       0x64 c:/devkitpro/devkitarm/bin/../lib/gcc/arm-none-eabi/9.1.0/../../../../arm-none-eabi/lib/armv6k/fpu\libg.a(lib_a-sprintf.o)
                0x0000000000119c40                sprintf
 .text.stpncpy  0x0000000000119ca4       0xb8 c:/devkitpro/devkitarm/bin/../lib/gcc/arm-none-eabi/9.1.0/../../../../arm-none-eabi/lib/armv6k/fpu\libg.a(lib_a-stpncpy.o)
                0x0000000000119ca4                stpncpy
 .text.strchr   0x0000000000119d5c      0x144 c:/devkitpro/devkitarm/bin/../lib/gcc/arm-none-eabi/9.1.0/../../../../arm-none-eabi/lib/armv6k/fpu\libg.a(lib_a-strchr.o)
                0x0000000000119d5c                strchr
 .text.strncmp  0x0000000000119ea0       0xec c:/devkitpro/devkitarm/bin/../lib/gcc/arm-none-eabi/9.1.0/../../../../arm-none-eabi/lib/armv6k/fpu\libg.a(lib_a-strncmp.o)
                0x0000000000119ea0                strncmp
 .text.sulp     0x0000000000119f8c       0x54 c:/devkitpro/devkitarm/bin/../lib/gcc/arm-none-eabi/9.1.0/../../../../arm-none-eabi/lib/armv6k/fpu\libg.a(lib_a-strtod.o)
 .text._strtod_l
                0x0000000000119fe0     0x1414 c:/devkitpro/devkitarm/bin/../lib/gcc/arm-none-eabi/9.1.0/../../../../arm-none-eabi/lib/armv6k/fpu\libg.a(lib_a-strtod.o)
                0x0000000000119fe0                _strtod_l
 .text._strtod_r
                0x000000000011b3f4        0xc c:/devkitpro/devkitarm/bin/../lib/gcc/arm-none-eabi/9.1.0/../../../../arm-none-eabi/lib/armv6k/fpu\libg.a(lib_a-strtod.o)
                0x000000000011b3f4                _strtod_r
 .text._strtoll_l.isra.0
                0x000000000011b400      0x23c c:/devkitpro/devkitarm/bin/../lib/gcc/arm-none-eabi/9.1.0/../../../../arm-none-eabi/lib/armv6k/fpu\libg.a(lib_a-strtoll.o)
 .text._strtoll_r
                0x000000000011b63c        0x4 c:/devkitpro/devkitarm/bin/../lib/gcc/arm-none-eabi/9.1.0/../../../../arm-none-eabi/lib/armv6k/fpu\libg.a(lib_a-strtoll.o)
                0x000000000011b63c                _strtoll_r
 .text._strtol_l.isra.0
                0x000000000011b640      0x1b4 c:/devkitpro/devkitarm/bin/../lib/gcc/arm-none-eabi/9.1.0/../../../../arm-none-eabi/lib/armv6k/fpu\libg.a(lib_a-strtol.o)
 .text._strtol_r
                0x000000000011b7f4        0x4 c:/devkitpro/devkitarm/bin/../lib/gcc/arm-none-eabi/9.1.0/../../../../arm-none-eabi/lib/armv6k/fpu\libg.a(lib_a-strtol.o)
                0x000000000011b7f4                _strtol_r
 .text._strtoull_l.isra.0
                0x000000000011b7f8      0x24c c:/devkitpro/devkitarm/bin/../lib/gcc/arm-none-eabi/9.1.0/../../../../arm-none-eabi/lib/armv6k/fpu\libg.a(lib_a-strtoull.o)
 .text._strtoull_r
                0x000000000011ba44        0x4 c:/devkitpro/devkitarm/bin/../lib/gcc/arm-none-eabi/9.1.0/../../../../arm-none-eabi/lib/armv6k/fpu\libg.a(lib_a-strtoull.o)
                0x000000000011ba44                _strtoull_r
 .text._strtoul_l.isra.0
                0x000000000011ba48      0x1c8 c:/devkitpro/devkitarm/bin/../lib/gcc/arm-none-eabi/9.1.0/../../../../arm-none-eabi/lib/armv6k/fpu\libg.a(lib_a-strtoul.o)
 .text._strtoul_r
                0x000000000011bc10        0x4 c:/devkitpro/devkitarm/bin/../lib/gcc/arm-none-eabi/9.1.0/../../../../arm-none-eabi/lib/armv6k/fpu\libg.a(lib_a-strtoul.o)
                0x000000000011bc10                _strtoul_r
 .text.__ssprint_r
                0x000000000011bc14      0x188 c:/devkitpro/devkitarm/bin/../lib/gcc/arm-none-eabi/9.1.0/../../../../arm-none-eabi/lib/armv6k/fpu\libg.a(lib_a-svfiprintf.o)
                0x000000000011bc14                __ssprint_r
 .text._sungetc_r
                0x000000000011bd9c       0xe0 c:/devkitpro/devkitarm/bin/../lib/gcc/arm-none-eabi/9.1.0/../../../../arm-none-eabi/lib/armv6k/fpu\libg.a(lib_a-svfiscanf.o)
                0x000000000011bd9c                _sungetc_r
 .text.__ssrefill_r
                0x000000000011be7c       0x6c c:/devkitpro/devkitarm/bin/../lib/gcc/arm-none-eabi/9.1.0/../../../../arm-none-eabi/lib/armv6k/fpu\libg.a(lib_a-svfiscanf.o)
                0x000000000011be7c                __ssrefill_r
 .text._sfread_r
                0x000000000011bee8       0xc8 c:/devkitpro/devkitarm/bin/../lib/gcc/arm-none-eabi/9.1.0/../../../../arm-none-eabi/lib/armv6k/fpu\libg.a(lib_a-svfiscanf.o)
                0x000000000011bee8                _sfread_r
 .text.get_arg  0x000000000011bfb0      0x650 c:/devkitpro/devkitarm/bin/../lib/gcc/arm-none-eabi/9.1.0/../../../../arm-none-eabi/lib/armv6k/fpu\libg.a(lib_a-svfprintf.o)
 .text._svfprintf_r
                0x000000000011c600     0x3814 c:/devkitpro/devkitarm/bin/../lib/gcc/arm-none-eabi/9.1.0/../../../../arm-none-eabi/lib/armv6k/fpu\libg.a(lib_a-svfprintf.o)
                0x000000000011c600                _svfprintf_r
 .text.__submore
                0x000000000011fe14       0xa8 c:/devkitpro/devkitarm/bin/../lib/gcc/arm-none-eabi/9.1.0/../../../../arm-none-eabi/lib/armv6k/fpu\libg.a(lib_a-ungetc.o)
                0x000000000011fe14                __submore
 .text._wcsnrtombs_l
                0x000000000011febc      0x190 c:/devkitpro/devkitarm/bin/../lib/gcc/arm-none-eabi/9.1.0/../../../../arm-none-eabi/lib/armv6k/fpu\libg.a(lib_a-wcsnrtombs.o)
                0x000000000011febc                _wcsnrtombs_l
 .text._wcsnrtombs_r
                0x000000000012004c       0x48 c:/devkitpro/devkitarm/bin/../lib/gcc/arm-none-eabi/9.1.0/../../../../arm-none-eabi/lib/armv6k/fpu\libg.a(lib_a-wcsnrtombs.o)
                0x000000000012004c                _wcsnrtombs_r
 .text.__utf8_wctomb
                0x0000000000120094       0xf0 c:/devkitpro/devkitarm/bin/../lib/gcc/arm-none-eabi/9.1.0/../../../../arm-none-eabi/lib/armv6k/fpu\libg.a(lib_a-wctomb_r.o)
                0x0000000000120094                __utf8_wctomb
 .text._fclose_r
                0x0000000000120184      0x160 c:/devkitpro/devkitarm/bin/../lib/gcc/arm-none-eabi/9.1.0/../../../../arm-none-eabi/lib/armv6k/fpu\libg.a(lib_a-fclose.o)
                0x0000000000120184                _fclose_r
 .text.rshift   0x00000000001202e4       0xec c:/devkitpro/devkitarm/bin/../lib/gcc/arm-none-eabi/9.1.0/../../../../arm-none-eabi/lib/armv6k/fpu\libg.a(lib_a-gdtoa-gethex.o)
 .text.__gethex
                0x00000000001203d0      0x828 c:/devkitpro/devkitarm/bin/../lib/gcc/arm-none-eabi/9.1.0/../../../../arm-none-eabi/lib/armv6k/fpu\libg.a(lib_a-gdtoa-gethex.o)
                0x00000000001203d0                __gethex
 .text.__match  0x0000000000120bf8       0x60 c:/devkitpro/devkitarm/bin/../lib/gcc/arm-none-eabi/9.1.0/../../../../arm-none-eabi/lib/armv6k/fpu\libg.a(lib_a-gdtoa-hexnan.o)
                0x0000000000120bf8                __match
 .text.__hexnan
                0x0000000000120c58      0x28c c:/devkitpro/devkitarm/bin/../lib/gcc/arm-none-eabi/9.1.0/../../../../arm-none-eabi/lib/armv6k/fpu\libg.a(lib_a-gdtoa-hexnan.o)
                0x0000000000120c58                __hexnan
 .text.iswspace_l
                0x0000000000120ee4       0x3c c:/devkitpro/devkitarm/bin/../lib/gcc/arm-none-eabi/9.1.0/../../../../arm-none-eabi/lib/armv6k/fpu\libg.a(lib_a-iswspace_l.o)
                0x0000000000120ee4                iswspace_l
 .text.__jp2uc  0x0000000000120f20      0x1e0 c:/devkitpro/devkitarm/bin/../lib/gcc/arm-none-eabi/9.1.0/../../../../arm-none-eabi/lib/armv6k/fpu\libg.a(lib_a-jp2uc.o)
 .text._jp2uc_l
                0x0000000000121100       0x94 c:/devkitpro/devkitarm/bin/../lib/gcc/arm-none-eabi/9.1.0/../../../../arm-none-eabi/lib/armv6k/fpu\libg.a(lib_a-jp2uc.o)
                0x0000000000121100                _jp2uc_l
 *fill*         0x0000000000121194        0x4 
 .text.nan      0x0000000000121198       0x10 c:/devkitpro/devkitarm/bin/../lib/gcc/arm-none-eabi/9.1.0/../../../../arm-none-eabi/lib/armv6k/fpu\libg.a(lib_a-s_nan.o)
                0x0000000000121198                nan
 .text.category
                0x00000000001211a8       0x88 c:/devkitpro/devkitarm/bin/../lib/gcc/arm-none-eabi/9.1.0/../../../../arm-none-eabi/lib/armv6k/fpu\libg.a(lib_a-categories.o)
                0x00000000001211a8                category
 .text.null_write
                0x0000000000121230        0x8 c:/devkitpro/devkitarm/bin/../lib/gcc/arm-none-eabi/9.1.0/../../../../arm-none-eabi/lib/armv6k/fpu\libsysbase.a(iosupport.o)
 .text.setDefaultDevice
                0x0000000000121238       0x18 c:/devkitpro/devkitarm/bin/../lib/gcc/arm-none-eabi/9.1.0/../../../../arm-none-eabi/lib/armv6k/fpu\libsysbase.a(iosupport.o)
                0x0000000000121238                setDefaultDevice
 .text.FindDevice
                0x0000000000121250       0xc8 c:/devkitpro/devkitarm/bin/../lib/gcc/arm-none-eabi/9.1.0/../../../../arm-none-eabi/lib/armv6k/fpu\libsysbase.a(iosupport.o)
                0x0000000000121250                FindDevice
 .text.RemoveDevice
                0x0000000000121318       0x28 c:/devkitpro/devkitarm/bin/../lib/gcc/arm-none-eabi/9.1.0/../../../../arm-none-eabi/lib/armv6k/fpu\libsysbase.a(iosupport.o)
                0x0000000000121318                RemoveDevice
 .text.AddDevice
                0x0000000000121340       0x9c c:/devkitpro/devkitarm/bin/../lib/gcc/arm-none-eabi/9.1.0/../../../../arm-none-eabi/lib/armv6k/fpu\libsysbase.a(iosupport.o)
                0x0000000000121340                AddDevice
 .text._fstat_r
                0x00000000001213dc       0x78 c:/devkitpro/devkitarm/bin/../lib/gcc/arm-none-eabi/9.1.0/../../../../arm-none-eabi/lib/armv6k/fpu\libsysbase.a(fstat.o)
                0x00000000001213dc                _fstat_r
 .text._isatty_r
                0x0000000000121454        0x8 c:/devkitpro/devkitarm/bin/../lib/gcc/arm-none-eabi/9.1.0/../../../../arm-none-eabi/lib/armv6k/fpu\libsysbase.a(isatty.o)
                0x0000000000121454                _isatty_r
 .text._lseek_r
                0x000000000012145c       0x84 c:/devkitpro/devkitarm/bin/../lib/gcc/arm-none-eabi/9.1.0/../../../../arm-none-eabi/lib/armv6k/fpu\libsysbase.a(lseek.o)
                0x000000000012145c                _lseek_r
 .text._read_r  0x00000000001214e0       0x80 c:/devkitpro/devkitarm/bin/../lib/gcc/arm-none-eabi/9.1.0/../../../../arm-none-eabi/lib/armv6k/fpu\libsysbase.a(read.o)
                0x00000000001214e0                _read_r
 .text._sbrk_r  0x0000000000121560       0x78 c:/devkitpro/devkitarm/bin/../lib/gcc/arm-none-eabi/9.1.0/../../../../arm-none-eabi/lib/armv6k/fpu\libsysbase.a(sbrk.o)
                0x0000000000121560                _sbrk_r
 .text._write_r
                0x00000000001215d8       0x80 c:/devkitpro/devkitarm/bin/../lib/gcc/arm-none-eabi/9.1.0/../../../../arm-none-eabi/lib/armv6k/fpu\libsysbase.a(write.o)
                0x00000000001215d8                _write_r
 .text._exit    0x0000000000121658       0x24 c:/devkitpro/devkitarm/bin/../lib/gcc/arm-none-eabi/9.1.0/../../../../arm-none-eabi/lib/armv6k/fpu\libsysbase.a(_exit.o)
                0x0000000000121658                _exit
 .text._concatenate_path
                0x000000000012167c      0x1bc c:/devkitpro/devkitarm/bin/../lib/gcc/arm-none-eabi/9.1.0/../../../../arm-none-eabi/lib/armv6k/fpu\libsysbase.a(chdir.o)
                0x000000000012167c                _concatenate_path
 .text.chdir    0x0000000000121838      0x15c c:/devkitpro/devkitarm/bin/../lib/gcc/arm-none-eabi/9.1.0/../../../../arm-none-eabi/lib/armv6k/fpu\libsysbase.a(chdir.o)
                0x0000000000121838                chdir
 .text.__flockfile
                0x0000000000121994        0x8 c:/devkitpro/devkitarm/bin/../lib/gcc/arm-none-eabi/9.1.0/../../../../arm-none-eabi/lib/armv6k/fpu\libsysbase.a(flock.o)
                0x0000000000121994                __flockfile
 .text.__funlockfile
                0x000000000012199c        0x8 c:/devkitpro/devkitarm/bin/../lib/gcc/arm-none-eabi/9.1.0/../../../../arm-none-eabi/lib/armv6k/fpu\libsysbase.a(flock.o)
                0x000000000012199c                __funlockfile
 .text.__libc_lock_acquire
                0x00000000001219a4       0x18 c:/devkitpro/devkitarm/bin/../lib/gcc/arm-none-eabi/9.1.0/../../../../arm-none-eabi/lib/armv6k/fpu\libsysbase.a(syscall_support.o)
                0x00000000001219a4                __libc_lock_acquire
 .text.__libc_lock_release
                0x00000000001219bc       0x18 c:/devkitpro/devkitarm/bin/../lib/gcc/arm-none-eabi/9.1.0/../../../../arm-none-eabi/lib/armv6k/fpu\libsysbase.a(syscall_support.o)
                0x00000000001219bc                __libc_lock_release